#
# There is insufficient memory for the Java Runtime Environment to continue.
# Native memory allocation (mmap) failed to map 199753728 bytes for committing reserved memory.
# Possible reasons:
#   The system is out of physical RAM or swap space
#   The process is running with CompressedOops enabled, and the Java Heap may be blocking the growth of the native heap
# Possible solutions:
#   Reduce memory load on the system
#   Increase physical memory or swap space
#   Check if swap backing store is full
#   Decrease Java heap size (-Xmx/-Xms)
#   Decrease number of Java threads
#   Decrease Java thread stack sizes (-Xss)
#   Set larger code cache with -XX:ReservedCodeCacheSize=
#   JVM is running with Zero Based Compressed Oops mode in which the Java heap is
#     placed in the first 32GB address space. The Java Heap base address is the
#     maximum limit for the native heap growth. Please use -XX:HeapBaseMinAddress
#     to set the Java Heap base and to place the Java Heap above 32GB virtual address.
# This output file may be truncated or incomplete.
#
#  Out of Memory Error (os_linux.cpp:2757), pid=8682, tid=0x00007f7fa7efe700
#
# JRE version: OpenJDK Runtime Environment (8.0_222-b10) (build 1.8.0_222-8u222-b10-1ubuntu1~18.04.1-b10)
# Java VM: OpenJDK 64-Bit Server VM (25.222-b10 mixed mode linux-amd64 compressed oops)
# Failed to write core dump. Core dumps have been disabled. To enable core dumping, try "ulimit -c unlimited" before starting Java again
#

---------------  T H R E A D  ---------------

Current thread (0x00007f7fbc082800):  VMThread [stack: 0x00007f7fa7dff000,0x00007f7fa7eff000] [id=8691]

Stack: [0x00007f7fa7dff000,0x00007f7fa7eff000],  sp=0x00007f7fa7efd470,  free space=1017k
Native frames: (J=compiled Java code, j=interpreted, Vv=VM code, C=native code)
V  [libjvm.so+0xab8992]
V  [libjvm.so+0x4dbfd7]
V  [libjvm.so+0x8f33a0]
V  [libjvm.so+0x8ea46e]
V  [libjvm.so+0x96e106]
V  [libjvm.so+0x96f478]
V  [libjvm.so+0x96ba76]
V  [libjvm.so+0x9641f9]
V  [libjvm.so+0x457273]
V  [libjvm.so+0xab9b11]
V  [libjvm.so+0xabf1d6]
V  [libjvm.so+0xabd4d5]
V  [libjvm.so+0xabddad]
V  [libjvm.so+0xabe1b8]
V  [libjvm.so+0x8f0732]

VM_Operation (0x00007f7fc665b670): CollectForMetadataAllocation, mode: safepoint, requested by thread 0x00007f7fbc014800


---------------  P R O C E S S  ---------------

Java Threads: ( => current thread )
  0x00007f7f4002e800 JavaThread "mysql-cj-abandoned-connection-cleanup" daemon [_thread_blocked, id=9298, stack(0x00007f7f9cbfd000,0x00007f7f9ccfe000)]
  0x00007f7fbd02f800 JavaThread "com.mchange.v2.async.ThreadPoolAsynchronousRunner$PoolThread-#2" daemon [_thread_blocked, id=9297, stack(0x00007f7f9cefe000,0x00007f7f9cfff000)]
  0x00007f7fbd02e800 JavaThread "com.mchange.v2.async.ThreadPoolAsynchronousRunner$PoolThread-#1" daemon [_thread_blocked, id=9296, stack(0x00007f7fa4091000,0x00007f7fa4192000)]
  0x00007f7fbd043800 JavaThread "com.mchange.v2.async.ThreadPoolAsynchronousRunner$PoolThread-#0" daemon [_thread_blocked, id=9295, stack(0x00007f7fa4192000,0x00007f7fa4293000)]
  0x00007f7fbd035000 JavaThread "Timer-0" daemon [_thread_blocked, id=9294, stack(0x00007f7fa4293000,0x00007f7fa4394000)]
  0x00007f7fbc0c1000 JavaThread "container-0" [_thread_blocked, id=9291, stack(0x00007f7fa4394000,0x00007f7fa4495000)]
  0x00007f7f508df000 JavaThread "ContainerBackgroundProcessor[StandardEngine[Tomcat].StandardHost[localhost].StandardContext[]]" daemon [_thread_blocked, id=9288, stack(0x00007f7fa4495000,0x00007f7fa4596000)]
  0x00007f7fbd561800 JavaThread "commons-pool-EvictionTimer" daemon [_thread_blocked, id=9257, stack(0x00007f7fa4c9c000,0x00007f7fa4d9d000)]
  0x00007f7fbc0ed000 JavaThread "Service Thread" daemon [_thread_blocked, id=8787, stack(0x00007f7fa71ef000,0x00007f7fa72f0000)]
  0x00007f7fbc0d9800 JavaThread "C1 CompilerThread2" daemon [_thread_blocked, id=8786, stack(0x00007f7fa72f1000,0x00007f7fa73f1000)]
  0x00007f7fbc0d7800 JavaThread "C2 CompilerThread1" daemon [_thread_blocked, id=8785, stack(0x00007f7fa73f2000,0x00007f7fa74f2000)]
  0x00007f7fbc0d4800 JavaThread "C2 CompilerThread0" daemon [_thread_blocked, id=8784, stack(0x00007f7fa74f3000,0x00007f7fa75f3000)]
  0x00007f7f74001000 JavaThread "JDWP Command Reader" daemon [_thread_in_native, id=8697, stack(0x00007f7fa75f3000,0x00007f7fa76f4000)]
  0x00007f7fbc0d2800 JavaThread "JDWP Event Helper Thread" daemon [_thread_blocked, id=8696, stack(0x00007f7fa76f4000,0x00007f7fa77f5000)]
  0x00007f7fbc0cf000 JavaThread "JDWP Transport Listener: dt_socket" daemon [_thread_blocked, id=8695, stack(0x00007f7fa77f5000,0x00007f7fa78f6000)]
  0x00007f7fbc0bf800 JavaThread "Signal Dispatcher" daemon [_thread_blocked, id=8694, stack(0x00007f7fa7afb000,0x00007f7fa7bfc000)]
  0x00007f7fbc08e800 JavaThread "Finalizer" daemon [_thread_blocked, id=8693, stack(0x00007f7fa7bfc000,0x00007f7fa7cfd000)]
  0x00007f7fbc08c000 JavaThread "Reference Handler" daemon [_thread_blocked, id=8692, stack(0x00007f7fa7cfd000,0x00007f7fa7dfe000)]
  0x00007f7fbc014800 JavaThread "main" [_thread_blocked, id=8686, stack(0x00007f7fc6563000,0x00007f7fc6663000)]

Other Threads:
=>0x00007f7fbc082800 VMThread [stack: 0x00007f7fa7dff000,0x00007f7fa7eff000] [id=8691]
  0x00007f7fbc0ef800 WatcherThread [stack: 0x00007f7fa70ef000,0x00007f7fa71ef000] [id=8788]

VM state:at safepoint (normal execution)

VM Mutex/Monitor currently owned by a thread:  ([mutex/lock_event])
[0x00007f7fbc010d40] Threads_lock - owner thread: 0x00007f7fbc082800
[0x00007f7fbc011240] Heap_lock - owner thread: 0x00007f7fbc014800

heap address: 0x0000000706200000, size: 2974 MB, Compressed Oops mode: Zero based, Oop shift amount: 3
Narrow klass base: 0x0000000000000000, Narrow klass shift: 3
Compressed class space size: 1073741824 Address: 0x00000007c0000000

Heap:
 PSYoungGen      total 437248K, used 16866K [0x0000000782100000, 0x000000079e200000, 0x00000007c0000000)
  eden space 420352K, 0% used [0x0000000782100000,0x0000000782100000,0x000000079bb80000)
  from space 16896K, 99% used [0x000000079c100000,0x000000079d178868,0x000000079d180000)
  to   space 14848K, 0% used [0x000000079d380000,0x000000079d380000,0x000000079e200000)
 ParOldGen       total 97792K, used 48970K [0x0000000706200000, 0x000000070c180000, 0x0000000782100000)
  object space 97792K, 50% used [0x0000000706200000,0x00000007091d2950,0x000000070c180000)
 Metaspace       used 58351K, capacity 58840K, committed 59096K, reserved 1101824K
  class space    used 6767K, capacity 6900K, committed 6912K, reserved 1048576K

Card table byte_map: [0x00007f7fc1727000,0x00007f7fc1cf7000] byte_map_base: 0x00007f7fbdef6000

Marking Bits: (ParMarkBitMap*) 0x00007f7fc5804360
 Begin Bits: [0x00007f7f8a310000, 0x00007f7f8d188000)
 End Bits:   [0x00007f7f8d188000, 0x00007f7f90000000)

Polling page: 0x00007f7fc6685000

CodeCache: size=245760Kb used=20527Kb max_used=20538Kb free=225232Kb
 bounds [0x00007f7fad000000, 0x00007f7fae430000, 0x00007f7fbc000000]
 total_blobs=5036 nmethods=4559 adapters=399
 compilation: enabled

Compilation events (10 events):
Event: 48,743 Thread 0x00007f7fbc0d7800 nmethod 5481 0x00007f7fae3f9d50 code [0x00007f7fae3f9ee0, 0x00007f7fae3fa148]
Event: 48,745 Thread 0x00007f7fbc0d9800 nmethod 5478 0x00007f7fae411a90 code [0x00007f7fae412520, 0x00007f7fae419988]
Event: 48,745 Thread 0x00007f7fbc0d9800 5479       3       org.hibernate.cfg.annotations.CollectionBinder::setCache (57 bytes)
Event: 48,746 Thread 0x00007f7fbc0d9800 nmethod 5479 0x00007f7fae404650 code [0x00007f7fae404840, 0x00007f7fae405108]
Event: 48,746 Thread 0x00007f7fbc0d9800 5480       3       org.hibernate.cfg.AnnotationBinder::bindJoinedTableAssociation (366 bytes)
Event: 48,747 Thread 0x00007f7fbc0d9800 nmethod 5480 0x00007f7fae41e690 code [0x00007f7fae41ea60, 0x00007f7fae420f18]
Event: 48,756 Thread 0x00007f7fbc0d7800 5482       4       org.hibernate.internal.util.StringHelper::isEmpty (17 bytes)
Event: 48,756 Thread 0x00007f7fbc0d7800 nmethod 5482 0x00007f7fae40eb50 code [0x00007f7fae40eca0, 0x00007f7fae40ed38]
Event: 48,762 Thread 0x00007f7fbc0d7800 5483       4       java.lang.reflect.Field::equals (57 bytes)
Event: 48,762 Thread 0x00007f7fbc0d7800 nmethod 5483 0x00007f7fae404290 code [0x00007f7fae4043e0, 0x00007f7fae404518]

GC Heap History (10 events):
Event: 22,126 GC heap after
Heap after GC invocations=10 (full 1):
 PSYoungGen      total 205824K, used 12588K [0x0000000782100000, 0x0000000795a00000, 0x00000007c0000000)
  eden space 192512K, 0% used [0x0000000782100000,0x0000000782100000,0x000000078dd00000)
  from space 13312K, 94% used [0x000000078dd00000,0x000000078e94b308,0x000000078ea00000)
  to   space 13824K, 0% used [0x0000000794c80000,0x0000000794c80000,0x0000000795a00000)
 ParOldGen       total 81920K, used 23347K [0x0000000706200000, 0x000000070b200000, 0x0000000782100000)
  object space 81920K, 28% used [0x0000000706200000,0x00000007078cced8,0x000000070b200000)
 Metaspace       used 29861K, capacity 30100K, committed 30336K, reserved 1077248K
  class space    used 3397K, capacity 3448K, committed 3456K, reserved 1048576K
}
Event: 26,169 GC heap before
{Heap before GC invocations=11 (full 1):
 PSYoungGen      total 205824K, used 205100K [0x0000000782100000, 0x0000000795a00000, 0x00000007c0000000)
  eden space 192512K, 100% used [0x0000000782100000,0x000000078dd00000,0x000000078dd00000)
  from space 13312K, 94% used [0x000000078dd00000,0x000000078e94b308,0x000000078ea00000)
  to   space 13824K, 0% used [0x0000000794c80000,0x0000000794c80000,0x0000000795a00000)
 ParOldGen       total 81920K, used 23347K [0x0000000706200000, 0x000000070b200000, 0x0000000782100000)
  object space 81920K, 28% used [0x0000000706200000,0x00000007078cced8,0x000000070b200000)
 Metaspace       used 29889K, capacity 30170K, committed 30336K, reserved 1077248K
  class space    used 3401K, capacity 3449K, committed 3456K, reserved 1048576K
Event: 26,194 GC heap after
Heap after GC invocations=11 (full 1):
 PSYoungGen      total 301568K, used 4989K [0x0000000782100000, 0x0000000795880000, 0x00000007c0000000)
  eden space 289280K, 0% used [0x0000000782100000,0x0000000782100000,0x0000000793b80000)
  from space 12288K, 40% used [0x0000000794c80000,0x000000079515f728,0x0000000795880000)
  to   space 14848K, 0% used [0x0000000793b80000,0x0000000793b80000,0x0000000794a00000)
 ParOldGen       total 81920K, used 23347K [0x0000000706200000, 0x000000070b200000, 0x0000000782100000)
  object space 81920K, 28% used [0x0000000706200000,0x00000007078cced8,0x000000070b200000)
 Metaspace       used 29889K, capacity 30170K, committed 30336K, reserved 1077248K
  class space    used 3401K, capacity 3449K, committed 3456K, reserved 1048576K
}
Event: 28,422 GC heap before
{Heap before GC invocations=12 (full 1):
 PSYoungGen      total 301568K, used 147514K [0x0000000782100000, 0x0000000795880000, 0x00000007c0000000)
  eden space 289280K, 49% used [0x0000000782100000,0x000000078ac2f348,0x0000000793b80000)
  from space 12288K, 40% used [0x0000000794c80000,0x000000079515f728,0x0000000795880000)
  to   space 14848K, 0% used [0x0000000793b80000,0x0000000793b80000,0x0000000794a00000)
 ParOldGen       total 81920K, used 23347K [0x0000000706200000, 0x000000070b200000, 0x0000000782100000)
  object space 81920K, 28% used [0x0000000706200000,0x00000007078cced8,0x000000070b200000)
 Metaspace       used 34932K, capacity 35206K, committed 35456K, reserved 1081344K
  class space    used 4026K, capacity 4107K, committed 4224K, reserved 1048576K
Event: 28,441 GC heap after
Heap after GC invocations=12 (full 1):
 PSYoungGen      total 304128K, used 8551K [0x0000000782100000, 0x000000079e200000, 0x00000007c0000000)
  eden space 289280K, 0% used [0x0000000782100000,0x0000000782100000,0x0000000793b80000)
  from space 14848K, 57% used [0x0000000793b80000,0x00000007943d9da8,0x0000000794a00000)
  to   space 14848K, 0% used [0x000000079d380000,0x000000079d380000,0x000000079e200000)
 ParOldGen       total 81920K, used 26026K [0x0000000706200000, 0x000000070b200000, 0x0000000782100000)
  object space 81920K, 31% used [0x0000000706200000,0x0000000707b6a8e8,0x000000070b200000)
 Metaspace       used 34932K, capacity 35206K, committed 35456K, reserved 1081344K
  class space    used 4026K, capacity 4107K, committed 4224K, reserved 1048576K
}
Event: 28,441 GC heap before
{Heap before GC invocations=13 (full 2):
 PSYoungGen      total 304128K, used 8551K [0x0000000782100000, 0x000000079e200000, 0x00000007c0000000)
  eden space 289280K, 0% used [0x0000000782100000,0x0000000782100000,0x0000000793b80000)
  from space 14848K, 57% used [0x0000000793b80000,0x00000007943d9da8,0x0000000794a00000)
  to   space 14848K, 0% used [0x000000079d380000,0x000000079d380000,0x000000079e200000)
 ParOldGen       total 81920K, used 26026K [0x0000000706200000, 0x000000070b200000, 0x0000000782100000)
  object space 81920K, 31% used [0x0000000706200000,0x0000000707b6a8e8,0x000000070b200000)
 Metaspace       used 34932K, capacity 35206K, committed 35456K, reserved 1081344K
  class space    used 4026K, capacity 4107K, committed 4224K, reserved 1048576K
Event: 28,509 GC heap after
Heap after GC invocations=13 (full 2):
 PSYoungGen      total 304128K, used 0K [0x0000000782100000, 0x000000079e200000, 0x00000007c0000000)
  eden space 289280K, 0% used [0x0000000782100000,0x0000000782100000,0x0000000793b80000)
  from space 14848K, 0% used [0x0000000793b80000,0x0000000793b80000,0x0000000794a00000)
  to   space 14848K, 0% used [0x000000079d380000,0x000000079d380000,0x000000079e200000)
 ParOldGen       total 97792K, used 26565K [0x0000000706200000, 0x000000070c180000, 0x0000000782100000)
  object space 97792K, 27% used [0x0000000706200000,0x0000000707bf1730,0x000000070c180000)
 Metaspace       used 34932K, capacity 35206K, committed 35456K, reserved 1081344K
  class space    used 4026K, capacity 4107K, committed 4224K, reserved 1048576K
}
Event: 33,091 GC heap before
{Heap before GC invocations=14 (full 2):
 PSYoungGen      total 304128K, used 289280K [0x0000000782100000, 0x000000079e200000, 0x00000007c0000000)
  eden space 289280K, 100% used [0x0000000782100000,0x0000000793b80000,0x0000000793b80000)
  from space 14848K, 0% used [0x0000000793b80000,0x0000000793b80000,0x0000000794a00000)
  to   space 14848K, 0% used [0x000000079d380000,0x000000079d380000,0x000000079e200000)
 ParOldGen       total 97792K, used 26565K [0x0000000706200000, 0x000000070c180000, 0x0000000782100000)
  object space 97792K, 27% used [0x0000000706200000,0x0000000707bf1730,0x000000070c180000)
 Metaspace       used 45278K, capacity 45740K, committed 46080K, reserved 1089536K
  class space    used 5242K, capacity 5346K, committed 5376K, reserved 1048576K
Event: 33,156 GC heap after
Heap after GC invocations=14 (full 2):
 PSYoungGen      total 435200K, used 14845K [0x0000000782100000, 0x000000079e200000, 0x00000007c0000000)
  eden space 420352K, 0% used [0x0000000782100000,0x0000000782100000,0x000000079bb80000)
  from space 14848K, 99% used [0x000000079d380000,0x000000079e1ff7a0,0x000000079e200000)
  to   space 16896K, 0% used [0x000000079c100000,0x000000079c100000,0x000000079d180000)
 ParOldGen       total 97792K, used 29664K [0x0000000706200000, 0x000000070c180000, 0x0000000782100000)
  object space 97792K, 30% used [0x0000000706200000,0x0000000707ef83a8,0x000000070c180000)
 Metaspace       used 45278K, capacity 45740K, committed 46080K, reserved 1089536K
  class space    used 5242K, capacity 5346K, committed 5376K, reserved 1048576K
}
Event: 48,772 GC heap before
{Heap before GC invocations=15 (full 2):
 PSYoungGen      total 435200K, used 409008K [0x0000000782100000, 0x000000079e200000, 0x00000007c0000000)
  eden space 420352K, 93% used [0x0000000782100000,0x000000079a1eca90,0x000000079bb80000)
  from space 14848K, 99% used [0x000000079d380000,0x000000079e1ff7a0,0x000000079e200000)
  to   space 16896K, 0% used [0x000000079c100000,0x000000079c100000,0x000000079d180000)
 ParOldGen       total 97792K, used 29664K [0x0000000706200000, 0x000000070c180000, 0x0000000782100000)
  object space 97792K, 30% used [0x0000000706200000,0x0000000707ef83a8,0x000000070c180000)
 Metaspace       used 58351K, capacity 58840K, committed 59096K, reserved 1101824K
  class space    used 6767K, capacity 6900K, committed 6912K, reserved 1048576K

Deoptimization events (10 events):
Event: 46,485 Thread 0x00007f7fbc014800 Uncommon trap: reason=class_check action=maybe_recompile pc=0x00007f7fad6d448c method=java.lang.Class.getAnnotation(Ljava/lang/Class;)Ljava/lang/annotation/Annotation; @ 18
Event: 46,485 Thread 0x00007f7fbc014800 Uncommon trap: reason=class_check action=maybe_recompile pc=0x00007f7fad6d448c method=java.lang.Class.getAnnotation(Ljava/lang/Class;)Ljava/lang/annotation/Annotation; @ 18
Event: 46,785 Thread 0x00007f7fbc014800 Uncommon trap: reason=null_check action=make_not_entrant pc=0x00007f7fae1254f0 method=org.hibernate.annotations.common.reflection.java.generics.TypeSwitch.doSwitch(Ljava/lang/reflect/Type;)Ljava/lang/Object; @ 1
Event: 46,860 Thread 0x00007f7fbc014800 Uncommon trap: reason=unstable_if action=reinterpret pc=0x00007f7fad15af48 method=java.lang.reflect.AnnotatedElement.isAnnotationPresent(Ljava/lang/Class;)Z @ 7
Event: 46,895 Thread 0x00007f7fbc014800 Uncommon trap: reason=unstable_if action=reinterpret pc=0x00007f7fad582180 method=sun.reflect.annotation.AnnotationParser.parseSig(Ljava/lang/String;Ljava/lang/Class;)Ljava/lang/Class; @ 6
Event: 47,101 Thread 0x00007f7fbc014800 Uncommon trap: reason=class_check action=maybe_recompile pc=0x00007f7fae12d838 method=org.hibernate.annotations.common.reflection.java.generics.TypeSwitch.doSwitch(Ljava/lang/reflect/Type;)Ljava/lang/Object; @ 1
Event: 47,101 Thread 0x00007f7fbc014800 Uncommon trap: reason=class_check action=maybe_recompile pc=0x00007f7fae12d838 method=org.hibernate.annotations.common.reflection.java.generics.TypeSwitch.doSwitch(Ljava/lang/reflect/Type;)Ljava/lang/Object; @ 1
Event: 47,102 Thread 0x00007f7fbc014800 Uncommon trap: reason=class_check action=maybe_recompile pc=0x00007f7fae12d838 method=org.hibernate.annotations.common.reflection.java.generics.TypeSwitch.doSwitch(Ljava/lang/reflect/Type;)Ljava/lang/Object; @ 1
Event: 47,102 Thread 0x00007f7fbc014800 Uncommon trap: reason=class_check action=maybe_recompile pc=0x00007f7fae12d838 method=org.hibernate.annotations.common.reflection.java.generics.TypeSwitch.doSwitch(Ljava/lang/reflect/Type;)Ljava/lang/Object; @ 1
Event: 47,878 Thread 0x00007f7fbc014800 Uncommon trap: reason=array_check action=maybe_recompile pc=0x00007f7fadea1068 method=sun.reflect.annotation.AnnotationParser.parseEnumArray(ILjava/lang/Class;Ljava/nio/ByteBuffer;Lsun/reflect/ConstantPool;Ljava/lang/Class;)Ljava/lang/Object; @ 53

Classes redefined (0 events):
No events

Internal exceptions (10 events):
Event: 43,020 Thread 0x00007f7fbc014800 Exception <a 'java/lang/ClassNotFoundException': java/lang/ObjectCustomizer> (0x000000078d75c260) thrown at [/build/openjdk-8-OqY7zN/openjdk-8-8u222-b10/src/hotspot/src/share/vm/classfile/systemDictionary.cpp, line 210]
Event: 43,020 Thread 0x00007f7fbc014800 Exception <a 'java/lang/ClassNotFoundException': pe/albatross/octavia/easydao/AbstractEasyDAOCustomizer> (0x000000078d785618) thrown at [/build/openjdk-8-OqY7zN/openjdk-8-8u222-b10/src/hotspot/src/share/vm/classfile/systemDictionary.cpp, line 210]
Event: 43,025 Thread 0x00007f7fbc014800 Exception <a 'java/lang/ClassNotFoundException': pe/edu/lamolina/pivot/dao/academico/hibernate/TopeMatriculaDAOHCustomizer> (0x000000078d7bcea8) thrown at [/build/openjdk-8-OqY7zN/openjdk-8-8u222-b10/src/hotspot/src/share/vm/classfile/systemDictionary.cpp
Event: 43,039 Thread 0x00007f7fbc014800 Exception <a 'java/lang/ClassNotFoundException': java/lang/ObjectCustomizer> (0x000000078d828910) thrown at [/build/openjdk-8-OqY7zN/openjdk-8-8u222-b10/src/hotspot/src/share/vm/classfile/systemDictionary.cpp, line 210]
Event: 43,040 Thread 0x00007f7fbc014800 Exception <a 'java/lang/ClassNotFoundException': org/springframework/orm/hibernate4/HibernateExceptionTranslatorCustomizer> (0x000000078d85b708) thrown at [/build/openjdk-8-OqY7zN/openjdk-8-8u222-b10/src/hotspot/src/share/vm/classfile/systemDictionary.cpp
Event: 43,040 Thread 0x00007f7fbc014800 Exception <a 'java/lang/ClassNotFoundException': org/springframework/orm/hibernate4/LocalSessionFactoryBeanCustomizer> (0x000000078d88a4f0) thrown at [/build/openjdk-8-OqY7zN/openjdk-8-8u222-b10/src/hotspot/src/share/vm/classfile/systemDictionary.cpp, lin
Event: 46,438 Thread 0x00007f7fbc014800 Exception <a 'java/lang/NullPointerException'> (0x00000007941a8c98) thrown at [/build/openjdk-8-OqY7zN/openjdk-8-8u222-b10/src/hotspot/src/share/vm/runtime/reflection.cpp, line 922]
Event: 46,463 Thread 0x00007f7fbc014800 Exception <a 'java/lang/AbstractMethodError': com.mchange.v2.c3p0.impl.NewProxyConnection.createClob()Ljava/sql/Clob;> (0x00000007941cef60) thrown at [/build/openjdk-8-OqY7zN/openjdk-8-8u222-b10/src/hotspot/src/share/vm/interpreter/linkResolver.cpp, line 
Event: 46,463 Thread 0x00007f7fbc014800 Exception <a 'java/lang/reflect/InvocationTargetException'> (0x00000007941cf538) thrown at [/build/openjdk-8-OqY7zN/openjdk-8-8u222-b10/src/hotspot/src/share/vm/runtime/reflection.cpp, line 954]
Event: 46,784 Thread 0x00007f7fbc014800 Implicit null exception at 0x00007f7fae12548c to 0x00007f7fae1254e2

Events (10 events):
Event: 48,752 Thread 0x00007f7fbc014800 DEOPT UNPACKING pc=0x00007f7fad0474c4 sp=0x00007f7fc665d230 mode 1
Event: 48,760 loading class pe/edu/lamolina/model/enums/RecetaEstadoEnum
Event: 48,760 loading class pe/edu/lamolina/model/enums/RecetaEstadoEnum done
Event: 48,760 Thread 0x00007f7fbc014800 DEOPT PACKING pc=0x00007f7fae084cc8 sp=0x00007f7fc665d5a0
Event: 48,760 Thread 0x00007f7fbc014800 DEOPT UNPACKING pc=0x00007f7fad0474c4 sp=0x00007f7fc665d290 mode 1
Event: 48,763 loading class pe/edu/lamolina/model/enums/TipoTopicoEnum
Event: 48,763 loading class pe/edu/lamolina/model/enums/TipoTopicoEnum done
Event: 48,763 Thread 0x00007f7fbc014800 DEOPT PACKING pc=0x00007f7fae084cc8 sp=0x00007f7fc665d540
Event: 48,763 Thread 0x00007f7fbc014800 DEOPT UNPACKING pc=0x00007f7fad0474c4 sp=0x00007f7fc665d230 mode 1
Event: 48,769 Executing VM operation: CollectForMetadataAllocation


Dynamic libraries:
706200000-70c180000 rw-p 00000000 00:00 0 
70c180000-782100000 ---p 00000000 00:00 0 
782100000-79e200000 rw-p 00000000 00:00 0 
7aa080000-7c0000000 ---p 00000000 00:00 0 
7c0000000-7c06c0000 rw-p 00000000 00:00 0 
7c06c0000-800000000 ---p 00000000 00:00 0 
55c17789e000-55c17789f000 r-xp 00000000 08:02 1966628                    /usr/lib/jvm/java-8-openjdk-amd64/jre/bin/java
55c177a9e000-55c177a9f000 r--p 00000000 08:02 1966628                    /usr/lib/jvm/java-8-openjdk-amd64/jre/bin/java
55c177a9f000-55c177aa0000 rw-p 00001000 08:02 1966628                    /usr/lib/jvm/java-8-openjdk-amd64/jre/bin/java
55c179976000-55c179997000 rw-p 00000000 00:00 0                          [heap]
7f7f2c000000-7f7f2c021000 rw-p 00000000 00:00 0 
7f7f2c021000-7f7f30000000 ---p 00000000 00:00 0 
7f7f34000000-7f7f34061000 rw-p 00000000 00:00 0 
7f7f34061000-7f7f38000000 ---p 00000000 00:00 0 
7f7f38000000-7f7f3806f000 rw-p 00000000 00:00 0 
7f7f3806f000-7f7f3c000000 ---p 00000000 00:00 0 
7f7f3c000000-7f7f3c021000 rw-p 00000000 00:00 0 
7f7f3c021000-7f7f40000000 ---p 00000000 00:00 0 
7f7f40000000-7f7f400c1000 rw-p 00000000 00:00 0 
7f7f400c1000-7f7f44000000 ---p 00000000 00:00 0 
7f7f44000000-7f7f44021000 rw-p 00000000 00:00 0 
7f7f44021000-7f7f48000000 ---p 00000000 00:00 0 
7f7f48000000-7f7f48021000 rw-p 00000000 00:00 0 
7f7f48021000-7f7f4c000000 ---p 00000000 00:00 0 
7f7f4c000000-7f7f4c021000 rw-p 00000000 00:00 0 
7f7f4c021000-7f7f50000000 ---p 00000000 00:00 0 
7f7f50000000-7f7f50a3d000 rw-p 00000000 00:00 0 
7f7f50a3d000-7f7f54000000 ---p 00000000 00:00 0 
7f7f54000000-7f7f542b5000 rw-p 00000000 00:00 0 
7f7f542b5000-7f7f58000000 ---p 00000000 00:00 0 
7f7f58000000-7f7f58490000 rw-p 00000000 00:00 0 
7f7f58490000-7f7f5c000000 ---p 00000000 00:00 0 
7f7f5c000000-7f7f5c021000 rw-p 00000000 00:00 0 
7f7f5c021000-7f7f60000000 ---p 00000000 00:00 0 
7f7f60000000-7f7f60021000 rw-p 00000000 00:00 0 
7f7f60021000-7f7f64000000 ---p 00000000 00:00 0 
7f7f64000000-7f7f67b2d000 rw-p 00000000 00:00 0 
7f7f67b2d000-7f7f68000000 ---p 00000000 00:00 0 
7f7f68000000-7f7f68c7b000 rw-p 00000000 00:00 0 
7f7f68c7b000-7f7f6c000000 ---p 00000000 00:00 0 
7f7f6c000000-7f7f6c021000 rw-p 00000000 00:00 0 
7f7f6c021000-7f7f70000000 ---p 00000000 00:00 0 
7f7f70000000-7f7f73fff000 rw-p 00000000 00:00 0 
7f7f73fff000-7f7f74000000 ---p 00000000 00:00 0 
7f7f74000000-7f7f74021000 rw-p 00000000 00:00 0 
7f7f74021000-7f7f78000000 ---p 00000000 00:00 0 
7f7f78000000-7f7f780ab000 rw-p 00000000 00:00 0 
7f7f780ab000-7f7f7c000000 ---p 00000000 00:00 0 
7f7f7c000000-7f7f7c021000 rw-p 00000000 00:00 0 
7f7f7c021000-7f7f80000000 ---p 00000000 00:00 0 
7f7f80000000-7f7f80021000 rw-p 00000000 00:00 0 
7f7f80021000-7f7f84000000 ---p 00000000 00:00 0 
7f7f84000000-7f7f84021000 rw-p 00000000 00:00 0 
7f7f84021000-7f7f88000000 ---p 00000000 00:00 0 
7f7f89f10000-7f7f8a006000 rw-p 00000000 00:00 0 
7f7f8a006000-7f7f8a110000 ---p 00000000 00:00 0 
7f7f8a110000-7f7f8a310000 rw-p 00000000 00:00 0 
7f7f8a310000-7f7f90000000 rw-p 00000000 00:00 0 
7f7f90000000-7f7f90021000 rw-p 00000000 00:00 0 
7f7f90021000-7f7f94000000 ---p 00000000 00:00 0 
7f7f94000000-7f7f94022000 rw-p 00000000 00:00 0 
7f7f94022000-7f7f98000000 ---p 00000000 00:00 0 
7f7f98000000-7f7f98021000 rw-p 00000000 00:00 0 
7f7f98021000-7f7f9c000000 ---p 00000000 00:00 0 
7f7f9c1fd000-7f7f9c3fd000 rw-p 00000000 00:00 0 
7f7f9c3fd000-7f7f9c5fd000 rw-p 00000000 00:00 0 
7f7f9c5fd000-7f7f9c7fd000 rw-p 00000000 00:00 0 
7f7f9c7fd000-7f7f9c9fd000 rw-p 00000000 00:00 0 
7f7f9c9fd000-7f7f9cbfd000 rw-p 00000000 00:00 0 
7f7f9cbfd000-7f7f9cc00000 ---p 00000000 00:00 0 
7f7f9cc00000-7f7f9cefe000 rw-p 00000000 00:00 0 
7f7f9cefe000-7f7f9cf01000 ---p 00000000 00:00 0 
7f7f9cf01000-7f7fa0000000 rw-p 00000000 00:00 0 
7f7fa0000000-7f7fa0021000 rw-p 00000000 00:00 0 
7f7fa0021000-7f7fa4000000 ---p 00000000 00:00 0 
7f7fa4091000-7f7fa4094000 ---p 00000000 00:00 0 
7f7fa4094000-7f7fa4192000 rw-p 00000000 00:00 0 
7f7fa4192000-7f7fa4195000 ---p 00000000 00:00 0 
7f7fa4195000-7f7fa4293000 rw-p 00000000 00:00 0 
7f7fa4293000-7f7fa4296000 ---p 00000000 00:00 0 
7f7fa4296000-7f7fa4394000 rw-p 00000000 00:00 0 
7f7fa4394000-7f7fa4397000 ---p 00000000 00:00 0 
7f7fa4397000-7f7fa4495000 rw-p 00000000 00:00 0 
7f7fa4495000-7f7fa4498000 ---p 00000000 00:00 0 
7f7fa4498000-7f7fa4796000 rw-p 00000000 00:00 0 
7f7fa4796000-7f7fa4799000 ---p 00000000 00:00 0 
7f7fa4799000-7f7fa4a97000 rw-p 00000000 00:00 0 
7f7fa4a97000-7f7fa4a9c000 r--s 000a3000 08:02 1968372                    /usr/lib/jvm/java-8-openjdk-amd64/jre/lib/jsse.jar
7f7fa4a9c000-7f7fa4c9c000 rw-p 00000000 00:00 0 
7f7fa4c9c000-7f7fa4c9f000 ---p 00000000 00:00 0 
7f7fa4c9f000-7f7fa4d9d000 rw-p 00000000 00:00 0 
7f7fa4d9d000-7f7fa4db0000 r--s 00346000 08:02 1970870                    /usr/lib/jvm/java-8-openjdk-amd64/jre/lib/resources.jar
7f7fa4db0000-7f7fa4fb0000 rw-p 00000000 00:00 0 
7f7fa4fb0000-7f7fa51b0000 rw-p 00000000 00:00 0 
7f7fa51b0000-7f7fa53b0000 rw-p 00000000 00:00 0 
7f7fa53b0000-7f7fa55b0000 rw-p 00000000 00:00 0 
7f7fa55b0000-7f7fa57b0000 rw-p 00000000 00:00 0 
7f7fa57b0000-7f7fa59b0000 rw-p 00000000 00:00 0 
7f7fa59b0000-7f7fa5bb0000 rw-p 00000000 00:00 0 
7f7fa5bb0000-7f7fa5bc1000 r-xp 00000000 08:02 1967635                    /usr/lib/jvm/java-8-openjdk-amd64/jre/lib/amd64/libnio.so
7f7fa5bc1000-7f7fa5dc0000 ---p 00011000 08:02 1967635                    /usr/lib/jvm/java-8-openjdk-amd64/jre/lib/amd64/libnio.so
7f7fa5dc0000-7f7fa5dc1000 r--p 00010000 08:02 1967635                    /usr/lib/jvm/java-8-openjdk-amd64/jre/lib/amd64/libnio.so
7f7fa5dc1000-7f7fa5dc2000 rw-p 00011000 08:02 1967635                    /usr/lib/jvm/java-8-openjdk-amd64/jre/lib/amd64/libnio.so
7f7fa5dc2000-7f7fa5fc2000 rw-p 00000000 00:00 0 
7f7fa5fc2000-7f7fa61c2000 rw-p 00000000 00:00 0 
7f7fa61c2000-7f7fa63c2000 rw-p 00000000 00:00 0 
7f7fa63c2000-7f7fa63d8000 r-xp 00000000 08:02 1967634                    /usr/lib/jvm/java-8-openjdk-amd64/jre/lib/amd64/libnet.so
7f7fa63d8000-7f7fa65d7000 ---p 00016000 08:02 1967634                    /usr/lib/jvm/java-8-openjdk-amd64/jre/lib/amd64/libnet.so
7f7fa65d7000-7f7fa65d8000 r--p 00015000 08:02 1967634                    /usr/lib/jvm/java-8-openjdk-amd64/jre/lib/amd64/libnet.so
7f7fa65d8000-7f7fa65d9000 rw-p 00016000 08:02 1967634                    /usr/lib/jvm/java-8-openjdk-amd64/jre/lib/amd64/libnet.so
7f7fa65d9000-7f7fa65e2000 r-xp 00000000 08:02 1967632                    /usr/lib/jvm/java-8-openjdk-amd64/jre/lib/amd64/libmanagement.so
7f7fa65e2000-7f7fa67e1000 ---p 00009000 08:02 1967632                    /usr/lib/jvm/java-8-openjdk-amd64/jre/lib/amd64/libmanagement.so
7f7fa67e1000-7f7fa67e2000 r--p 00008000 08:02 1967632                    /usr/lib/jvm/java-8-openjdk-amd64/jre/lib/amd64/libmanagement.so
7f7fa67e2000-7f7fa67e3000 rw-p 00009000 08:02 1967632                    /usr/lib/jvm/java-8-openjdk-amd64/jre/lib/amd64/libmanagement.so
7f7fa67e3000-7f7fa69e3000 rw-p 00000000 00:00 0 
7f7fa69e3000-7f7fa69e8000 r--s 002f9000 08:02 1967645                    /usr/lib/jvm/java-8-openjdk-amd64/jre/lib/charsets.jar
7f7fa69e8000-7f7fa69eb000 ---p 00000000 00:00 0 
7f7fa69eb000-7f7fa6ae9000 rw-p 00000000 00:00 0 
7f7fa6ae9000-7f7fa6af0000 r--s 00000000 08:02 658190                     /usr/lib/x86_64-linux-gnu/gconv/gconv-modules.cache
7f7fa6af0000-7f7fa6b14000 r--p 00000000 08:02 1582494                    /usr/share/locale-langpack/es/LC_MESSAGES/libc.mo
7f7fa6b14000-7f7fa6b16000 r--s 0000b000 08:02 5243241                    /home/alb/.m2/repository/org/pac4j/pac4j-core/1.6.0/pac4j-core-1.6.0.jar
7f7fa6b16000-7f7fa6b1a000 r--s 00027000 08:02 5243240                    /home/alb/.m2/repository/org/pac4j/pac4j-oauth/1.6.0/pac4j-oauth-1.6.0.jar
7f7fa6b1a000-7f7fa6b1f000 r--s 00012000 08:02 5506295                    /home/alb/.m2/repository/javax/validation/validation-api/2.0.0.Final/validation-api-2.0.0.Final.jar
7f7fa6b1f000-7f7fa6b21000 r--s 0000e000 08:02 5114930                    /home/alb/.m2/repository/com/fasterxml/classmate/1.1.0/classmate-1.1.0.jar
7f7fa6b21000-7f7fa6b32000 r--s 0009a000 08:02 5244086                    /home/alb/.m2/repository/org/hibernate/hibernate-validator/5.2.2.Final/hibernate-validator-5.2.2.Final.jar
7f7fa6b32000-7f7fa6b34000 r--s 00005000 08:02 5243279                    /home/alb/.m2/repository/com/amazonaws/jmespath-java/1.11.228/jmespath-java-1.11.228.jar
7f7fa6b34000-7f7fa6b35000 r--s 0000b000 08:02 5243276                    /home/alb/.m2/repository/com/fasterxml/jackson/dataformat/jackson-dataformat-cbor/2.6.7/jackson-dataformat-cbor-2.6.7.jar
7f7fa6b35000-7f7fa6b3f000 r--s 00081000 08:02 5243274                    /home/alb/.m2/repository/software/amazon/ion/ion-java/1.0.2/ion-java-1.0.2.jar
7f7fa6b3f000-7f7fa6b46000 r--s 00049000 08:02 5244174                    /home/alb/.m2/repository/org/apache/httpcomponents/httpcore/4.4.4/httpcore-4.4.4.jar
7f7fa6b46000-7f7fa6b53000 r--s 000a6000 08:02 5244173                    /home/alb/.m2/repository/org/apache/httpcomponents/httpclient/4.5.1/httpclient-4.5.1.jar
7f7fa6b53000-7f7fa6b55000 r--s 0000e000 08:02 5243268                    /home/alb/.m2/repository/commons-logging/commons-logging/1.1.3/commons-logging-1.1.3.jar
7f7fa6b55000-7f7fa6b6a000 r--s 000bd000 08:02 5243266                    /home/alb/.m2/repository/com/amazonaws/aws-java-sdk-core/1.11.228/aws-java-sdk-core-1.11.228.jar
7f7fa6b6a000-7f7fa6b73000 r--s 0005a000 08:02 5243264                    /home/alb/.m2/repository/com/amazonaws/aws-java-sdk-kms/1.11.228/aws-java-sdk-kms-1.11.228.jar
7f7fa6b73000-7f7fa6b85000 r--s 000b4000 08:02 5243263                    /home/alb/.m2/repository/com/amazonaws/aws-java-sdk-s3/1.11.228/aws-java-sdk-s3-1.11.228.jar
7f7fa6b85000-7f7fa6b88000 r--s 0000a000 08:02 5243261                    /home/alb/.m2/repository/javax/persistence/persistence-api/1.0/persistence-api-1.0.jar
7f7fa6b88000-7f7fa6b8a000 r--s 00018000 08:02 5243258                    /home/alb/.m2/repository/javax/servlet/servlet-api/2.5/servlet-api-2.5.jar
7f7fa6b8a000-7f7fa6b8e000 r--s 00013000 08:02 5243246                    /home/alb/.m2/repository/org/scribe/scribe/1.3.6/scribe-1.3.6.jar
7f7fa6b8e000-7f7fa6b90000 r--s 0001c000 08:02 5245565                    /home/alb/.m2/repository/com/github/albatrosscloud/zelpers/0.1.71/zelpers-0.1.71.jar
7f7fa6b90000-7f7fa6b9c000 r--s 00108000 08:02 7472640                    /home/alb/.m2/repository/com/lowagie/itext/2.1.7/itext-2.1.7.jar
7f7fa6b9c000-7f7fa6baf000 r--s 000e7000 08:02 7472638                    /home/alb/.m2/repository/org/docx4j/xhtmlrenderer/3.0.0/xhtmlrenderer-3.0.0.jar
7f7fa6baf000-7f7fa6bb1000 r--s 0000b000 08:02 5245948                    /home/alb/.m2/repository/com/github/albatrosscloud/octavia/1.0.20/octavia-1.0.20.jar
7f7fa6bb1000-7f7fa6bb7000 r--s 0004b000 08:02 7472636                    /home/alb/.m2/repository/org/jfree/jcommon/1.0.23/jcommon-1.0.23.jar
7f7fa6bb7000-7f7fa6bc8000 r--s 0016e000 08:02 7472634                    /home/alb/.m2/repository/org/jfree/jfreechart/1.0.19/jfreechart-1.0.19.jar
7f7fa6bc8000-7f7fa6bce000 r--s 0005b000 08:02 7472633                    /home/alb/.m2/repository/org/jsoup/jsoup/1.11.3/jsoup-1.11.3.jar
7f7fa6bce000-7f7fa6bdb000 r--s 000ac000 08:02 5246045                    /home/alb/.m2/repository/de/akquinet/commons/imageio/commons-image-io/0.4.0/commons-image-io-0.4.0.jar
7f7fa6bdb000-7f7fa6be1000 r--s 00045000 08:02 5243254                    /home/alb/.m2/repository/org/jdom/jdom2/2.0.6/jdom2-2.0.6.jar
7f7fa6be1000-7f7fa6be4000 r--s 00020000 08:02 5243253                    /home/alb/.m2/repository/net/sourceforge/htmlcleaner/htmlcleaner/2.10/htmlcleaner-2.10.jar
7f7fa6be4000-7f7fa6bed000 r--s 00062000 08:02 5244146                    /home/alb/.m2/repository/org/springframework/spring-websocket/4.2.4.RELEASE/spring-websocket-4.2.4.RELEASE.jar
7f7fa6bed000-7f7fa6bf7000 r--s 00052000 08:02 5244141                    /home/alb/.m2/repository/org/springframework/spring-messaging/4.2.4.RELEASE/spring-messaging-4.2.4.RELEASE.jar
7f7fa6bf7000-7f7fa6bf8000 r--s 00000000 08:02 5244138                    /home/alb/.m2/repository/org/springframework/boot/spring-boot-starter-websocket/1.3.2.RELEASE/spring-boot-starter-websocket-1.3.2.RELEASE.jar
7f7fa6bf8000-7f7fa6bfb000 r--s 00019000 08:02 5114948                    /home/alb/.m2/repository/org/apache/commons/commons-pool2/2.4.2/commons-pool2-2.4.2.jar
7f7fa6bfb000-7f7fa6c02000 r--s 00049000 08:02 5114946                    /home/alb/.m2/repository/redis/clients/jedis/2.7.3/jedis-2.7.3.jar
7f7fa6c02000-7f7fa6c11000 r--s 0009c000 08:02 5244117                    /home/alb/.m2/repository/org/springframework/data/spring-data-redis/1.6.2.RELEASE/spring-data-redis-1.6.2.RELEASE.jar
7f7fa6c11000-7f7fa6c12000 r--s 00000000 08:02 5244114                    /home/alb/.m2/repository/org/springframework/boot/spring-boot-starter-redis/1.3.2.RELEASE/spring-boot-starter-redis-1.3.2.RELEASE.jar
7f7fa6c12000-7f7fa6c15000 r--s 0000e000 08:02 5114878                    /home/alb/.m2/repository/org/springframework/session/spring-session/1.0.2.RELEASE/spring-session-1.0.2.RELEASE.jar
7f7fa6c15000-7f7fa6c19000 r--s 00018000 08:02 5244168                    /home/alb/.m2/repository/com/github/scribejava/scribejava-core/5.5.0/scribejava-core-5.5.0.jar
7f7fa6c19000-7f7fa6c1e000 r--s 00016000 08:02 5244167                    /home/alb/.m2/repository/com/github/scribejava/scribejava-apis/5.5.0/scribejava-apis-5.5.0.jar
7f7fa6c1e000-7f7fa6c27000 r--s 00047000 08:02 5244166                    /home/alb/.m2/repository/org/springframework/security/spring-security-web/4.0.3.RELEASE/spring-security-web-4.0.3.RELEASE.jar
7f7fa6c27000-7f7fa6c33000 r--s 0004c000 08:02 5244165                    /home/alb/.m2/repository/org/springframework/security/spring-security-core/4.0.3.RELEASE/spring-security-core-4.0.3.RELEASE.jar
7f7fa6c33000-7f7fa6c3b000 r--s 0006c000 08:02 5244159                    /home/alb/.m2/repository/org/springframework/security/spring-security-config/4.0.3.RELEASE/spring-security-config-4.0.3.RELEASE.jar
7f7fa6c3b000-7f7fa6c3d000 r--s 00000000 08:02 5115018                    /home/alb/.m2/repository/aopalliance/aopalliance/1.0/aopalliance-1.0.jar
7f7fa6c3d000-7f7fa6c46000 r--s 00052000 08:02 5244158                    /home/alb/.m2/repository/org/springframework/spring-aop/4.2.4.RELEASE/spring-aop-4.2.4.RELEASE.jar
7f7fa6c46000-7f7fa6c47000 r--s 00000000 08:02 5244157                    /home/alb/.m2/repository/org/springframework/boot/spring-boot-starter-security/1.3.2.RELEASE/spring-boot-starter-security-1.3.2.RELEASE.jar
7f7fa6c47000-7f7fa6c4a000 r--s 0001e000 08:02 5243239                    /home/alb/.m2/repository/net/lingala/zip4j/zip4j/1.3.2/zip4j-1.3.2.jar
7f7fa6c4a000-7f7fa6c4b000 r--s 00004000 08:02 7472632                    /home/alb/.m2/repository/org/webjars/jquery-dynatable/0.3.1-1/jquery-dynatable-0.3.1-1.jar
7f7fa6c4b000-7f7fa6c4d000 r--s 00023000 08:02 5245982                    /home/alb/.m2/repository/org/jdom/jdom/1.1.3/jdom-1.1.3.jar
7f7fa6c4d000-7f7fa6c4f000 r--s 00005000 08:02 5243236                    /home/alb/.m2/repository/stax/stax-api/1.0.1/stax-api-1.0.1.jar
7f7fa6c4f000-7f7fa6c8d000 r--s 0025d000 08:02 5115014                    /home/alb/.m2/repository/org/apache/xmlbeans/xmlbeans/2.6.0/xmlbeans-2.6.0.jar
7f7fa6c8d000-7f7fa6d46000 r--s 004a9000 08:02 5115012                    /home/alb/.m2/repository/org/apache/poi/poi-ooxml-schemas/3.13/poi-ooxml-schemas-3.13.jar
7f7fa6d46000-7f7fa6d54000 r--s 00109000 08:02 5115009                    /home/alb/.m2/repository/org/apache/poi/poi-ooxml/3.13/poi-ooxml-3.13.jar
7f7fa6d54000-7f7fa6d5b000 r--s 0003a000 08:02 5115007                    /home/alb/.m2/repository/commons-codec/commons-codec/1.9/commons-codec-1.9.jar
7f7fa6d5b000-7f7fa6d85000 r--s 00238000 08:02 5115008                    /home/alb/.m2/repository/org/apache/poi/poi/3.13/poi-3.13.jar
7f7fa6d85000-7f7fa6da3000 r--s 00180000 08:02 5244153                    /home/alb/.m2/repository/org/apache/commons/commons-math3/3.2/commons-math3-3.2.jar
7f7fa6da3000-7f7fa6da5000 r--s 0001b000 08:02 5244156                    /home/alb/.m2/repository/org/webjars/jstree/3.0.8/jstree-3.0.8.jar
7f7fa6da5000-7f7fa6da8000 r--s 00015000 08:02 7472630                    /home/alb/.m2/repository/org/webjars/parsleyjs/2.0.5/parsleyjs-2.0.5.jar
7f7fa6da8000-7f7fa6daa000 r--s 00001000 08:02 7472626                    /home/alb/.m2/repository/org/webjars/jQuery-slimScroll/1.3.1/jQuery-slimScroll-1.3.1.jar
7f7fa6daa000-7f7fa6dab000 r--s 0001e000 08:02 7472625                    /home/alb/.m2/repository/org/webjars/d3js/3.4.11/d3js-3.4.11.jar
7f7fa6dab000-7f7fa6dac000 r--s 00002000 08:02 7472624                    /home/alb/.m2/repository/org/webjars/bootbox/4.3.0/bootbox-4.3.0.jar
7f7fa6dac000-7f7fa6dc4000 r--s 00198000 08:02 7472621                    /home/alb/.m2/repository/org/webjars/jquery-ui/1.9.2/jquery-ui-1.9.2.jar
7f7fa6dc4000-7f7fa6dc7000 r--s 00012000 08:02 7472619                    /home/alb/.m2/repository/org/webjars/jquery-file-upload/9.8.0/jquery-file-upload-9.8.0.jar
7f7fa6dc7000-7f7fa6dca000 r--s 0004f000 08:02 7472615                    /home/alb/.m2/repository/org/webjars/momentjs/2.9.0/momentjs-2.9.0.jar
7f7fa6dca000-7f7fa6dcc000 r--s 00027000 08:02 7472617                    /home/alb/.m2/repository/org/webjars/fullcalendar/2.0.3/fullcalendar-2.0.3.jar
7f7fa6dcc000-7f7fa6dce000 r--s 00026000 08:02 7472614                    /home/alb/.m2/repository/org/webjars/datatables/1.10.4/datatables-1.10.4.jar
7f7fa6dce000-7f7fa6dd0000 r--s 00095000 08:02 7472610                    /home/alb/.m2/repository/org/webjars/font-awesome/4.6.2/font-awesome-4.6.2.jar
7f7fa6dd0000-7f7fa6dd3000 r--s 00016000 08:02 7472607                    /home/alb/.m2/repository/org/webjars/select2/3.5.1/select2-3.5.1.jar
7f7fa6dd3000-7f7fa6dd4000 r--s 00004000 08:02 7472608                    /home/alb/.m2/repository/org/webjars/bootstrap-timepicker/0.2.3/bootstrap-timepicker-0.2.3.jar
7f7fa6dd4000-7f7fa6dd8000 r--s 00018000 08:02 7472609                    /home/alb/.m2/repository/org/webjars/bootstrap-datepicker/1.3.0-3/bootstrap-datepicker-1.3.0-3.jar
7f7fa6dd8000-7f7fa6dda000 r--s 00029000 08:02 7472606                    /home/alb/.m2/repository/org/webjars/jquery/1.10.2/jquery-1.10.2.jar
7f7fa6dda000-7f7fa6e05000 r--s 001f5000 08:02 5115005                    /home/alb/.m2/repository/com/google/guava/guava/16.0.1/guava-16.0.1.jar
7f7fa6e05000-7f7fa6e08000 r--s 00020000 08:02 5115002                    /home/alb/.m2/repository/org/unbescape/unbescape/1.1.0.RELEASE/unbescape-1.1.0.RELEASE.jar
7f7fa6e08000-7f7fa6e0b000 r--s 00035000 08:02 5115001                    /home/alb/.m2/repository/ognl/ognl/3.0.8/ognl-3.0.8.jar
7f7fa6e0b000-7f7fa6e18000 r--s 000b7000 08:02 5244148                    /home/alb/.m2/repository/org/thymeleaf/thymeleaf/2.1.4.RELEASE/thymeleaf-2.1.4.RELEASE.jar
7f7fa6e18000-7f7fa6e1c000 r--s 00033000 08:02 5115890                    /home/alb/.m2/repository/org/thymeleaf/thymeleaf-spring3/2.1.4.RELEASE/thymeleaf-spring3-2.1.4.RELEASE.jar
7f7fa6e1c000-7f7fa6e20000 r--s 0002a000 08:02 5244145                    /home/alb/.m2/repository/commons-io/commons-io/2.4/commons-io-2.4.jar
7f7fa6e20000-7f7fa6e22000 r--s 0000f000 08:02 5114993                    /home/alb/.m2/repository/commons-fileupload/commons-fileupload/1.3.1/commons-fileupload-1.3.1.jar
7f7fa6e22000-7f7fa6e28000 r--s 00048000 08:02 5244144                    /home/alb/.m2/repository/org/apache/commons/commons-lang3/3.1/commons-lang3-3.1.jar
7f7fa6e28000-7f7fa6e38000 r--s 00088000 08:02 5114987                    /home/alb/.m2/repository/joda-time/joda-time/2.8.2/joda-time-2.8.2.jar
7f7fa6e38000-7f7fa6e43000 r--s 0008b000 08:02 5114986                    /home/alb/.m2/repository/c3p0/c3p0/0.9.1.2/c3p0-0.9.1.2.jar
7f7fa6e43000-7f7fa6e4d000 r--s 000a5000 08:02 5114985                    /home/alb/.m2/repository/org/javassist/javassist/3.18.1-GA/javassist-3.18.1-GA.jar
7f7fa6e4d000-7f7fa6e4e000 r--s 00006000 08:02 5114984                    /home/alb/.m2/repository/org/jboss/spec/javax/transaction/jboss-transaction-api_1.2_spec/1.0.0.Final/jboss-transaction-api_1.2_spec-1.0.0.Final.jar
7f7fa6e4e000-7f7fa6e51000 r--s 00010000 08:02 5114983                    /home/alb/.m2/repository/org/hibernate/common/hibernate-commons-annotations/4.0.5.Final/hibernate-commons-annotations-4.0.5.Final.jar
7f7fa6e51000-7f7fa6e56000 r--s 00016000 08:02 5114977                    /home/alb/.m2/repository/xml-apis/xml-apis/1.0.b2/xml-apis-1.0.b2.jar
7f7fa6e56000-7f7fa6e5b000 r--s 00048000 08:02 5114975                    /home/alb/.m2/repository/dom4j/dom4j/1.6.1/dom4j-1.6.1.jar
7f7fa6e5b000-7f7fa6e5d000 r--s 00011000 08:02 5114976                    /home/alb/.m2/repository/org/jboss/jandex/1.1.0.Final/jandex-1.1.0.Final.jar
7f7fa6e5d000-7f7fa6e62000 r--s 00068000 08:02 5114973                    /home/alb/.m2/repository/antlr/antlr/2.7.7/antlr-2.7.7.jar
7f7fa6e62000-7f7fa6ec0000 r--s 004ac000 08:02 5114970                    /home/alb/.m2/repository/org/hibernate/hibernate-core/4.3.11.Final/hibernate-core-4.3.11.Final.jar
7f7fa6ec0000-7f7fa6ec1000 r--s 00002000 08:02 5114968                    /home/alb/.m2/repository/org/jboss/logging/jboss-logging-annotations/1.2.0.Beta1/jboss-logging-annotations-1.2.0.Beta1.jar
7f7fa6ec1000-7f7fa6ec3000 r--s 0000f000 08:02 5114969                    /home/alb/.m2/repository/org/jboss/logging/jboss-logging/3.3.0.Final/jboss-logging-3.3.0.Final.jar
7f7fa6ec3000-7f7fa6ed1000 r--s 00091000 08:02 5114966                    /home/alb/.m2/repository/org/hibernate/hibernate-entitymanager/4.3.11.Final/hibernate-entitymanager-4.3.11.Final.jar
7f7fa6ed1000-7f7fa6ed6000 r--s 00017000 08:02 5114962                    /home/alb/.m2/repository/org/hibernate/javax/persistence/hibernate-jpa-2.1-api/1.0.0.Final/hibernate-jpa-2.1-api-1.0.0.Final.jar
7f7fa6ed6000-7f7fa6ed9000 r--s 0000c000 08:02 5244137                    /home/alb/.m2/repository/org/springframework/spring-aspects/4.2.4.RELEASE/spring-aspects-4.2.4.RELEASE.jar
7f7fa6ed9000-7f7fa6edb000 r--s 00003000 08:02 5244136                    /home/alb/.m2/repository/org/slf4j/jcl-over-slf4j/1.7.13/jcl-over-slf4j-1.7.13.jar
7f7fa6edb000-7f7fa6eea000 r--s 0008d000 08:02 5244134                    /home/alb/.m2/repository/org/springframework/data/spring-data-commons/1.11.2.RELEASE/spring-data-commons-1.11.2.RELEASE.jar
7f7fa6eea000-7f7fa6ef1000 r--s 00038000 08:02 5244130                    /home/alb/.m2/repository/org/springframework/data/spring-data-jpa/1.9.2.RELEASE/spring-data-jpa-1.9.2.RELEASE.jar
7f7fa6ef1000-7f7fa6ef3000 r--s 00006000 08:02 5114960                    /home/alb/.m2/repository/javax/transaction/javax.transaction-api/1.2/javax.transaction-api-1.2.jar
7f7fa6ef3000-7f7fa6ef4000 r--s 00009000 08:02 5244128                    /home/alb/.m2/repository/org/apache/tomcat/tomcat-juli/8.0.30/tomcat-juli-8.0.30.jar
7f7fa6ef4000-7f7fa6ef7000 r--s 0001f000 08:02 5244126                    /home/alb/.m2/repository/org/apache/tomcat/tomcat-jdbc/8.0.30/tomcat-jdbc-8.0.30.jar
7f7fa6ef7000-7f7fa6ef8000 r--s 00000000 08:02 5244124                    /home/alb/.m2/repository/org/springframework/boot/spring-boot-starter-jdbc/1.3.2.RELEASE/spring-boot-starter-jdbc-1.3.2.RELEASE.jar
7f7fa6ef8000-7f7fa6f11000 r--s 001af000 08:02 5244127                    /home/alb/.m2/repository/org/aspectj/aspectjweaver/1.8.8/aspectjweaver-1.8.8.jar
7f7fa6f11000-7f7fa6f12000 r--s 00000000 08:02 5244119                    /home/alb/.m2/repository/org/springframework/boot/spring-boot-starter-aop/1.3.2.RELEASE/spring-boot-starter-aop-1.3.2.RELEASE.jar
7f7fa6f12000-7f7fa6f13000 r--s 00000000 08:02 5244118                    /home/alb/.m2/repository/org/springframework/boot/spring-boot-starter-data-jpa/1.3.2.RELEASE/spring-boot-starter-data-jpa-1.3.2.RELEASE.jar
7f7fa6f13000-7f7fa6f15000 r--s 00007000 08:02 5244116                    /home/alb/.m2/repository/org/slf4j/slf4j-api/1.7.13/slf4j-api-1.7.13.jar
7f7fa6f15000-7f7fa6f19000 r--s 0000f000 08:02 5114949                    /home/alb/.m2/repository/com/google/code/findbugs/annotations/2.0.3/annotations-2.0.3.jar
7f7fa6f19000-7f7fa6f45000 r--s 001a3000 08:02 5114952                    /home/alb/.m2/repository/com/helger/ph-commons/6.2.3/ph-commons-6.2.3.jar
7f7fa6f45000-7f7fa6f4b000 r--s 00037000 08:02 5243251                    /home/alb/.m2/repository/com/itextpdf/tool/xmlworker/5.5.8/xmlworker-5.5.8.jar
7f7fa6f4b000-7f7fa6f63000 r--s 00216000 08:02 5243249                    /home/alb/.m2/repository/com/itextpdf/itextpdf/5.5.8/itextpdf-5.5.8.jar
7f7fa6f63000-7f7fa6f68000 r--s 00027000 08:02 5244109                    /home/alb/.m2/repository/org/springframework/spring-context-support/4.2.4.RELEASE/spring-context-support-4.2.4.RELEASE.jar
7f7fa6f68000-7f7fa6f6f000 r--s 0003a000 08:02 5244108                    /home/alb/.m2/repository/org/springframework/spring-tx/4.2.4.RELEASE/spring-tx-4.2.4.RELEASE.jar
7f7fa6f6f000-7f7fa6f79000 r--s 0005e000 08:02 5244106                    /home/alb/.m2/repository/org/springframework/spring-jdbc/4.2.4.RELEASE/spring-jdbc-4.2.4.RELEASE.jar
7f7fa6f79000-7f7fa6f8f000 r--s 000f2000 08:02 5244107                    /home/alb/.m2/repository/org/springframework/spring-core/4.2.4.RELEASE/spring-core-4.2.4.RELEASE.jar
7f7fa6f8f000-7f7fa6f9c000 r--s 000a6000 08:02 5244101                    /home/alb/.m2/repository/org/springframework/spring-beans/4.2.4.RELEASE/spring-beans-4.2.4.RELEASE.jar
7f7fa6f9c000-7f7fa6fa6000 r--s 00068000 08:02 5244100                    /home/alb/.m2/repository/org/springframework/spring-orm/4.2.4.RELEASE/spring-orm-4.2.4.RELEASE.jar
7f7fa6fa6000-7f7fa6fb6000 r--s 0014c000 08:02 10360358                   /home/alb/.m2/repository/com/google/protobuf/protobuf-java/3.6.1/protobuf-java-3.6.1.jar
7f7fa6fb6000-7f7fa6fce000 r--s 0021f000 08:02 5117285                    /home/alb/.m2/repository/mysql/mysql-connector-java/8.0.17/mysql-connector-java-8.0.17.jar
7f7fa6fce000-7f7fa6fd0000 r--s 0000e000 08:02 5114938                    /home/alb/.m2/repository/javax/activation/activation/1.1/activation-1.1.jar
7f7fa6fd0000-7f7fa6fd9000 r--s 0008b000 08:02 5114936                    /home/alb/.m2/repository/com/sun/mail/javax.mail/1.5.5/javax.mail-1.5.5.jar
7f7fa6fd9000-7f7fa6fda000 r--s 00000000 08:02 5244094                    /home/alb/.m2/repository/org/springframework/boot/spring-boot-starter-mail/1.3.2.RELEASE/spring-boot-starter-mail-1.3.2.RELEASE.jar
7f7fa6fda000-7f7fa6ff3000 r--s 000f3000 08:02 5244099                    /home/alb/.m2/repository/org/springframework/spring-context/4.2.4.RELEASE/spring-context-4.2.4.RELEASE.jar
7f7fa6ff3000-7f7fa6ff4000 r--s 00000000 08:02 4855006                    /home/alb/.m2/repository/org/springframework/boot/spring-boot-starter-cache/1.3.2.RELEASE/spring-boot-starter-cache-1.3.2.RELEASE.jar
7f7fa6ff4000-7f7fa6ff9000 r--s 0003c000 08:02 5244093                    /home/alb/.m2/repository/org/springframework/spring-expression/4.2.4.RELEASE/spring-expression-4.2.4.RELEASE.jar
7f7fa6ff9000-7f7fa700a000 r--s 000c5000 08:02 5244090                    /home/alb/.m2/repository/org/springframework/spring-webmvc/4.2.4.RELEASE/spring-webmvc-4.2.4.RELEASE.jar
7f7fa700a000-7f7fa701b000 r--s 000ab000 08:02 5244089                    /home/alb/.m2/repository/org/springframework/spring-web/4.2.4.RELEASE/spring-web-4.2.4.RELEASE.jar
7f7fa701b000-7f7fa701f000 r--s 0003c000 08:02 5244196                    /home/alb/.m2/repository/com/fasterxml/jackson/core/jackson-core/2.6.5/jackson-core-2.6.5.jar
7f7fa701f000-7f7fa7022000 r--s 00009000 08:02 5244198                    /home/alb/.m2/repository/com/fasterxml/jackson/core/jackson-annotations/2.6.5/jackson-annotations-2.6.5.jar
7f7fa7022000-7f7fa7033000 r--s 0010d000 08:02 5115047                    /home/alb/.m2/repository/com/fasterxml/jackson/core/jackson-databind/2.6.5/jackson-databind-2.6.5.jar
7f7fa7033000-7f7fa7034000 r--s 00000000 08:02 5244085                    /home/alb/.m2/repository/org/springframework/boot/spring-boot-starter-validation/1.3.2.RELEASE/spring-boot-starter-validation-1.3.2.RELEASE.jar
7f7fa7034000-7f7fa703a000 r--s 00037000 08:02 5244082                    /home/alb/.m2/repository/org/apache/tomcat/embed/tomcat-embed-websocket/8.0.30/tomcat-embed-websocket-8.0.30.jar
7f7fa703a000-7f7fa703b000 r--s 00009000 08:02 5244080                    /home/alb/.m2/repository/org/apache/tomcat/embed/tomcat-embed-logging-juli/8.0.30/tomcat-embed-logging-juli-8.0.30.jar
7f7fa703b000-7f7fa7040000 r--s 00036000 08:02 5244078                    /home/alb/.m2/repository/org/apache/tomcat/embed/tomcat-embed-el/8.0.30/tomcat-embed-el-8.0.30.jar
7f7fa7040000-7f7fa7065000 r--s 0028e000 08:02 5244077                    /home/alb/.m2/repository/org/apache/tomcat/embed/tomcat-embed-core/8.0.30/tomcat-embed-core-8.0.30.jar
7f7fa7065000-7f7fa70b2000 r--s 0040c000 08:02 5244073                    /home/alb/.m2/repository/org/codehaus/groovy/groovy/2.4.4/groovy-2.4.4.jar
7f7fa70b2000-7f7fa70b5000 r--s 00016000 08:02 5244069                    /home/alb/.m2/repository/nz/net/ultraq/thymeleaf/thymeleaf-layout-dialect/1.3.1/thymeleaf-layout-dialect-1.3.1.jar
7f7fa70b5000-7f7fa70b8000 r--s 00034000 08:02 5244067                    /home/alb/.m2/repository/org/thymeleaf/thymeleaf-spring4/2.1.4.RELEASE/thymeleaf-spring4-2.1.4.RELEASE.jar
7f7fa70b8000-7f7fa70be000 r--s 0003c000 08:02 5114907                    /home/alb/.m2/repository/org/yaml/snakeyaml/1.16/snakeyaml-1.16.jar
7f7fa70be000-7f7fa70c9000 r--s 00065000 08:02 5244059                    /home/alb/.m2/repository/ch/qos/logback/logback-core/1.1.3/logback-core-1.1.3.jar
7f7fa70c9000-7f7fa70e0000 r--s 000a1000 08:02 5244055                    /home/alb/.m2/repository/org/springframework/boot/spring-boot-autoconfigure/1.3.2.RELEASE/spring-boot-autoconfigure-1.3.2.RELEASE.jar
7f7fa70e0000-7f7fa70ee000 r--s 00078000 08:02 5244053                    /home/alb/.m2/repository/org/springframework/boot/spring-boot/1.3.2.RELEASE/spring-boot-1.3.2.RELEASE.jar
7f7fa70ee000-7f7fa70ef000 ---p 00000000 00:00 0 
7f7fa70ef000-7f7fa71ef000 rw-p 00000000 00:00 0 
7f7fa71ef000-7f7fa71f2000 ---p 00000000 00:00 0 
7f7fa71f2000-7f7fa72f0000 rw-p 00000000 00:00 0 
7f7fa72f0000-7f7fa72f1000 ---p 00000000 00:00 0 
7f7fa72f1000-7f7fa72f4000 ---p 00000000 00:00 0 
7f7fa72f4000-7f7fa73f1000 rw-p 00000000 00:00 0 
7f7fa73f1000-7f7fa73f2000 ---p 00000000 00:00 0 
7f7fa73f2000-7f7fa73f5000 ---p 00000000 00:00 0 
7f7fa73f5000-7f7fa74f2000 rw-p 00000000 00:00 0 
7f7fa74f2000-7f7fa74f3000 ---p 00000000 00:00 0 
7f7fa74f3000-7f7fa74f6000 ---p 00000000 00:00 0 
7f7fa74f6000-7f7fa75f3000 rw-p 00000000 00:00 0 
7f7fa75f3000-7f7fa75f6000 ---p 00000000 00:00 0 
7f7fa75f6000-7f7fa76f4000 rw-p 00000000 00:00 0 
7f7fa76f4000-7f7fa76f7000 ---p 00000000 00:00 0 
7f7fa76f7000-7f7fa77f5000 rw-p 00000000 00:00 0 
7f7fa77f5000-7f7fa77f8000 ---p 00000000 00:00 0 
7f7fa77f8000-7f7fa78f6000 rw-p 00000000 00:00 0 
7f7fa78f6000-7f7fa78fa000 r-xp 00000000 08:02 1967612                    /usr/lib/jvm/java-8-openjdk-amd64/jre/lib/amd64/libdt_socket.so
7f7fa78fa000-7f7fa7af9000 ---p 00004000 08:02 1967612                    /usr/lib/jvm/java-8-openjdk-amd64/jre/lib/amd64/libdt_socket.so
7f7fa7af9000-7f7fa7afa000 r--p 00003000 08:02 1967612                    /usr/lib/jvm/java-8-openjdk-amd64/jre/lib/amd64/libdt_socket.so
7f7fa7afa000-7f7fa7afb000 rw-p 00004000 08:02 1967612                    /usr/lib/jvm/java-8-openjdk-amd64/jre/lib/amd64/libdt_socket.so
7f7fa7afb000-7f7fa7afe000 ---p 00000000 00:00 0 
7f7fa7afe000-7f7fa7bfc000 rw-p 00000000 00:00 0 
7f7fa7bfc000-7f7fa7bff000 ---p 00000000 00:00 0 
7f7fa7bff000-7f7fa7cfd000 rw-p 00000000 00:00 0 
7f7fa7cfd000-7f7fa7d00000 ---p 00000000 00:00 0 
7f7fa7d00000-7f7fa7dfe000 rw-p 00000000 00:00 0 
7f7fa7dfe000-7f7fa7dff000 ---p 00000000 00:00 0 
7f7fa7dff000-7f7fa8000000 rw-p 00000000 00:00 0 
7f7fa8000000-7f7fa8021000 rw-p 00000000 00:00 0 
7f7fa8021000-7f7fac000000 ---p 00000000 00:00 0 
7f7fac000000-7f7fac001000 r--s 00000000 08:02 5244075                    /home/alb/.m2/repository/org/springframework/boot/spring-boot-starter-tomcat/1.3.2.RELEASE/spring-boot-starter-tomcat-1.3.2.RELEASE.jar
7f7fac001000-7f7fac007000 r--s 0003f000 08:02 5244060                    /home/alb/.m2/repository/ch/qos/logback/logback-classic/1.1.3/logback-classic-1.1.3.jar
7f7fac007000-7f7fac022000 r--s 00394000 08:02 1967653                    /usr/lib/jvm/java-8-openjdk-amd64/jre/lib/ext/cldrdata.jar
7f7fac022000-7f7face30000 rw-p 00000000 00:00 0 
7f7face30000-7f7fad000000 r--s 03c5c000 08:02 1970871                    /usr/lib/jvm/java-8-openjdk-amd64/jre/lib/rt.jar
7f7fad000000-7f7fae430000 rwxp 00000000 00:00 0 
7f7fae430000-7f7fbc000000 ---p 00000000 00:00 0 
7f7fbc000000-7f7fbdbc1000 rw-p 00000000 00:00 0 
7f7fbdbc1000-7f7fc0000000 ---p 00000000 00:00 0 
7f7fc0000000-7f7fc0001000 r--s 00000000 08:02 5244072                    /home/alb/.m2/repository/org/springframework/boot/spring-boot-starter-web/1.3.2.RELEASE/spring-boot-starter-web-1.3.2.RELEASE.jar
7f7fc0001000-7f7fc0002000 r--s 00005000 08:02 5244063                    /home/alb/.m2/repository/org/slf4j/log4j-over-slf4j/1.7.13/log4j-over-slf4j-1.7.13.jar
7f7fc0002000-7f7fc0004000 r--s 00000000 08:02 5244061                    /home/alb/.m2/repository/org/slf4j/jul-to-slf4j/1.7.13/jul-to-slf4j-1.7.13.jar
7f7fc0004000-7f7fc0005000 r--s 00000000 08:02 5244054                    /home/alb/.m2/repository/org/springframework/boot/spring-boot-starter-logging/1.3.2.RELEASE/spring-boot-starter-logging-1.3.2.RELEASE.jar
7f7fc0005000-7f7fc0006000 r--s 00000000 08:02 5244052                    /home/alb/.m2/repository/org/springframework/boot/spring-boot-starter/1.3.2.RELEASE/spring-boot-starter-1.3.2.RELEASE.jar
7f7fc0006000-7f7fc0009000 r--s 0000f000 08:02 1967655                    /usr/lib/jvm/java-8-openjdk-amd64/jre/lib/ext/icedtea-sound.jar
7f7fc0009000-7f7fc000b000 r--s 00001000 08:02 1967654                    /usr/lib/jvm/java-8-openjdk-amd64/jre/lib/ext/dnsns.jar
7f7fc000b000-7f7fc0f43000 rw-p 00000000 00:00 0 
7f7fc0f43000-7f7fc0f44000 ---p 00000000 00:00 0 
7f7fc0f44000-7f7fc1044000 rw-p 00000000 00:00 0 
7f7fc1044000-7f7fc1045000 ---p 00000000 00:00 0 
7f7fc1045000-7f7fc1145000 rw-p 00000000 00:00 0 
7f7fc1145000-7f7fc1146000 ---p 00000000 00:00 0 
7f7fc1146000-7f7fc1246000 rw-p 00000000 00:00 0 
7f7fc1246000-7f7fc1247000 ---p 00000000 00:00 0 
7f7fc1247000-7f7fc1377000 rw-p 00000000 00:00 0 
7f7fc1377000-7f7fc1727000 ---p 00000000 00:00 0 
7f7fc1727000-7f7fc1757000 rw-p 00000000 00:00 0 
7f7fc1757000-7f7fc1b06000 ---p 00000000 00:00 0 
7f7fc1b06000-7f7fc1be7000 rw-p 00000000 00:00 0 
7f7fc1be7000-7f7fc1cf6000 ---p 00000000 00:00 0 
7f7fc1cf6000-7f7fc1d48000 rw-p 00000000 00:00 0 
7f7fc1d48000-7f7fc20b7000 ---p 00000000 00:00 0 
7f7fc20b7000-7f7fc20bf000 r-xp 00000000 08:02 1967642                    /usr/lib/jvm/java-8-openjdk-amd64/jre/lib/amd64/libzip.so
7f7fc20bf000-7f7fc22be000 ---p 00008000 08:02 1967642                    /usr/lib/jvm/java-8-openjdk-amd64/jre/lib/amd64/libzip.so
7f7fc22be000-7f7fc22bf000 r--p 00007000 08:02 1967642                    /usr/lib/jvm/java-8-openjdk-amd64/jre/lib/amd64/libzip.so
7f7fc22bf000-7f7fc22c0000 rw-p 00008000 08:02 1967642                    /usr/lib/jvm/java-8-openjdk-amd64/jre/lib/amd64/libzip.so
7f7fc22c0000-7f7fc22cb000 r-xp 00000000 08:02 12325649                   /lib/x86_64-linux-gnu/libnss_files-2.27.so
7f7fc22cb000-7f7fc24ca000 ---p 0000b000 08:02 12325649                   /lib/x86_64-linux-gnu/libnss_files-2.27.so
7f7fc24ca000-7f7fc24cb000 r--p 0000a000 08:02 12325649                   /lib/x86_64-linux-gnu/libnss_files-2.27.so
7f7fc24cb000-7f7fc24cc000 rw-p 0000b000 08:02 12325649                   /lib/x86_64-linux-gnu/libnss_files-2.27.so
7f7fc24cc000-7f7fc24d2000 rw-p 00000000 00:00 0 
7f7fc24d2000-7f7fc24e9000 r-xp 00000000 08:02 12325643                   /lib/x86_64-linux-gnu/libnsl-2.27.so
7f7fc24e9000-7f7fc26e8000 ---p 00017000 08:02 12325643                   /lib/x86_64-linux-gnu/libnsl-2.27.so
7f7fc26e8000-7f7fc26e9000 r--p 00016000 08:02 12325643                   /lib/x86_64-linux-gnu/libnsl-2.27.so
7f7fc26e9000-7f7fc26ea000 rw-p 00017000 08:02 12325643                   /lib/x86_64-linux-gnu/libnsl-2.27.so
7f7fc26ea000-7f7fc26ec000 rw-p 00000000 00:00 0 
7f7fc26ec000-7f7fc26f7000 r-xp 00000000 08:02 12325660                   /lib/x86_64-linux-gnu/libnss_nis-2.27.so
7f7fc26f7000-7f7fc28f6000 ---p 0000b000 08:02 12325660                   /lib/x86_64-linux-gnu/libnss_nis-2.27.so
7f7fc28f6000-7f7fc28f7000 r--p 0000a000 08:02 12325660                   /lib/x86_64-linux-gnu/libnss_nis-2.27.so
7f7fc28f7000-7f7fc28f8000 rw-p 0000b000 08:02 12325660                   /lib/x86_64-linux-gnu/libnss_nis-2.27.so
7f7fc28f8000-7f7fc2900000 r-xp 00000000 08:02 12325645                   /lib/x86_64-linux-gnu/libnss_compat-2.27.so
7f7fc2900000-7f7fc2b00000 ---p 00008000 08:02 12325645                   /lib/x86_64-linux-gnu/libnss_compat-2.27.so
7f7fc2b00000-7f7fc2b01000 r--p 00008000 08:02 12325645                   /lib/x86_64-linux-gnu/libnss_compat-2.27.so
7f7fc2b01000-7f7fc2b02000 rw-p 00009000 08:02 12325645                   /lib/x86_64-linux-gnu/libnss_compat-2.27.so
7f7fc2b02000-7f7fc34d1000 r--p 00000000 08:02 400048                     /usr/lib/locale/locale-archive
7f7fc34d1000-7f7fc34d3000 r-xp 00000000 08:02 1967636                    /usr/lib/jvm/java-8-openjdk-amd64/jre/lib/amd64/libnpt.so
7f7fc34d3000-7f7fc36d3000 ---p 00002000 08:02 1967636                    /usr/lib/jvm/java-8-openjdk-amd64/jre/lib/amd64/libnpt.so
7f7fc36d3000-7f7fc36d4000 r--p 00002000 08:02 1967636                    /usr/lib/jvm/java-8-openjdk-amd64/jre/lib/amd64/libnpt.so
7f7fc36d4000-7f7fc36d5000 rw-p 00003000 08:02 1967636                    /usr/lib/jvm/java-8-openjdk-amd64/jre/lib/amd64/libnpt.so
7f7fc36d5000-7f7fc370f000 r-xp 00000000 08:02 1967628                    /usr/lib/jvm/java-8-openjdk-amd64/jre/lib/amd64/libjdwp.so
7f7fc370f000-7f7fc390e000 ---p 0003a000 08:02 1967628                    /usr/lib/jvm/java-8-openjdk-amd64/jre/lib/amd64/libjdwp.so
7f7fc390e000-7f7fc390f000 r--p 00039000 08:02 1967628                    /usr/lib/jvm/java-8-openjdk-amd64/jre/lib/amd64/libjdwp.so
7f7fc390f000-7f7fc3910000 rw-p 0003a000 08:02 1967628                    /usr/lib/jvm/java-8-openjdk-amd64/jre/lib/amd64/libjdwp.so
7f7fc3910000-7f7fc393a000 r-xp 00000000 08:02 1967621                    /usr/lib/jvm/java-8-openjdk-amd64/jre/lib/amd64/libjava.so
7f7fc393a000-7f7fc3b39000 ---p 0002a000 08:02 1967621                    /usr/lib/jvm/java-8-openjdk-amd64/jre/lib/amd64/libjava.so
7f7fc3b39000-7f7fc3b3a000 r--p 00029000 08:02 1967621                    /usr/lib/jvm/java-8-openjdk-amd64/jre/lib/amd64/libjava.so
7f7fc3b3a000-7f7fc3b3c000 rw-p 0002a000 08:02 1967621                    /usr/lib/jvm/java-8-openjdk-amd64/jre/lib/amd64/libjava.so
7f7fc3b3c000-7f7fc3b4c000 r-xp 00000000 08:02 1967641                    /usr/lib/jvm/java-8-openjdk-amd64/jre/lib/amd64/libverify.so
7f7fc3b4c000-7f7fc3d4b000 ---p 00010000 08:02 1967641                    /usr/lib/jvm/java-8-openjdk-amd64/jre/lib/amd64/libverify.so
7f7fc3d4b000-7f7fc3d4d000 r--p 0000f000 08:02 1967641                    /usr/lib/jvm/java-8-openjdk-amd64/jre/lib/amd64/libverify.so
7f7fc3d4d000-7f7fc3d4e000 rw-p 00011000 08:02 1967641                    /usr/lib/jvm/java-8-openjdk-amd64/jre/lib/amd64/libverify.so
7f7fc3d4e000-7f7fc3d55000 r-xp 00000000 08:02 12325700                   /lib/x86_64-linux-gnu/librt-2.27.so
7f7fc3d55000-7f7fc3f54000 ---p 00007000 08:02 12325700                   /lib/x86_64-linux-gnu/librt-2.27.so
7f7fc3f54000-7f7fc3f55000 r--p 00006000 08:02 12325700                   /lib/x86_64-linux-gnu/librt-2.27.so
7f7fc3f55000-7f7fc3f56000 rw-p 00007000 08:02 12325700                   /lib/x86_64-linux-gnu/librt-2.27.so
7f7fc3f56000-7f7fc3f6d000 r-xp 00000000 08:02 12320862                   /lib/x86_64-linux-gnu/libgcc_s.so.1
7f7fc3f6d000-7f7fc416c000 ---p 00017000 08:02 12320862                   /lib/x86_64-linux-gnu/libgcc_s.so.1
7f7fc416c000-7f7fc416d000 r--p 00016000 08:02 12320862                   /lib/x86_64-linux-gnu/libgcc_s.so.1
7f7fc416d000-7f7fc416e000 rw-p 00017000 08:02 12320862                   /lib/x86_64-linux-gnu/libgcc_s.so.1
7f7fc416e000-7f7fc430b000 r-xp 00000000 08:02 12325622                   /lib/x86_64-linux-gnu/libm-2.27.so
7f7fc430b000-7f7fc450a000 ---p 0019d000 08:02 12325622                   /lib/x86_64-linux-gnu/libm-2.27.so
7f7fc450a000-7f7fc450b000 r--p 0019c000 08:02 12325622                   /lib/x86_64-linux-gnu/libm-2.27.so
7f7fc450b000-7f7fc450c000 rw-p 0019d000 08:02 12325622                   /lib/x86_64-linux-gnu/libm-2.27.so
7f7fc450c000-7f7fc4685000 r-xp 00000000 08:02 393288                     /usr/lib/x86_64-linux-gnu/libstdc++.so.6.0.25
7f7fc4685000-7f7fc4885000 ---p 00179000 08:02 393288                     /usr/lib/x86_64-linux-gnu/libstdc++.so.6.0.25
7f7fc4885000-7f7fc488f000 r--p 00179000 08:02 393288                     /usr/lib/x86_64-linux-gnu/libstdc++.so.6.0.25
7f7fc488f000-7f7fc4891000 rw-p 00183000 08:02 393288                     /usr/lib/x86_64-linux-gnu/libstdc++.so.6.0.25
7f7fc4891000-7f7fc4895000 rw-p 00000000 00:00 0 
7f7fc4895000-7f7fc5534000 r-xp 00000000 08:02 1967644                    /usr/lib/jvm/java-8-openjdk-amd64/jre/lib/amd64/server/libjvm.so
7f7fc5534000-7f7fc5734000 ---p 00c9f000 08:02 1967644                    /usr/lib/jvm/java-8-openjdk-amd64/jre/lib/amd64/server/libjvm.so
7f7fc5734000-7f7fc57c8000 r--p 00c9f000 08:02 1967644                    /usr/lib/jvm/java-8-openjdk-amd64/jre/lib/amd64/server/libjvm.so
7f7fc57c8000-7f7fc57f1000 rw-p 00d33000 08:02 1967644                    /usr/lib/jvm/java-8-openjdk-amd64/jre/lib/amd64/server/libjvm.so
7f7fc57f1000-7f7fc5821000 rw-p 00000000 00:00 0 
7f7fc5821000-7f7fc583b000 r-xp 00000000 08:02 12325692                   /lib/x86_64-linux-gnu/libpthread-2.27.so
7f7fc583b000-7f7fc5a3a000 ---p 0001a000 08:02 12325692                   /lib/x86_64-linux-gnu/libpthread-2.27.so
7f7fc5a3a000-7f7fc5a3b000 r--p 00019000 08:02 12325692                   /lib/x86_64-linux-gnu/libpthread-2.27.so
7f7fc5a3b000-7f7fc5a3c000 rw-p 0001a000 08:02 12325692                   /lib/x86_64-linux-gnu/libpthread-2.27.so
7f7fc5a3c000-7f7fc5a40000 rw-p 00000000 00:00 0 
7f7fc5a40000-7f7fc5a43000 r-xp 00000000 08:02 12325582                   /lib/x86_64-linux-gnu/libdl-2.27.so
7f7fc5a43000-7f7fc5c42000 ---p 00003000 08:02 12325582                   /lib/x86_64-linux-gnu/libdl-2.27.so
7f7fc5c42000-7f7fc5c43000 r--p 00002000 08:02 12325582                   /lib/x86_64-linux-gnu/libdl-2.27.so
7f7fc5c43000-7f7fc5c44000 rw-p 00003000 08:02 12325582                   /lib/x86_64-linux-gnu/libdl-2.27.so
7f7fc5c44000-7f7fc5c60000 r-xp 00000000 08:02 12325731                   /lib/x86_64-linux-gnu/libz.so.1.2.11
7f7fc5c60000-7f7fc5e5f000 ---p 0001c000 08:02 12325731                   /lib/x86_64-linux-gnu/libz.so.1.2.11
7f7fc5e5f000-7f7fc5e60000 r--p 0001b000 08:02 12325731                   /lib/x86_64-linux-gnu/libz.so.1.2.11
7f7fc5e60000-7f7fc5e61000 rw-p 0001c000 08:02 12325731                   /lib/x86_64-linux-gnu/libz.so.1.2.11
7f7fc5e61000-7f7fc6048000 r-xp 00000000 08:02 12325559                   /lib/x86_64-linux-gnu/libc-2.27.so
7f7fc6048000-7f7fc6248000 ---p 001e7000 08:02 12325559                   /lib/x86_64-linux-gnu/libc-2.27.so
7f7fc6248000-7f7fc624c000 r--p 001e7000 08:02 12325559                   /lib/x86_64-linux-gnu/libc-2.27.so
7f7fc624c000-7f7fc624e000 rw-p 001eb000 08:02 12325559                   /lib/x86_64-linux-gnu/libc-2.27.so
7f7fc624e000-7f7fc6252000 rw-p 00000000 00:00 0 
7f7fc6252000-7f7fc6260000 r-xp 00000000 08:02 1967604                    /usr/lib/jvm/java-8-openjdk-amd64/jre/lib/amd64/jli/libjli.so
7f7fc6260000-7f7fc645f000 ---p 0000e000 08:02 1967604                    /usr/lib/jvm/java-8-openjdk-amd64/jre/lib/amd64/jli/libjli.so
7f7fc645f000-7f7fc6460000 r--p 0000d000 08:02 1967604                    /usr/lib/jvm/java-8-openjdk-amd64/jre/lib/amd64/jli/libjli.so
7f7fc6460000-7f7fc6461000 rw-p 0000e000 08:02 1967604                    /usr/lib/jvm/java-8-openjdk-amd64/jre/lib/amd64/jli/libjli.so
7f7fc6461000-7f7fc6488000 r-xp 00000000 08:02 12325531                   /lib/x86_64-linux-gnu/ld-2.27.so
7f7fc6488000-7f7fc6489000 r--s 00000000 08:02 5244051                    /home/alb/.m2/repository/org/springframework/boot/spring-boot-starter-thymeleaf/1.3.2.RELEASE/spring-boot-starter-thymeleaf-1.3.2.RELEASE.jar
7f7fc6489000-7f7fc64a4000 r--s 001d6000 08:02 1967658                    /usr/lib/jvm/java-8-openjdk-amd64/jre/lib/ext/nashorn.jar
7f7fc64a4000-7f7fc6562000 rw-p 00000000 00:00 0 
7f7fc6562000-7f7fc6563000 ---p 00000000 00:00 0 
7f7fc6563000-7f7fc6566000 ---p 00000000 00:00 0 
7f7fc6566000-7f7fc6665000 rw-p 00000000 00:00 0 
7f7fc6665000-7f7fc6666000 r--s 0000d000 08:02 1967659                    /usr/lib/jvm/java-8-openjdk-amd64/jre/lib/ext/sunec.jar
7f7fc6666000-7f7fc666b000 r--s 0003c000 08:02 1967667                    /usr/lib/jvm/java-8-openjdk-amd64/jre/lib/ext/sunjce_provider.jar
7f7fc666b000-7f7fc666d000 r--s 00007000 08:02 788204                     /usr/share/java/java-atk-wrapper.jar
7f7fc666d000-7f7fc666e000 r--s 00010000 08:02 1967669                    /usr/lib/jvm/java-8-openjdk-amd64/jre/lib/ext/zipfs.jar
7f7fc666e000-7f7fc6671000 r--s 00039000 08:02 1967668                    /usr/lib/jvm/java-8-openjdk-amd64/jre/lib/ext/sunpkcs11.jar
7f7fc6671000-7f7fc6672000 r--s 0000a000 08:02 1967656                    /usr/lib/jvm/java-8-openjdk-amd64/jre/lib/ext/jaccess.jar
7f7fc6672000-7f7fc667c000 r--s 00116000 08:02 1967657                    /usr/lib/jvm/java-8-openjdk-amd64/jre/lib/ext/localedata.jar
7f7fc667c000-7f7fc6684000 rw-s 00000000 08:02 9830478                    /tmp/hsperfdata_alb/8682
7f7fc6684000-7f7fc6685000 rw-p 00000000 00:00 0 
7f7fc6685000-7f7fc6686000 ---p 00000000 00:00 0 
7f7fc6686000-7f7fc6688000 rw-p 00000000 00:00 0 
7f7fc6688000-7f7fc6689000 r--p 00027000 08:02 12325531                   /lib/x86_64-linux-gnu/ld-2.27.so
7f7fc6689000-7f7fc668a000 rw-p 00028000 08:02 12325531                   /lib/x86_64-linux-gnu/ld-2.27.so
7f7fc668a000-7f7fc668b000 rw-p 00000000 00:00 0 
7ffc16f66000-7ffc16f8a000 rw-p 00000000 00:00 0                          [stack]
7ffc16feb000-7ffc16fee000 r--p 00000000 00:00 0                          [vvar]
7ffc16fee000-7ffc16ff0000 r-xp 00000000 00:00 0                          [vdso]
ffffffffff600000-ffffffffff601000 r-xp 00000000 00:00 0                  [vsyscall]

VM Arguments:
jvm_args: -Xdebug -Xrunjdwp:transport=dt_socket,server=n,address=34515 
java_command: pe.edu.lamolina.pivot.PivotApplication
java_class_path (initial): /home/alb/Proyectos/lamolina-pivot/target/classes:/home/alb/.m2/repository/org/springframework/boot/spring-boot-starter-thymeleaf/1.3.2.RELEASE/spring-boot-starter-thymeleaf-1.3.2.RELEASE.jar:/home/alb/.m2/repository/org/springframework/boot/spring-boot-starter/1.3.2.RELEASE/spring-boot-starter-1.3.2.RELEASE.jar:/home/alb/.m2/repository/org/springframework/boot/spring-boot/1.3.2.RELEASE/spring-boot-1.3.2.RELEASE.jar:/home/alb/.m2/repository/org/springframework/boot/spring-boot-autoconfigure/1.3.2.RELEASE/spring-boot-autoconfigure-1.3.2.RELEASE.jar:/home/alb/.m2/repository/org/springframework/boot/spring-boot-starter-logging/1.3.2.RELEASE/spring-boot-starter-logging-1.3.2.RELEASE.jar:/home/alb/.m2/repository/ch/qos/logback/logback-classic/1.1.3/logback-classic-1.1.3.jar:/home/alb/.m2/repository/ch/qos/logback/logback-core/1.1.3/logback-core-1.1.3.jar:/home/alb/.m2/repository/org/slf4j/jul-to-slf4j/1.7.13/jul-to-slf4j-1.7.13.jar:/home/alb/.m2/repository/org/slf4j/log4j-over-slf4j/1.7.13/log4j-over-slf4j-1.7.13.jar:/home/alb/.m2/repository/org/yaml/snakeyaml/1.16/snakeyaml-1.16.jar:/home/alb/.m2/repository/org/thymeleaf/thymeleaf-spring4/2.1.4.RELEASE/thymeleaf-spring4-2.1.4.RELEASE.jar:/home/alb/.m2/repository/nz/net/ultraq/thymeleaf/thymeleaf-layout-dialect/1.3.1/thymeleaf-layout-dialect-1.3.1.jar:/home/alb/.m2/repository/org/codehaus/groovy/groovy/2.4.4/groovy-2.4.4.jar:/home/alb/.m2/repository/org/springframework/boot/spring-boot-starter-web/1.3.2.RELEASE/spring-boot-starter-web-1.3.2.RELEASE.jar:/home/alb/.m2/repository/org/springframework/boot/spring-boot-starter-tomcat/1.3.2.RELEASE/spring-boot-starter-tomcat-1.3.2.RELEASE.jar:/home/alb/.m2/repository/org/apache/tomcat/embed/tomcat-embed-core/8.0.30/tomcat-embed-core-8.0.30.jar:/home/alb/.m2/repository/org/apache/tomcat/embed/tomcat-embed-el/8.0.30/tomcat-embed-el-8.0.30.jar:/home/alb/.m2/repository/org/apache/tomcat/embed/tomcat-embed-logging-juli/8.0.30/tomcat-embed-logging-juli-8.
Launcher Type: SUN_STANDARD

Environment Variables:
JAVA_HOME=/usr/lib/jvm/java-8-openjdk-amd64
PATH=/usr/local/sbin:/usr/local/bin:/usr/sbin:/usr/bin:/sbin:/bin:/usr/games:/usr/local/games:/snap/bin
USERNAME=alb
LD_LIBRARY_PATH=/usr/lib/jvm/java-8-openjdk-amd64/jre/lib/amd64:/usr/lib/jvm/java-8-openjdk-amd64/jre/lib/i386:
SHELL=/bin/bash
DISPLAY=:0

Signal Handlers:
SIGSEGV: [libjvm.so+0xab92f0], sa_mask[0]=11111111011111111101111111111110, sa_flags=SA_RESTART|SA_SIGINFO
SIGBUS: [libjvm.so+0xab92f0], sa_mask[0]=11111111011111111101111111111110, sa_flags=SA_RESTART|SA_SIGINFO
SIGFPE: [libjvm.so+0x8ee560], sa_mask[0]=11111111011111111101111111111110, sa_flags=SA_RESTART|SA_SIGINFO
SIGPIPE: [libjvm.so+0x8ee560], sa_mask[0]=11111111011111111101111111111110, sa_flags=SA_RESTART|SA_SIGINFO
SIGXFSZ: [libjvm.so+0x8ee560], sa_mask[0]=11111111011111111101111111111110, sa_flags=SA_RESTART|SA_SIGINFO
SIGILL: [libjvm.so+0x8ee560], sa_mask[0]=11111111011111111101111111111110, sa_flags=SA_RESTART|SA_SIGINFO
SIGUSR1: SIG_DFL, sa_mask[0]=00000000000000000000000000000000, sa_flags=none
SIGUSR2: [libjvm.so+0x8ee410], sa_mask[0]=00100000000000000000000000000000, sa_flags=SA_RESTART|SA_SIGINFO
SIGHUP: [libjvm.so+0x8eea80], sa_mask[0]=11111111011111111101111111111110, sa_flags=SA_RESTART|SA_SIGINFO
SIGINT: SIG_IGN, sa_mask[0]=00000000000000000000000000000000, sa_flags=none
SIGTERM: [libjvm.so+0x8eea80], sa_mask[0]=11111111011111111101111111111110, sa_flags=SA_RESTART|SA_SIGINFO
SIGQUIT: [libjvm.so+0x8eea80], sa_mask[0]=11111111011111111101111111111110, sa_flags=SA_RESTART|SA_SIGINFO


---------------  S Y S T E M  ---------------

OS:DISTRIB_ID=Ubuntu
DISTRIB_RELEASE=18.04
DISTRIB_CODENAME=bionic
DISTRIB_DESCRIPTION="Ubuntu 18.04.3 LTS"

uname:Linux 4.15.0-58-generic #64-Ubuntu SMP Tue Aug 6 11:12:41 UTC 2019 x86_64
libc:glibc 2.27 NPTL 2.27 
rlimit: STACK 8192k, CORE 0k, NPROC 47157, NOFILE 1048576, AS infinity
load average:5,82 4,01 2,54

/proc/meminfo:
MemTotal:       12177528 kB
MemFree:          122360 kB
MemAvailable:       4440 kB
Buffers:             584 kB
Cached:           295576 kB
SwapCached:         4384 kB
Active:         10627736 kB
Inactive:        1075076 kB
Active(anon):   10613284 kB
Inactive(anon):  1061664 kB
Active(file):      14452 kB
Inactive(file):    13412 kB
Unevictable:          48 kB
Mlocked:              48 kB
SwapTotal:       2097148 kB
SwapFree:          70324 kB
Dirty:               272 kB
Writeback:           432 kB
AnonPages:      11404968 kB
Mapped:           198404 kB
Shmem:            267836 kB
Slab:             116324 kB
SReclaimable:      48428 kB
SUnreclaim:        67896 kB
KernelStack:       17776 kB
PageTables:        99028 kB
NFS_Unstable:          0 kB
Bounce:                0 kB
WritebackTmp:          0 kB
CommitLimit:     8185912 kB
Committed_AS:   21541936 kB
VmallocTotal:   34359738367 kB
VmallocUsed:           0 kB
VmallocChunk:          0 kB
HardwareCorrupted:     0 kB
AnonHugePages:     49152 kB
ShmemHugePages:        0 kB
ShmemPmdMapped:        0 kB
CmaTotal:              0 kB
CmaFree:               0 kB
HugePages_Total:       0
HugePages_Free:        0
HugePages_Rsvd:        0
HugePages_Surp:        0
Hugepagesize:       2048 kB
DirectMap4k:      249248 kB
DirectMap2M:     9068544 kB
DirectMap1G:     3145728 kB

container (cgroup) information:
container_type: cgroupv1
cpu_cpuset_cpus: 0-3
cpu_memory_nodes: 0
active_processor_count: 4
cpu_quota: -1
cpu_period: 100000
cpu_shares: -1
memory_limit_in_bytes: -1
memory_and_swap_limit_in_bytes: -2
memory_soft_limit_in_bytes: -1
memory_usage_in_bytes: 11982192640
memory_max_usage_in_bytes: 0


CPU:total 4 (initial active 4) (2 cores per cpu, 2 threads per core) family 6 model 142 stepping 9, cmov, cx8, fxsr, mmx, sse, sse2, sse3, ssse3, sse4.1, sse4.2, popcnt, avx, avx2, aes, clmul, erms, 3dnowpref, lzcnt, ht, tsc, tscinvbit, bmi1, bmi2, adx

/proc/cpuinfo:
processor	: 0
vendor_id	: GenuineIntel
cpu family	: 6
model		: 142
model name	: Intel(R) Core(TM) i7-7500U CPU @ 2.70GHz
stepping	: 9
microcode	: 0xb4
cpu MHz		: 835.829
cache size	: 4096 KB
physical id	: 0
siblings	: 4
core id		: 0
cpu cores	: 2
apicid		: 0
initial apicid	: 0
fpu		: yes
fpu_exception	: yes
cpuid level	: 22
wp		: yes
flags		: fpu vme de pse tsc msr pae mce cx8 apic sep mtrr pge mca cmov pat pse36 clflush dts acpi mmx fxsr sse sse2 ss ht tm pbe syscall nx pdpe1gb rdtscp lm constant_tsc art arch_perfmon pebs bts rep_good nopl xtopology nonstop_tsc cpuid aperfmperf tsc_known_freq pni pclmulqdq dtes64 monitor ds_cpl vmx est tm2 ssse3 sdbg fma cx16 xtpr pdcm pcid sse4_1 sse4_2 x2apic movbe popcnt tsc_deadline_timer aes xsave avx f16c rdrand lahf_lm abm 3dnowprefetch cpuid_fault epb invpcid_single pti ssbd ibrs ibpb stibp tpr_shadow vnmi flexpriority ept vpid fsgsbase tsc_adjust bmi1 avx2 smep bmi2 erms invpcid mpx rdseed adx smap clflushopt intel_pt xsaveopt xsavec xgetbv1 xsaves dtherm ida arat pln pts hwp hwp_notify hwp_act_window hwp_epp md_clear flush_l1d
bugs		: cpu_meltdown spectre_v1 spectre_v2 spec_store_bypass l1tf mds swapgs
bogomips	: 5808.00
clflush size	: 64
cache_alignment	: 64
address sizes	: 39 bits physical, 48 bits virtual
power management:

processor	: 1
vendor_id	: GenuineIntel
cpu family	: 6
model		: 142
model name	: Intel(R) Core(TM) i7-7500U CPU @ 2.70GHz
stepping	: 9
microcode	: 0xb4
cpu MHz		: 845.990
cache size	: 4096 KB
physical id	: 0
siblings	: 4
core id		: 1
cpu cores	: 2
apicid		: 2
initial apicid	: 2
fpu		: yes
fpu_exception	: yes
cpuid level	: 22
wp		: yes
flags		: fpu vme de pse tsc msr pae mce cx8 apic sep mtrr pge mca cmov pat pse36 clflush dts acpi mmx fxsr sse sse2 ss ht tm pbe syscall nx pdpe1gb rdtscp lm constant_tsc art arch_perfmon pebs bts rep_good nopl xtopology nonstop_tsc cpuid aperfmperf tsc_known_freq pni pclmulqdq dtes64 monitor ds_cpl vmx est tm2 ssse3 sdbg fma cx16 xtpr pdcm pcid sse4_1 sse4_2 x2apic movbe popcnt tsc_deadline_timer aes xsave avx f16c rdrand lahf_lm abm 3dnowprefetch cpuid_fault epb invpcid_single pti ssbd ibrs ibpb stibp tpr_shadow vnmi flexpriority ept vpid fsgsbase tsc_adjust bmi1 avx2 smep bmi2 erms invpcid mpx rdseed adx smap clflushopt intel_pt xsaveopt xsavec xgetbv1 xsaves dtherm ida arat pln pts hwp hwp_notify hwp_act_window hwp_epp md_clear flush_l1d
bugs		: cpu_meltdown spectre_v1 spectre_v2 spec_store_bypass l1tf mds swapgs
bogomips	: 5808.00
clflush size	: 64
cache_alignment	: 64
address sizes	: 39 bits physical, 48 bits virtual
power management:

processor	: 2
vendor_id	: GenuineIntel
cpu family	: 6
model		: 142
model name	: Intel(R) Core(TM) i7-7500U CPU @ 2.70GHz
stepping	: 9
microcode	: 0xb4
cpu MHz		: 830.471
cache size	: 4096 KB
physical id	: 0
siblings	: 4
core id		: 0
cpu cores	: 2
apicid		: 1
initial apicid	: 1
fpu		: yes
fpu_exception	: yes
cpuid level	: 22
wp		: yes
flags		: fpu vme de pse tsc msr pae mce cx8 apic sep mtrr pge mca cmov pat pse36 clflush dts acpi mmx fxsr sse sse2 ss ht tm pbe syscall nx pdpe1gb rdtscp lm constant_tsc art arch_perfmon pebs bts rep_good nopl xtopology nonstop_tsc cpuid aperfmperf tsc_known_freq pni pclmulqdq dtes64 monitor ds_cpl vmx est tm2 ssse3 sdbg fma cx16 xtpr pdcm pcid sse4_1 sse4_2 x2apic movbe popcnt tsc_deadline_timer aes xsave avx f16c rdrand lahf_lm abm 3dnowprefetch cpuid_fault epb invpcid_single pti ssbd ibrs ibpb stibp tpr_shadow vnmi flexpriority ept vpid fsgsbase tsc_adjust bmi1 avx2 smep bmi2 erms invpcid mpx rdseed adx smap clflushopt intel_pt xsaveopt xsavec xgetbv1 xsaves dtherm ida arat pln pts hwp hwp_notify hwp_act_window hwp_epp md_clear flush_l1d
bugs		: cpu_meltdown spectre_v1 spectre_v2 spec_store_bypass l1tf mds swapgs
bogomips	: 5808.00
clflush size	: 64
cache_alignment	: 64
address sizes	: 39 bits physical, 48 bits virtual
power management:

processor	: 3
vendor_id	: GenuineIntel
cpu family	: 6
model		: 142
model name	: Intel(R) Core(TM) i7-7500U CPU @ 2.70GHz
stepping	: 9
microcode	: 0xb4
cpu MHz		: 835.819
cache size	: 4096 KB
physical id	: 0
siblings	: 4
core id		: 1
cpu cores	: 2
apicid		: 3
initial apicid	: 3
fpu		: yes
fpu_exception	: yes
cpuid level	: 22
wp		: yes
flags		: fpu vme de pse tsc msr pae mce cx8 apic sep mtrr pge mca cmov pat pse36 clflush dts acpi mmx fxsr sse sse2 ss ht tm pbe syscall nx pdpe1gb rdtscp lm constant_tsc art arch_perfmon pebs bts rep_good nopl xtopology nonstop_tsc cpuid aperfmperf tsc_known_freq pni pclmulqdq dtes64 monitor ds_cpl vmx est tm2 ssse3 sdbg fma cx16 xtpr pdcm pcid sse4_1 sse4_2 x2apic movbe popcnt tsc_deadline_timer aes xsave avx f16c rdrand lahf_lm abm 3dnowprefetch cpuid_fault epb invpcid_single pti ssbd ibrs ibpb stibp tpr_shadow vnmi flexpriority ept vpid fsgsbase tsc_adjust bmi1 avx2 smep bmi2 erms invpcid mpx rdseed adx smap clflushopt intel_pt xsaveopt xsavec xgetbv1 xsaves dtherm ida arat pln pts hwp hwp_notify hwp_act_window hwp_epp md_clear flush_l1d
bugs		: cpu_meltdown spectre_v1 spectre_v2 spec_store_bypass l1tf mds swapgs
bogomips	: 5808.00
clflush size	: 64
cache_alignment	: 64
address sizes	: 39 bits physical, 48 bits virtual
power management:



Memory: 4k page, physical 12177528k(122360k free), swap 2097148k(68628k free)

vm_info: OpenJDK 64-Bit Server VM (25.222-b10) for linux-amd64 JRE (1.8.0_222-8u222-b10-1ubuntu1~18.04.1-b10), built on Jul 18 2019 18:52:48 by "buildd" with gcc 7.4.0

time: Tue Oct 15 00:51:00 2019
timezone: -05
elapsed time: 49 seconds (0d 0h 0m 49s)

