#
# There is insufficient memory for the Java Runtime Environment to continue.
# Native memory allocation (malloc) failed to allocate 1828976 bytes for Chunk::new
# Possible reasons:
#   The system is out of physical RAM or swap space
#   In 32 bit mode, the process size limit was hit
# Possible solutions:
#   Reduce memory load on the system
#   Increase physical memory or swap space
#   Check if swap backing store is full
#   Use 64 bit Java on a 64 bit OS
#   Decrease Java heap size (-Xmx/-Xms)
#   Decrease number of Java threads
#   Decrease Java thread stack sizes (-Xss)
#   Set larger code cache with -XX:ReservedCodeCacheSize=
# This output file may be truncated or incomplete.
#
#  Out of Memory Error (allocation.cpp:390), pid=4516, tid=0x0000000000003cbc
#
# JRE version: Java(TM) SE Runtime Environment (8.0_162-b12) (build 1.8.0_162-b12)
# Java VM: Java HotSpot(TM) 64-Bit Server VM (25.162-b12 mixed mode windows-amd64 compressed oops)
# Failed to write core dump. Minidumps are not enabled by default on client versions of Windows
#

---------------  T H R E A D  ---------------

Current thread (0x0000000018d6d000):  JavaThread "C2 CompilerThread0" daemon [_thread_in_native, id=15548, stack(0x000000001a3d0000,0x000000001a4d0000)]

Stack: [0x000000001a3d0000,0x000000001a4d0000]
[error occurred during error reporting (printing stack bounds), id 0xc0000005]

Native frames: (J=compiled Java code, j=interpreted, Vv=VM code, C=native code)


Current CompileTask:
C2:   4920 1969   !   4       org.codehaus.plexus.interpolation.StringSearchInterpolator::interpolate (665 bytes)


---------------  P R O C E S S  ---------------

Java Threads: ( => current thread )
  0x000000001a6f9000 JavaThread "Service Thread" daemon [_thread_blocked, id=8952, stack(0x000000001aad0000,0x000000001abd0000)]
  0x0000000018d7c800 JavaThread "C1 CompilerThread2" daemon [_thread_in_vm, id=14124, stack(0x000000001a5d0000,0x000000001a6d0000)]
  0x0000000018d71800 JavaThread "C2 CompilerThread1" daemon [_thread_in_native, id=9152, stack(0x000000001a4d0000,0x000000001a5d0000)]
=>0x0000000018d6d000 JavaThread "C2 CompilerThread0" daemon [_thread_in_native, id=15548, stack(0x000000001a3d0000,0x000000001a4d0000)]
  0x0000000018d6b800 JavaThread "Attach Listener" daemon [_thread_blocked, id=14268, stack(0x000000001a2d0000,0x000000001a3d0000)]
  0x0000000018d6a000 JavaThread "Signal Dispatcher" daemon [_thread_blocked, id=6160, stack(0x000000001a1d0000,0x000000001a2d0000)]
  0x000000000303d800 JavaThread "Finalizer" daemon [_thread_blocked, id=14188, stack(0x0000000019fc0000,0x000000001a0c0000)]
  0x0000000003032000 JavaThread "Reference Handler" daemon [_thread_blocked, id=5464, stack(0x0000000019ec0000,0x0000000019fc0000)]
  0x0000000002f42800 JavaThread "main" [_thread_in_native, id=11216, stack(0x0000000002db0000,0x0000000002eb0000)]

Other Threads:
  0x0000000018d37000 VMThread [stack: 0x0000000019dc0000,0x0000000019ec0000] [id=7852]
  0x0000000018dce800 WatcherThread [stack: 0x000000001abd0000,0x000000001acd0000] [id=10720]

VM state:not at safepoint (normal execution)

VM Mutex/Monitor currently owned by a thread: None

Heap:
 PSYoungGen      total 87552K, used 43883K [0x000000078b980000, 0x0000000791580000, 0x00000007c0000000)
  eden space 80896K, 46% used [0x000000078b980000,0x000000078dde2f20,0x0000000790880000)
  from space 6656K, 99% used [0x0000000790f00000,0x0000000791578040,0x0000000791580000)
  to   space 6656K, 0% used [0x0000000790880000,0x0000000790880000,0x0000000790f00000)
 ParOldGen       total 108032K, used 2565K [0x0000000722c00000, 0x0000000729580000, 0x000000078b980000)
  object space 108032K, 2% used [0x0000000722c00000,0x0000000722e81770,0x0000000729580000)
 Metaspace       used 13194K, capacity 13544K, committed 13696K, reserved 1060864K
  class space    used 1550K, capacity 1624K, committed 1664K, reserved 1048576K

Card table byte_map: [0x0000000012400000,0x00000000128f0000] byte_map_base: 0x000000000eaea000

Marking Bits: (ParMarkBitMap*) 0x0000000064c70860
 Begin Bits: [0x0000000013040000, 0x0000000015790000)
 End Bits:   [0x0000000015790000, 0x0000000017ee0000)

Polling page: 0x0000000001530000

CodeCache: size=245760Kb used=7882Kb max_used=7882Kb free=237877Kb
 bounds [0x0000000003040000, 0x0000000003800000, 0x0000000012040000]
 total_blobs=2687 nmethods=2363 adapters=236
 compilation: enabled

Compilation events (10 events):
Event: 4.914 Thread 0x0000000018d7c800 2377       2       org.sonatype.aether.ConfigurationProperties::get (12 bytes)
Event: 4.914 Thread 0x0000000018d7c800 nmethod 2377 0x00000000037f7490 code [0x00000000037f7600, 0x00000000037f7798]
Event: 4.914 Thread 0x0000000018d7c800 2380       2       org.sonatype.aether.util.artifact.DefaultArtifact::getBaseVersion (23 bytes)
Event: 4.914 Thread 0x0000000018d7c800 nmethod 2380 0x00000000037f7850 code [0x00000000037f79c0, 0x00000000037f7b88]
Event: 4.914 Thread 0x0000000018d7c800 2379       2       org.sonatype.aether.resolution.VersionResult::setVersion (7 bytes)
Event: 4.914 Thread 0x0000000018d7c800 nmethod 2379 0x00000000037f7c10 code [0x00000000037f7d60, 0x00000000037f7ed0]
Event: 4.914 Thread 0x0000000018d7c800 2382       2       org.sonatype.aether.impl.internal.CacheUtils::repositoriesHashCode (44 bytes)
Event: 4.915 Thread 0x0000000018d7c800 nmethod 2382 0x00000000037f7f50 code [0x00000000037f80e0, 0x00000000037f8398]
Event: 4.915 Thread 0x0000000018d7c800 2383       2       org.apache.maven.artifact.ArtifactUtils::key (75 bytes)
Event: 4.916 Thread 0x0000000018d7c800 nmethod 2383 0x00000000037f85d0 code [0x00000000037f87c0, 0x00000000037f8d68]

GC Heap History (8 events):
Event: 1.348 GC heap before
{Heap before GC invocations=1 (full 0):
 PSYoungGen      total 47104K, used 40448K [0x000000078b980000, 0x000000078ee00000, 0x00000007c0000000)
  eden space 40448K, 100% used [0x000000078b980000,0x000000078e100000,0x000000078e100000)
  from space 6656K, 0% used [0x000000078e780000,0x000000078e780000,0x000000078ee00000)
  to   space 6656K, 0% used [0x000000078e100000,0x000000078e100000,0x000000078e780000)
 ParOldGen       total 108032K, used 0K [0x0000000722c00000, 0x0000000729580000, 0x000000078b980000)
  object space 108032K, 0% used [0x0000000722c00000,0x0000000722c00000,0x0000000729580000)
 Metaspace       used 8656K, capacity 8872K, committed 9216K, reserved 1056768K
  class space    used 1104K, capacity 1185K, committed 1280K, reserved 1048576K
Event: 1.359 GC heap after
Heap after GC invocations=1 (full 0):
 PSYoungGen      total 47104K, used 5565K [0x000000078b980000, 0x000000078ee00000, 0x00000007c0000000)
  eden space 40448K, 0% used [0x000000078b980000,0x000000078b980000,0x000000078e100000)
  from space 6656K, 83% used [0x000000078e100000,0x000000078e66f4f8,0x000000078e780000)
  to   space 6656K, 0% used [0x000000078e780000,0x000000078e780000,0x000000078ee00000)
 ParOldGen       total 108032K, used 16K [0x0000000722c00000, 0x0000000729580000, 0x000000078b980000)
  object space 108032K, 0% used [0x0000000722c00000,0x0000000722c04000,0x0000000729580000)
 Metaspace       used 8656K, capacity 8872K, committed 9216K, reserved 1056768K
  class space    used 1104K, capacity 1185K, committed 1280K, reserved 1048576K
}
Event: 2.467 GC heap before
{Heap before GC invocations=2 (full 0):
 PSYoungGen      total 47104K, used 46013K [0x000000078b980000, 0x000000078ee00000, 0x00000007c0000000)
  eden space 40448K, 100% used [0x000000078b980000,0x000000078e100000,0x000000078e100000)
  from space 6656K, 83% used [0x000000078e100000,0x000000078e66f4f8,0x000000078e780000)
  to   space 6656K, 0% used [0x000000078e780000,0x000000078e780000,0x000000078ee00000)
 ParOldGen       total 108032K, used 16K [0x0000000722c00000, 0x0000000729580000, 0x000000078b980000)
  object space 108032K, 0% used [0x0000000722c00000,0x0000000722c04000,0x0000000729580000)
 Metaspace       used 12578K, capacity 12902K, committed 13184K, reserved 1060864K
  class space    used 1530K, capacity 1613K, committed 1664K, reserved 1048576K
Event: 2.483 GC heap after
Heap after GC invocations=2 (full 0):
 PSYoungGen      total 47104K, used 6642K [0x000000078b980000, 0x0000000791580000, 0x00000007c0000000)
  eden space 40448K, 0% used [0x000000078b980000,0x000000078b980000,0x000000078e100000)
  from space 6656K, 99% used [0x000000078e780000,0x000000078edfca98,0x000000078ee00000)
  to   space 6656K, 0% used [0x000000078e100000,0x000000078e100000,0x000000078e780000)
 ParOldGen       total 108032K, used 813K [0x0000000722c00000, 0x0000000729580000, 0x000000078b980000)
  object space 108032K, 0% used [0x0000000722c00000,0x0000000722ccb770,0x0000000729580000)
 Metaspace       used 12578K, capacity 12902K, committed 13184K, reserved 1060864K
  class space    used 1530K, capacity 1613K, committed 1664K, reserved 1048576K
}
Event: 3.279 GC heap before
{Heap before GC invocations=3 (full 0):
 PSYoungGen      total 47104K, used 47090K [0x000000078b980000, 0x0000000791580000, 0x00000007c0000000)
  eden space 40448K, 100% used [0x000000078b980000,0x000000078e100000,0x000000078e100000)
  from space 6656K, 99% used [0x000000078e780000,0x000000078edfca98,0x000000078ee00000)
  to   space 6656K, 0% used [0x000000078e100000,0x000000078e100000,0x000000078e780000)
 ParOldGen       total 108032K, used 813K [0x0000000722c00000, 0x0000000729580000, 0x000000078b980000)
  object space 108032K, 0% used [0x0000000722c00000,0x0000000722ccb770,0x0000000729580000)
 Metaspace       used 12686K, capacity 12984K, committed 13184K, reserved 1060864K
  class space    used 1532K, capacity 1616K, committed 1664K, reserved 1048576K
Event: 3.293 GC heap after
Heap after GC invocations=3 (full 0):
 PSYoungGen      total 47104K, used 6496K [0x000000078b980000, 0x0000000791580000, 0x00000007c0000000)
  eden space 40448K, 0% used [0x000000078b980000,0x000000078b980000,0x000000078e100000)
  from space 6656K, 97% used [0x000000078e100000,0x000000078e758020,0x000000078e780000)
  to   space 6656K, 0% used [0x0000000790f00000,0x0000000790f00000,0x0000000791580000)
 ParOldGen       total 108032K, used 821K [0x0000000722c00000, 0x0000000729580000, 0x000000078b980000)
  object space 108032K, 0% used [0x0000000722c00000,0x0000000722ccd770,0x0000000729580000)
 Metaspace       used 12686K, capacity 12984K, committed 13184K, reserved 1060864K
  class space    used 1532K, capacity 1616K, committed 1664K, reserved 1048576K
}
Event: 4.164 GC heap before
{Heap before GC invocations=4 (full 0):
 PSYoungGen      total 47104K, used 46944K [0x000000078b980000, 0x0000000791580000, 0x00000007c0000000)
  eden space 40448K, 100% used [0x000000078b980000,0x000000078e100000,0x000000078e100000)
  from space 6656K, 97% used [0x000000078e100000,0x000000078e758020,0x000000078e780000)
  to   space 6656K, 0% used [0x0000000790f00000,0x0000000790f00000,0x0000000791580000)
 ParOldGen       total 108032K, used 821K [0x0000000722c00000, 0x0000000729580000, 0x000000078b980000)
  object space 108032K, 0% used [0x0000000722c00000,0x0000000722ccd770,0x0000000729580000)
 Metaspace       used 12913K, capacity 13206K, committed 13440K, reserved 1060864K
  class space    used 1538K, capacity 1621K, committed 1664K, reserved 1048576K
Event: 4.193 GC heap after
Heap after GC invocations=4 (full 0):
 PSYoungGen      total 87552K, used 6624K [0x000000078b980000, 0x0000000791580000, 0x00000007c0000000)
  eden space 80896K, 0% used [0x000000078b980000,0x000000078b980000,0x0000000790880000)
  from space 6656K, 99% used [0x0000000790f00000,0x0000000791578040,0x0000000791580000)
  to   space 6656K, 0% used [0x0000000790880000,0x0000000790880000,0x0000000790f00000)
 ParOldGen       total 108032K, used 2565K [0x0000000722c00000, 0x0000000729580000, 0x000000078b980000)
  object space 108032K, 2% used [0x0000000722c00000,0x0000000722e81770,0x0000000729580000)
 Metaspace       used 12913K, capacity 13206K, committed 13440K, reserved 1060864K
  class space    used 1538K, capacity 1621K, committed 1664K, reserved 1048576K
}

Deoptimization events (10 events):
Event: 3.648 Thread 0x0000000002f42800 Uncommon trap: reason=unstable_if action=reinterpret pc=0x000000000365e810 method=org.codehaus.plexus.util.xml.pull.MXParser.nextImpl()I @ 310
Event: 3.890 Thread 0x0000000002f42800 Uncommon trap: reason=unstable_if action=reinterpret pc=0x000000000332fa84 method=sun.nio.cs.UTF_8$Decoder.decode([BII[C)I @ 30
Event: 3.891 Thread 0x0000000002f42800 Uncommon trap: reason=unstable_if action=reinterpret pc=0x00000000032ba204 method=sun.nio.cs.UTF_8$Decoder.decodeArrayLoop(Ljava/nio/ByteBuffer;Ljava/nio/CharBuffer;)Ljava/nio/charset/CoderResult; @ 84
Event: 4.055 Thread 0x0000000002f42800 Uncommon trap: reason=class_check action=maybe_recompile pc=0x000000000371a2d4 method=org.apache.maven.model.interpolation.StringSearchModelInterpolator$InterpolateObjectAction.interpolateMapField(Ljava/lang/Object;Ljava/lang/reflect/Field;)V @ 126
Event: 4.154 Thread 0x0000000002f42800 Uncommon trap: reason=unstable_if action=reinterpret pc=0x0000000003477010 method=java.util.LinkedHashMap.afterNodeInsertion(Z)V @ 18
Event: 4.195 Thread 0x0000000002f42800 Uncommon trap: reason=speculate_class_check action=maybe_recompile pc=0x0000000003708f44 method=java.nio.charset.CharsetDecoder.decode(Ljava/nio/ByteBuffer;Ljava/nio/CharBuffer;Z)Ljava/nio/charset/CoderResult; @ 57
Event: 4.196 Thread 0x0000000002f42800 Uncommon trap: reason=speculate_class_check action=maybe_recompile pc=0x0000000003708f44 method=java.nio.charset.CharsetDecoder.decode(Ljava/nio/ByteBuffer;Ljava/nio/CharBuffer;Z)Ljava/nio/charset/CoderResult; @ 57
Event: 4.378 Thread 0x0000000002f42800 Uncommon trap: reason=bimorphic action=maybe_recompile pc=0x00000000034c1460 method=java.util.concurrent.ConcurrentHashMap.get(Ljava/lang/Object;)Ljava/lang/Object; @ 149
Event: 4.391 Thread 0x0000000002f42800 Uncommon trap: reason=bimorphic action=maybe_recompile pc=0x00000000034c1460 method=java.util.concurrent.ConcurrentHashMap.get(Ljava/lang/Object;)Ljava/lang/Object; @ 149
Event: 4.445 Thread 0x0000000002f42800 Uncommon trap: reason=bimorphic action=maybe_recompile pc=0x00000000034c1460 method=java.util.concurrent.ConcurrentHashMap.get(Ljava/lang/Object;)Ljava/lang/Object; @ 149

Classes redefined (0 events):
No events

Internal exceptions (10 events):
Event: 0.691 Thread 0x0000000002f42800 Exception <a 'java/lang/ArrayIndexOutOfBoundsException'> (0x000000078c671418) thrown at [C:\re\workspace\8-2-build-windows-amd64-cygwin\jdk8u162\10278\hotspot\src\share\vm\runtime\sharedRuntime.cpp, line 605]
Event: 0.706 Thread 0x0000000002f42800 Exception <a 'java/lang/ArrayIndexOutOfBoundsException'> (0x000000078c6d2708) thrown at [C:\re\workspace\8-2-build-windows-amd64-cygwin\jdk8u162\10278\hotspot\src\share\vm\runtime\sharedRuntime.cpp, line 605]
Event: 0.978 Thread 0x0000000002f42800 Exception <a 'java/lang/ArrayIndexOutOfBoundsException'> (0x000000078d573678) thrown at [C:\re\workspace\8-2-build-windows-amd64-cygwin\jdk8u162\10278\hotspot\src\share\vm\runtime\sharedRuntime.cpp, line 605]
Event: 0.979 Thread 0x0000000002f42800 Exception <a 'java/lang/ArrayIndexOutOfBoundsException'> (0x000000078d5759c0) thrown at [C:\re\workspace\8-2-build-windows-amd64-cygwin\jdk8u162\10278\hotspot\src\share\vm\runtime\sharedRuntime.cpp, line 605]
Event: 1.150 Thread 0x0000000002f42800 Exception <a 'java/lang/NoClassDefFoundError': org/slf4j/Logger> (0x000000078da94bd0) thrown at [C:\re\workspace\8-2-build-windows-amd64-cygwin\jdk8u162\10278\hotspot\src\share\vm\classfile\systemDictionary.cpp, line 199]
Event: 1.244 Thread 0x0000000002f42800 Exception <a 'java/lang/NoClassDefFoundError': org/slf4j/LoggerFactory> (0x000000078dd40bc8) thrown at [C:\re\workspace\8-2-build-windows-amd64-cygwin\jdk8u162\10278\hotspot\src\share\vm\classfile\systemDictionary.cpp, line 199]
Event: 1.244 Thread 0x0000000002f42800 Exception <a 'java/lang/NoClassDefFoundError'> (0x000000078dd40bc8) thrown at [C:\re\workspace\8-2-build-windows-amd64-cygwin\jdk8u162\10278\hotspot\src\share\vm\oops\instanceKlass.cpp, line 959]
Event: 2.315 Thread 0x0000000002f42800 Implicit null exception at 0x00000000033edc15 to 0x00000000033ede39
Event: 2.316 Thread 0x0000000002f42800 Implicit null exception at 0x00000000033d103b to 0x00000000033d1619
Event: 3.297 Thread 0x0000000002f42800 Implicit null exception at 0x0000000003630cc0 to 0x0000000003631e8d

Events (10 events):
Event: 4.854 loading class java/util/IdentityHashMap$EntryIterator$Entry
Event: 4.854 loading class java/util/IdentityHashMap$EntryIterator$Entry done
Event: 4.857 loading class org/sonatype/aether/util/graph/transformer/NearestVersionConflictResolver$ConflictGroup
Event: 4.857 loading class org/sonatype/aether/util/graph/transformer/NearestVersionConflictResolver$ConflictGroup done
Event: 4.857 loading class org/sonatype/aether/util/graph/transformer/NearestVersionConflictResolver$Position
Event: 4.857 loading class org/sonatype/aether/util/graph/transformer/NearestVersionConflictResolver$Position done
Event: 4.900 loading class org/sonatype/aether/util/graph/Stack
Event: 4.900 loading class org/sonatype/aether/util/graph/Stack done
Event: 4.900 loading class org/sonatype/aether/util/graph/TreeDependencyVisitor
Event: 4.900 loading class org/sonatype/aether/util/graph/TreeDependencyVisitor done


Dynamic libraries:
0x00007ff688590000 - 0x00007ff6885c7000 	C:\Program Files\Java\jdk1.8.0_162\bin\java.exe
0x00007ffcde4f0000 - 0x00007ffcde6d1000 	C:\WINDOWS\SYSTEM32\ntdll.dll
0x00007ffcdb980000 - 0x00007ffcdba32000 	C:\WINDOWS\System32\KERNEL32.DLL
0x00007ffcdb700000 - 0x00007ffcdb973000 	C:\WINDOWS\System32\KERNELBASE.dll
0x00007ffcde350000 - 0x00007ffcde3f1000 	C:\WINDOWS\System32\ADVAPI32.dll
0x00007ffcdd010000 - 0x00007ffcdd0ae000 	C:\WINDOWS\System32\msvcrt.dll
0x00007ffcde460000 - 0x00007ffcde4bb000 	C:\WINDOWS\System32\sechost.dll
0x00007ffcdd7e0000 - 0x00007ffcdd904000 	C:\WINDOWS\System32\RPCRT4.dll
0x00007ffcdd260000 - 0x00007ffcdd3f0000 	C:\WINDOWS\System32\USER32.dll
0x00007ffcdaaf0000 - 0x00007ffcdab10000 	C:\WINDOWS\System32\win32u.dll
0x00007ffcde430000 - 0x00007ffcde458000 	C:\WINDOWS\System32\GDI32.dll
0x00007ffcdb470000 - 0x00007ffcdb602000 	C:\WINDOWS\System32\gdi32full.dll
0x00007ffcdb610000 - 0x00007ffcdb6af000 	C:\WINDOWS\System32\msvcp_win.dll
0x00007ffcda8c0000 - 0x00007ffcda9ba000 	C:\WINDOWS\System32\ucrtbase.dll
0x00007ffcc9550000 - 0x00007ffcc97b9000 	C:\WINDOWS\WinSxS\amd64_microsoft.windows.common-controls_6595b64144ccf1df_6.0.17134.407_none_fb449d63306391e9\COMCTL32.dll
0x00007ffcdd910000 - 0x00007ffcddc32000 	C:\WINDOWS\System32\combase.dll
0x00007ffcdaa70000 - 0x00007ffcdaaea000 	C:\WINDOWS\System32\bcryptPrimitives.dll
0x00007ffcdbaa0000 - 0x00007ffcdbacd000 	C:\WINDOWS\System32\IMM32.DLL
0x0000000064370000 - 0x0000000064441000 	C:\Program Files\Java\jdk1.8.0_162\jre\bin\msvcr100.dll
0x0000000064450000 - 0x0000000064cf0000 	C:\Program Files\Java\jdk1.8.0_162\jre\bin\server\jvm.dll
0x00007ffcdd680000 - 0x00007ffcdd688000 	C:\WINDOWS\System32\PSAPI.DLL
0x00007ffccbba0000 - 0x00007ffccbbaa000 	C:\WINDOWS\SYSTEM32\VERSION.dll
0x00007ffcd6c10000 - 0x00007ffcd6c33000 	C:\WINDOWS\SYSTEM32\WINMM.dll
0x00007ffcc84a0000 - 0x00007ffcc84a9000 	C:\WINDOWS\SYSTEM32\WSOCK32.dll
0x00007ffcde2e0000 - 0x00007ffcde34c000 	C:\WINDOWS\System32\WS2_32.dll
0x00007ffcd6dc0000 - 0x00007ffcd6dea000 	C:\WINDOWS\SYSTEM32\winmmbase.dll
0x00007ffcdb6b0000 - 0x00007ffcdb6f9000 	C:\WINDOWS\System32\cfgmgr32.dll
0x0000000064f40000 - 0x0000000064f4f000 	C:\Program Files\Java\jdk1.8.0_162\jre\bin\verify.dll
0x0000000064f10000 - 0x0000000064f39000 	C:\Program Files\Java\jdk1.8.0_162\jre\bin\java.dll
0x0000000064350000 - 0x0000000064366000 	C:\Program Files\Java\jdk1.8.0_162\jre\bin\zip.dll
0x00007ffcdbb30000 - 0x00007ffcdcf6f000 	C:\WINDOWS\System32\SHELL32.dll
0x00007ffcdd3f0000 - 0x00007ffcdd499000 	C:\WINDOWS\System32\shcore.dll
0x00007ffcdad00000 - 0x00007ffcdb40d000 	C:\WINDOWS\System32\windows.storage.dll
0x00007ffcdd4a0000 - 0x00007ffcdd4f1000 	C:\WINDOWS\System32\shlwapi.dll
0x00007ffcda8a0000 - 0x00007ffcda8b1000 	C:\WINDOWS\System32\kernel.appcore.dll
0x00007ffcda810000 - 0x00007ffcda82f000 	C:\WINDOWS\System32\profapi.dll
0x00007ffcda850000 - 0x00007ffcda89c000 	C:\WINDOWS\System32\powrprof.dll
0x00007ffcda800000 - 0x00007ffcda80a000 	C:\WINDOWS\System32\FLTLIB.DLL
0x0000000064330000 - 0x000000006434a000 	C:\Program Files\Java\jdk1.8.0_162\jre\bin\net.dll
0x00007ffcda020000 - 0x00007ffcda086000 	C:\WINDOWS\system32\mswsock.dll
0x0000000064310000 - 0x0000000064321000 	C:\Program Files\Java\jdk1.8.0_162\jre\bin\nio.dll

VM Arguments:
jvm_args: -Dclassworlds.conf=C:\Program Files\NetBeans 8.2\java\maven\bin\m2.conf -Dmaven.home=C:\Program Files\NetBeans 8.2\java\maven 
java_command: org.codehaus.plexus.classworlds.launcher.Launcher -Dexec.args=-classpath %classpath pe.edu.lamolina.pivot.zelper.Laboratory -Dexec.executable=C:\Program Files\Java\jdk1.8.0_162\bin\java.exe -Dexec.classpathScope=runtime -Dmaven.ext.class.path=C:\Program Files\NetBeans 8.2\java\maven-nblib\netbeans-eventspy.jar -Dfile.encoding=UTF-8 org.codehaus.mojo:exec-maven-plugin:1.2.1:exec
java_class_path (initial): C:\Program Files\NetBeans 8.2\java\maven\boot\plexus-classworlds-2.4.jar
Launcher Type: SUN_STANDARD

Environment Variables:
JAVA_HOME=C:\Program Files\Java\jdk1.8.0_162
PATH=C:\oraclexe\app\oracle\product\11.2.0\server\bin;;C:\ProgramData\Oracle\Java\javapath;C:\app\Albatros\virtual\product\12.2.0\dbhome_1\bin;C:\WINDOWS\system32;C:\WINDOWS;C:\WINDOWS\System32\Wbem;C:\WINDOWS\System32\WindowsPowerShell\v1.0\;C:\Program Files\MySQL\MySQL Server 5.5\bin;C:\Program Files\Git\cmd;C:\Program Files (x86)\Windows Live\Shared;C:\Program Files\MySQL\MySQL Utilities 1.6\;C:\Program Files\MySQL\MySQL Server 5.7\bin;C:\Program Files\PuTTY\;C:\Program Files\Amazon\AWSCLI\;C:\WINDOWS\System32\OpenSSH\;C:\Program Files\nodejs\;C:\Program Files\Redis\;C:\Users\Albatros\AppData\Local\Programs\Python\Python36-32\Scripts\;C:\Users\Albatros\AppData\Local\Programs\Python\Python36-32\;C:\Ruby24-x64\bin;C:\Users\Albatros\AppData\Local\Microsoft\WindowsApps;C:\Users\Albatros\AppData\Local\atom\bin;C:\Users\Albatros\AppData\Local\Microsoft\WindowsApps;C:\Program Files\Microsoft VS Code\bin;C:\Users\Albatros\AppData\Roaming\npm;C:\Program Files\Sublime Text 3;C:\Program Files\Redis;
USERNAME=Albatros
OS=Windows_NT
PROCESSOR_IDENTIFIER=Intel64 Family 6 Model 78 Stepping 3, GenuineIntel



---------------  S Y S T E M  ---------------

OS: Windows 10.0 , 64 bit Build 17134 (10.0.17134.1)

CPU:total 4 (initial active 4) (2 cores per cpu, 2 threads per core) family 6 model 78 stepping 3, cmov, cx8, fxsr, mmx, sse, sse2, sse3, ssse3, sse4.1, sse4.2, popcnt, avx, avx2, aes, clmul, erms, 3dnowpref, lzcnt, ht, tsc, tscinvbit, bmi1, bmi2, adx

Memory: 4k page, physical 10301792k(2625084k free), swap 15074172k(5924k free)

vm_info: Java HotSpot(TM) 64-Bit Server VM (25.162-b12) for windows-amd64 JRE (1.8.0_162-b12), built on Dec 19 2017 20:00:03 by "java_re" with MS VC++ 10.0 (VS2010)

time: Thu Nov 29 09:17:47 2018
elapsed time: 4 seconds (0d 0h 0m 4s)

