#
# There is insufficient memory for the Java Runtime Environment to continue.
# Native memory allocation (mmap) failed to map 196083712 bytes for committing reserved memory.
# Possible reasons:
#   The system is out of physical RAM or swap space
#   In 32 bit mode, the process size limit was hit
# Possible solutions:
#   Reduce memory load on the system
#   Increase physical memory or swap space
#   Check if swap backing store is full
#   Use 64 bit Java on a 64 bit OS
#   Decrease Java heap size (-Xmx/-Xms)
#   Decrease number of Java threads
#   Decrease Java thread stack sizes (-Xss)
#   Set larger code cache with -XX:ReservedCodeCacheSize=
# This output file may be truncated or incomplete.
#
#  Out of Memory Error (os_linux.cpp:2746), pid=30157, tid=0x00007f1c974f4700
#
# JRE version: OpenJDK Runtime Environment (8.0_191-b12) (build 1.8.0_191-8u191-b12-2ubuntu0.18.04.1-b12)
# Java VM: OpenJDK 64-Bit Server VM (25.191-b12 mixed mode linux-amd64 compressed oops)
# Failed to write core dump. Core dumps have been disabled. To enable core dumping, try "ulimit -c unlimited" before starting Java again
#

---------------  T H R E A D  ---------------

Current thread (0x00007f1cac079000):  VMThread [stack: 0x00007f1c973f5000,0x00007f1c974f5000] [id=30165]

Stack: [0x00007f1c973f5000,0x00007f1c974f5000],  sp=0x00007f1c974f3450,  free space=1017k
Native frames: (J=compiled Java code, j=interpreted, Vv=VM code, C=native code)
V  [libjvm.so+0xab2552]
V  [libjvm.so+0x4d9e37]
V  [libjvm.so+0x8ed5e0]
V  [libjvm.so+0x8e470e]
V  [libjvm.so+0x968466]
V  [libjvm.so+0x9697d8]
V  [libjvm.so+0x965dd6]
V  [libjvm.so+0x95e529]
V  [libjvm.so+0x455fe3]
V  [libjvm.so+0xab36c1]
V  [libjvm.so+0xab8dd6]
V  [libjvm.so+0xab7075]
V  [libjvm.so+0xab79ed]
V  [libjvm.so+0xab7dc7]
V  [libjvm.so+0x8ea992]

VM_Operation (0x00007f1c9651d180): CollectForMetadataAllocation, mode: safepoint, requested by thread 0x00007f1cac0be800


---------------  P R O C E S S  ---------------

Java Threads: ( => current thread )
  0x00007f1cac781800 JavaThread "process reaper" daemon [_thread_blocked, id=30175, stack(0x00007f1c95d67000,0x00007f1c95da0000)]
  0x00007f1cac0ca000 JavaThread "Service Thread" daemon [_thread_blocked, id=30172, stack(0x00007f1c9631d000,0x00007f1c9641e000)]
  0x00007f1cac0be800 JavaThread "C1 CompilerThread2" daemon [_thread_blocked, id=30171, stack(0x00007f1c9641f000,0x00007f1c9651f000)]
  0x00007f1cac0bd000 JavaThread "C2 CompilerThread1" daemon [_thread_blocked, id=30170, stack(0x00007f1c96520000,0x00007f1c96620000)]
  0x00007f1cac0ba000 JavaThread "C2 CompilerThread0" daemon [_thread_blocked, id=30169, stack(0x00007f1c96621000,0x00007f1c96721000)]
  0x00007f1cac0b8800 JavaThread "Signal Dispatcher" daemon [_thread_blocked, id=30168, stack(0x00007f1c96721000,0x00007f1c96822000)]
  0x00007f1cac085800 JavaThread "Finalizer" daemon [_thread_blocked, id=30167, stack(0x00007f1c971f2000,0x00007f1c972f3000)]
  0x00007f1cac083000 JavaThread "Reference Handler" daemon [_thread_blocked, id=30166, stack(0x00007f1c972f3000,0x00007f1c973f4000)]
  0x00007f1cac00b800 JavaThread "main" [_thread_blocked, id=30160, stack(0x00007f1cb4d76000,0x00007f1cb4e76000)]

Other Threads:
=>0x00007f1cac079000 VMThread [stack: 0x00007f1c973f5000,0x00007f1c974f5000] [id=30165]
  0x00007f1cac0cc800 WatcherThread [stack: 0x00007f1c9621d000,0x00007f1c9631d000] [id=30173]

VM state:at safepoint (normal execution)

VM Mutex/Monitor currently owned by a thread:  ([mutex/lock_event])
[0x00007f1cac007f80] Threads_lock - owner thread: 0x00007f1cac079000
[0x00007f1cac008480] Heap_lock - owner thread: 0x00007f1cac0be800
[0x00007f1cac008a00] MethodData_lock - owner thread: 0x00007f1cac0be800

Heap:
 PSYoungGen      total 413184K, used 31985K [0x0000000782100000, 0x00000007a0300000, 0x00000007c0000000)
  eden space 358400K, 0% used [0x0000000782100000,0x0000000782100000,0x0000000797f00000)
  from space 54784K, 58% used [0x0000000797f00000,0x0000000799e3c5d0,0x000000079b480000)
  to   space 29184K, 0% used [0x000000079b480000,0x000000079b480000,0x000000079d100000)
 ParOldGen       total 126976K, used 85481K [0x0000000706200000, 0x000000070de00000, 0x0000000782100000)
  object space 126976K, 67% used [0x0000000706200000,0x000000070b57a6f8,0x000000070de00000)
 Metaspace       used 20584K, capacity 21110K, committed 21248K, reserved 1069056K
  class space    used 2289K, capacity 2443K, committed 2560K, reserved 1048576K

Card table byte_map: [0x00007f1cb0d47000,0x00007f1cb1317000] byte_map_base: 0x00007f1cad516000

Marking Bits: (ParMarkBitMap*) 0x00007f1cb4014340
 Begin Bits: [0x00007f1c7a310000, 0x00007f1c7d188000)
 End Bits:   [0x00007f1c7d188000, 0x00007f1c80000000)

Polling page: 0x00007f1cb4e95000

CodeCache: size=245760Kb used=16001Kb max_used=16046Kb free=229758Kb
 bounds [0x00007f1c9d000000, 0x00007f1c9dfd0000, 0x00007f1cac000000]
 total_blobs=4515 nmethods=4148 adapters=281
 compilation: enabled

Compilation events (10 events):
Event: 14,747 Thread 0x00007f1cac0be800 nmethod 4903 0x00007f1c9dca4c10 code [0x00007f1c9dca4d80, 0x00007f1c9dca4fa8]
Event: 14,747 Thread 0x00007f1cac0be800 4904       3       com.sun.tools.javac.tree.TreeScanner::visitAnnotation (17 bytes)
Event: 14,747 Thread 0x00007f1cac0be800 nmethod 4904 0x00007f1c9dca46d0 code [0x00007f1c9dca4840, 0x00007f1c9dca4b38]
Event: 14,747 Thread 0x00007f1cac0be800 4905       3       com.sun.tools.javac.code.TypeAnnotationPosition::<init> (78 bytes)
Event: 14,747 Thread 0x00007f1cac0be800 nmethod 4905 0x00007f1c9dca4190 code [0x00007f1c9dca4300, 0x00007f1c9dca45d0]
Event: 14,759 Thread 0x00007f1cac0be800 4906       3       java.util.LinkedHashSet::<init> (10 bytes)
Event: 14,760 Thread 0x00007f1cac0be800 nmethod 4906 0x00007f1c9dca1c10 code [0x00007f1c9dca1dc0, 0x00007f1c9dca21e8]
Event: 14,761 Thread 0x00007f1cac0be800 4907       1       com.sun.tools.javac.code.Type::isPrimitiveOrVoid (2 bytes)
Event: 14,761 Thread 0x00007f1cac0be800 nmethod 4907 0x00007f1c9dc59a10 code [0x00007f1c9dc59b60, 0x00007f1c9dc59c70]
Event: 14,762 Thread 0x00007f1cac0be800 4909       3       com.sun.tools.javac.comp.Attr$TypeAnnotationsValidator::validateAnnotatedType (716 bytes)

GC Heap History (10 events):
Event: 2,872 GC heap after
Heap after GC invocations=4 (full 0):
 PSYoungGen      total 103936K, used 7664K [0x0000000782100000, 0x0000000788e00000, 0x00000007c0000000)
  eden space 96256K, 0% used [0x0000000782100000,0x0000000782100000,0x0000000787f00000)
  from space 7680K, 99% used [0x0000000788680000,0x0000000788dfc030,0x0000000788e00000)
  to   space 7680K, 0% used [0x0000000787f00000,0x0000000787f00000,0x0000000788680000)
 ParOldGen       total 126976K, used 2542K [0x0000000706200000, 0x000000070de00000, 0x0000000782100000)
  object space 126976K, 2% used [0x0000000706200000,0x000000070647b8f0,0x000000070de00000)
 Metaspace       used 13814K, capacity 14160K, committed 14336K, reserved 1062912K
  class space    used 1592K, capacity 1704K, committed 1792K, reserved 1048576K
}
Event: 4,186 GC heap before
{Heap before GC invocations=5 (full 0):
 PSYoungGen      total 103936K, used 103920K [0x0000000782100000, 0x0000000788e00000, 0x00000007c0000000)
  eden space 96256K, 100% used [0x0000000782100000,0x0000000787f00000,0x0000000787f00000)
  from space 7680K, 99% used [0x0000000788680000,0x0000000788dfc030,0x0000000788e00000)
  to   space 7680K, 0% used [0x0000000787f00000,0x0000000787f00000,0x0000000788680000)
 ParOldGen       total 126976K, used 2542K [0x0000000706200000, 0x000000070de00000, 0x0000000782100000)
  object space 126976K, 2% used [0x0000000706200000,0x000000070647b8f0,0x000000070de00000)
 Metaspace       used 14807K, capacity 15250K, committed 15360K, reserved 1062912K
  class space    used 1693K, capacity 1787K, committed 1792K, reserved 1048576K
Event: 4,197 GC heap after
Heap after GC invocations=5 (full 0):
 PSYoungGen      total 103936K, used 7664K [0x0000000782100000, 0x000000078f400000, 0x00000007c0000000)
  eden space 96256K, 0% used [0x0000000782100000,0x0000000782100000,0x0000000787f00000)
  from space 7680K, 99% used [0x0000000787f00000,0x000000078867c010,0x0000000788680000)
  to   space 11776K, 0% used [0x000000078e880000,0x000000078e880000,0x000000078f400000)
 ParOldGen       total 126976K, used 5328K [0x0000000706200000, 0x000000070de00000, 0x0000000782100000)
  object space 126976K, 4% used [0x0000000706200000,0x00000007067343a8,0x000000070de00000)
 Metaspace       used 14807K, capacity 15250K, committed 15360K, reserved 1062912K
  class space    used 1693K, capacity 1787K, committed 1792K, reserved 1048576K
}
Event: 7,842 GC heap before
{Heap before GC invocations=6 (full 0):
 PSYoungGen      total 103936K, used 103920K [0x0000000782100000, 0x000000078f400000, 0x00000007c0000000)
  eden space 96256K, 100% used [0x0000000782100000,0x0000000787f00000,0x0000000787f00000)
  from space 7680K, 99% used [0x0000000787f00000,0x000000078867c010,0x0000000788680000)
  to   space 11776K, 0% used [0x000000078e880000,0x000000078e880000,0x000000078f400000)
 ParOldGen       total 126976K, used 5328K [0x0000000706200000, 0x000000070de00000, 0x0000000782100000)
  object space 126976K, 4% used [0x0000000706200000,0x00000007067343a8,0x000000070de00000)
 Metaspace       used 14938K, capacity 15378K, committed 15616K, reserved 1062912K
  class space    used 1695K, capacity 1787K, committed 1792K, reserved 1048576K
Event: 7,858 GC heap after
Heap after GC invocations=6 (full 0):
 PSYoungGen      total 203776K, used 9872K [0x0000000782100000, 0x000000078f500000, 0x00000007c0000000)
  eden space 192000K, 0% used [0x0000000782100000,0x0000000782100000,0x000000078dc80000)
  from space 11776K, 83% used [0x000000078e880000,0x000000078f224010,0x000000078f400000)
  to   space 12288K, 0% used [0x000000078dc80000,0x000000078dc80000,0x000000078e880000)
 ParOldGen       total 126976K, used 5336K [0x0000000706200000, 0x000000070de00000, 0x0000000782100000)
  object space 126976K, 4% used [0x0000000706200000,0x00000007067363a8,0x000000070de00000)
 Metaspace       used 14938K, capacity 15378K, committed 15616K, reserved 1062912K
  class space    used 1695K, capacity 1787K, committed 1792K, reserved 1048576K
}
Event: 12,009 GC heap before
{Heap before GC invocations=7 (full 0):
 PSYoungGen      total 203776K, used 201872K [0x0000000782100000, 0x000000078f500000, 0x00000007c0000000)
  eden space 192000K, 100% used [0x0000000782100000,0x000000078dc80000,0x000000078dc80000)
  from space 11776K, 83% used [0x000000078e880000,0x000000078f224010,0x000000078f400000)
  to   space 12288K, 0% used [0x000000078dc80000,0x000000078dc80000,0x000000078e880000)
 ParOldGen       total 126976K, used 5336K [0x0000000706200000, 0x000000070de00000, 0x0000000782100000)
  object space 126976K, 4% used [0x0000000706200000,0x00000007067363a8,0x000000070de00000)
 Metaspace       used 19518K, capacity 20118K, committed 20352K, reserved 1067008K
  class space    used 2244K, capacity 2411K, committed 2432K, reserved 1048576K
Event: 12,071 GC heap after
Heap after GC invocations=7 (full 0):
 PSYoungGen      total 204288K, used 12287K [0x0000000782100000, 0x000000079d100000, 0x00000007c0000000)
  eden space 192000K, 0% used [0x0000000782100000,0x0000000782100000,0x000000078dc80000)
  from space 12288K, 99% used [0x000000078dc80000,0x000000078e87fe78,0x000000078e880000)
  to   space 29184K, 0% used [0x000000079b480000,0x000000079b480000,0x000000079d100000)
 ParOldGen       total 126976K, used 35995K [0x0000000706200000, 0x000000070de00000, 0x0000000782100000)
  object space 126976K, 28% used [0x0000000706200000,0x0000000708526e10,0x000000070de00000)
 Metaspace       used 19518K, capacity 20118K, committed 20352K, reserved 1067008K
  class space    used 2244K, capacity 2411K, committed 2432K, reserved 1048576K
}
Event: 14,340 GC heap before
{Heap before GC invocations=8 (full 0):
 PSYoungGen      total 204288K, used 204287K [0x0000000782100000, 0x000000079d100000, 0x00000007c0000000)
  eden space 192000K, 100% used [0x0000000782100000,0x000000078dc80000,0x000000078dc80000)
  from space 12288K, 99% used [0x000000078dc80000,0x000000078e87fe78,0x000000078e880000)
  to   space 29184K, 0% used [0x000000079b480000,0x000000079b480000,0x000000079d100000)
 ParOldGen       total 126976K, used 35995K [0x0000000706200000, 0x000000070de00000, 0x0000000782100000)
  object space 126976K, 28% used [0x0000000706200000,0x0000000708526e10,0x000000070de00000)
 Metaspace       used 20227K, capacity 20758K, committed 20864K, reserved 1067008K
  class space    used 2270K, capacity 2411K, committed 2432K, reserved 1048576K
Event: 14,430 GC heap after
Heap after GC invocations=8 (full 0):
 PSYoungGen      total 387584K, used 29173K [0x0000000782100000, 0x00000007a0300000, 0x00000007c0000000)
  eden space 358400K, 0% used [0x0000000782100000,0x0000000782100000,0x0000000797f00000)
  from space 29184K, 99% used [0x000000079b480000,0x000000079d0fd528,0x000000079d100000)
  to   space 54784K, 0% used [0x0000000797f00000,0x0000000797f00000,0x000000079b480000)
 ParOldGen       total 126976K, used 84033K [0x0000000706200000, 0x000000070de00000, 0x0000000782100000)
  object space 126976K, 66% used [0x0000000706200000,0x000000070b4106f8,0x000000070de00000)
 Metaspace       used 20227K, capacity 20758K, committed 20864K, reserved 1067008K
  class space    used 2270K, capacity 2411K, committed 2432K, reserved 1048576K
}
Event: 14,764 GC heap before
{Heap before GC invocations=9 (full 0):
 PSYoungGen      total 387584K, used 57725K [0x0000000782100000, 0x00000007a0300000, 0x00000007c0000000)
  eden space 358400K, 7% used [0x0000000782100000,0x0000000783ce1fb8,0x0000000797f00000)
  from space 29184K, 99% used [0x000000079b480000,0x000000079d0fd528,0x000000079d100000)
  to   space 54784K, 0% used [0x0000000797f00000,0x0000000797f00000,0x000000079b480000)
 ParOldGen       total 126976K, used 84033K [0x0000000706200000, 0x000000070de00000, 0x0000000782100000)
  object space 126976K, 66% used [0x0000000706200000,0x000000070b4106f8,0x000000070de00000)
 Metaspace       used 20584K, capacity 21110K, committed 21248K, reserved 1069056K
  class space    used 2289K, capacity 2443K, committed 2560K, reserved 1048576K

Deoptimization events (10 events):
Event: 14,510 Thread 0x00007f1cac00b800 Uncommon trap: reason=unstable_if action=reinterpret pc=0x00007f1c9df64cf0 method=com.sun.tools.javac.comp.Resolve.findIdent(Lcom/sun/tools/javac/comp/Env;Lcom/sun/tools/javac/util/Name;I)Lcom/sun/tools/javac/code/Symbol; @ 9
Event: 14,510 Thread 0x00007f1cac00b800 Uncommon trap: reason=speculate_class_check action=maybe_recompile pc=0x00007f1c9df0ed18 method=com.sun.tools.javac.code.Type.hasTag(Lcom/sun/tools/javac/code/TypeTag;)Z @ 2
Event: 14,510 Thread 0x00007f1cac00b800 Uncommon trap: reason=bimorphic action=maybe_recompile pc=0x00007f1c9df8069c method=com.sun.tools.javac.comp.Attr.checkIdInternal(Lcom/sun/tools/javac/tree/JCTree;Lcom/sun/tools/javac/code/Type;Lcom/sun/tools/javac/code/Symbol;Lcom/sun/tools/javac/code/Ty
Event: 14,515 Thread 0x00007f1cac00b800 Uncommon trap: reason=bimorphic action=maybe_recompile pc=0x00007f1c9df8069c method=com.sun.tools.javac.comp.Attr.checkIdInternal(Lcom/sun/tools/javac/tree/JCTree;Lcom/sun/tools/javac/code/Type;Lcom/sun/tools/javac/code/Symbol;Lcom/sun/tools/javac/code/Ty
Event: 14,527 Thread 0x00007f1cac00b800 Uncommon trap: reason=bimorphic action=maybe_recompile pc=0x00007f1c9df8069c method=com.sun.tools.javac.comp.Attr.checkIdInternal(Lcom/sun/tools/javac/tree/JCTree;Lcom/sun/tools/javac/code/Type;Lcom/sun/tools/javac/code/Symbol;Lcom/sun/tools/javac/code/Ty
Event: 14,586 Thread 0x00007f1cac00b800 Uncommon trap: reason=bimorphic action=maybe_recompile pc=0x00007f1c9dcc8864 method=com.sun.tools.javac.code.Type$ClassType.isErroneous()Z @ 1
Event: 14,586 Thread 0x00007f1cac00b800 Uncommon trap: reason=unstable_if action=reinterpret pc=0x00007f1c9de26f1c method=com.sun.tools.javac.code.Types.capture(Lcom/sun/tools/javac/code/Type;)Lcom/sun/tools/javac/code/Type; @ 90
Event: 14,587 Thread 0x00007f1cac00b800 Uncommon trap: reason=bimorphic action=maybe_recompile pc=0x00007f1c9dcc8864 method=com.sun.tools.javac.code.Type$ClassType.isErroneous()Z @ 1
Event: 14,610 Thread 0x00007f1cac00b800 Uncommon trap: reason=unstable_if action=reinterpret pc=0x00007f1c9df56080 method=com.sun.tools.javac.code.Types$18.visitClassType(Lcom/sun/tools/javac/code/Type$ClassType;Ljava/lang/Void;)Lcom/sun/tools/javac/code/Type; @ 4
Event: 14,681 Thread 0x00007f1cac00b800 Uncommon trap: reason=predicate action=maybe_recompile pc=0x00007f1c9dd34bf8 method=com.sun.tools.javac.tree.TreeScanner.scan(Lcom/sun/tools/javac/util/List;)V @ 13

Classes redefined (0 events):
No events

Internal exceptions (10 events):
Event: 3,243 Thread 0x00007f1cac00b800 Exception <a 'java/lang/NoClassDefFoundError': org/slf4j/Logger> (0x000000078403d468) thrown at [/build/openjdk-8-5w_p1G/openjdk-8-8u191-b12/src/hotspot/src/share/vm/oops/constantPool.cpp, line 235]
Event: 3,479 Thread 0x00007f1cac00b800 Implicit null exception at 0x00007f1c9d8fedd5 to 0x00007f1c9d8feea1
Event: 3,607 Thread 0x00007f1cac00b800 Exception <a 'java/lang/NoClassDefFoundError': org/slf4j/Logger> (0x0000000785c643d0) thrown at [/build/openjdk-8-5w_p1G/openjdk-8-8u191-b12/src/hotspot/src/share/vm/oops/constantPool.cpp, line 235]
Event: 7,775 Thread 0x00007f1cac00b800 Implicit null exception at 0x00007f1c9daeb15a to 0x00007f1c9daed749
Event: 8,748 Thread 0x00007f1cac00b800 Exception <a 'java/lang/NoClassDefFoundError': org/slf4j/Logger> (0x00000007824199a8) thrown at [/build/openjdk-8-5w_p1G/openjdk-8-8u191-b12/src/hotspot/src/share/vm/oops/constantPool.cpp, line 235]
Event: 9,326 Thread 0x00007f1cac00b800 Exception <a 'java/lang/ClassNotFoundException': com/sun/tools/javac/api/JavacTool> (0x000000078662ed20) thrown at [/build/openjdk-8-5w_p1G/openjdk-8-8u191-b12/src/hotspot/src/share/vm/classfile/systemDictionary.cpp, line 210]
Event: 10,713 Thread 0x00007f1cac00b800 Implicit null exception at 0x00007f1c9d91ae95 to 0x00007f1c9d91af65
Event: 12,927 Thread 0x00007f1cac00b800 Exception <a 'java/io/FileNotFoundException'> (0x0000000785e68238) thrown at [/build/openjdk-8-5w_p1G/openjdk-8-8u191-b12/src/hotspot/src/share/vm/prims/jni.cpp, line 709]
Event: 12,929 Thread 0x00007f1cac00b800 Exception <a 'java/io/FileNotFoundException'> (0x0000000785e8fe38) thrown at [/build/openjdk-8-5w_p1G/openjdk-8-8u191-b12/src/hotspot/src/share/vm/prims/jni.cpp, line 709]
Event: 12,929 Thread 0x00007f1cac00b800 Exception <a 'java/io/FileNotFoundException'> (0x0000000785e90b20) thrown at [/build/openjdk-8-5w_p1G/openjdk-8-8u191-b12/src/hotspot/src/share/vm/prims/jni.cpp, line 709]

Events (10 events):
Event: 14,727 loading class com/sun/tools/javac/code/TypeAnnotationPosition$TypePathEntry done
Event: 14,734 loading class com/sun/tools/javac/code/TypeAnnotationPosition$TypePathEntryKind
Event: 14,734 loading class com/sun/tools/javac/code/TypeAnnotationPosition$TypePathEntryKind done
Event: 14,748 loading class com/sun/tools/javac/tree/Pretty
Event: 14,748 loading class com/sun/tools/javac/tree/Pretty done
Event: 14,757 loading class com/sun/tools/javac/tree/Pretty$UncheckedIOException
Event: 14,757 loading class com/sun/tools/javac/tree/Pretty$UncheckedIOException done
Event: 14,760 loading class com/sun/tools/javac/tree/Pretty$1
Event: 14,760 loading class com/sun/tools/javac/tree/Pretty$1 done
Event: 14,764 Executing VM operation: CollectForMetadataAllocation


Dynamic libraries:
706200000-70de00000 rw-p 00000000 00:00 0 
70de00000-782100000 ---p 00000000 00:00 0 
782100000-7a0300000 rw-p 00000000 00:00 0 
7abe00000-7c0000000 ---p 00000000 00:00 0 
7c0000000-7c0280000 rw-p 00000000 00:00 0 
7c0280000-800000000 ---p 00000000 00:00 0 
558733f3d000-558733f3e000 r-xp 00000000 08:02 7082017                    /usr/lib/jvm/java-8-openjdk-amd64/jre/bin/java
55873413d000-55873413e000 r--p 00000000 08:02 7082017                    /usr/lib/jvm/java-8-openjdk-amd64/jre/bin/java
55873413e000-55873413f000 rw-p 00001000 08:02 7082017                    /usr/lib/jvm/java-8-openjdk-amd64/jre/bin/java
5587352e9000-55873530a000 rw-p 00000000 00:00 0                          [heap]
7f1c54000000-7f1c54021000 rw-p 00000000 00:00 0 
7f1c54021000-7f1c58000000 ---p 00000000 00:00 0 
7f1c58000000-7f1c58021000 rw-p 00000000 00:00 0 
7f1c58021000-7f1c5c000000 ---p 00000000 00:00 0 
7f1c5c000000-7f1c5cd89000 rw-p 00000000 00:00 0 
7f1c5cd89000-7f1c60000000 ---p 00000000 00:00 0 
7f1c60000000-7f1c60021000 rw-p 00000000 00:00 0 
7f1c60021000-7f1c64000000 ---p 00000000 00:00 0 
7f1c64000000-7f1c65b82000 rw-p 00000000 00:00 0 
7f1c65b82000-7f1c68000000 ---p 00000000 00:00 0 
7f1c68000000-7f1c6a18e000 rw-p 00000000 00:00 0 
7f1c6a18e000-7f1c6c000000 ---p 00000000 00:00 0 
7f1c6c000000-7f1c6c021000 rw-p 00000000 00:00 0 
7f1c6c021000-7f1c70000000 ---p 00000000 00:00 0 
7f1c70000000-7f1c70021000 rw-p 00000000 00:00 0 
7f1c70021000-7f1c74000000 ---p 00000000 00:00 0 
7f1c74000000-7f1c74021000 rw-p 00000000 00:00 0 
7f1c74021000-7f1c78000000 ---p 00000000 00:00 0 
7f1c7a310000-7f1c80000000 rw-p 00000000 00:00 0 
7f1c80000000-7f1c80021000 rw-p 00000000 00:00 0 
7f1c80021000-7f1c84000000 ---p 00000000 00:00 0 
7f1c84000000-7f1c84021000 rw-p 00000000 00:00 0 
7f1c84021000-7f1c88000000 ---p 00000000 00:00 0 
7f1c88000000-7f1c88021000 rw-p 00000000 00:00 0 
7f1c88021000-7f1c8c000000 ---p 00000000 00:00 0 
7f1c8cfff000-7f1c90000000 rw-p 00000000 00:00 0 
7f1c90000000-7f1c90021000 rw-p 00000000 00:00 0 
7f1c90021000-7f1c94000000 ---p 00000000 00:00 0 
7f1c94a80000-7f1c94ac0000 rw-p 00000000 00:00 0 
7f1c94ac0000-7f1c94c80000 ---p 00000000 00:00 0 
7f1c94c80000-7f1c94c87000 r--s 00000000 08:02 7473928                    /usr/lib/x86_64-linux-gnu/gconv/gconv-modules.cache
7f1c94c87000-7f1c94cab000 r--p 00000000 08:02 7739993                    /usr/share/locale-langpack/es/LC_MESSAGES/libc.mo
7f1c94cab000-7f1c94cb0000 r--s 00012000 08:02 4984200                    /home/alb/.m2/repository/javax/validation/validation-api/2.0.0.Final/validation-api-2.0.0.Final.jar
7f1c94cb0000-7f1c94cb2000 r--s 0000e000 08:02 5115177                    /home/alb/.m2/repository/com/fasterxml/classmate/1.1.0/classmate-1.1.0.jar
7f1c94cb2000-7f1c94cc3000 r--s 0009a000 08:02 5115176                    /home/alb/.m2/repository/org/hibernate/hibernate-validator/5.2.2.Final/hibernate-validator-5.2.2.Final.jar
7f1c94cc3000-7f1c94cdd000 r--s 00171000 08:02 6688528                    /home/alb/.m2/repository/pe/edu/lamolina/model/0.17.21/model-0.17.21.jar
7f1c94cdd000-7f1c94cdf000 r--s 00005000 08:02 4984194                    /home/alb/.m2/repository/com/amazonaws/jmespath-java/1.11.228/jmespath-java-1.11.228.jar
7f1c94cdf000-7f1c94ce0000 r--s 0000b000 08:02 4984190                    /home/alb/.m2/repository/com/fasterxml/jackson/dataformat/jackson-dataformat-cbor/2.6.7/jackson-dataformat-cbor-2.6.7.jar
7f1c94ce0000-7f1c94cea000 r--s 00081000 08:02 4984188                    /home/alb/.m2/repository/software/amazon/ion/ion-java/1.0.2/ion-java-1.0.2.jar
7f1c94cea000-7f1c94cf1000 r--s 00049000 08:02 4984186                    /home/alb/.m2/repository/org/apache/httpcomponents/httpcore/4.4.4/httpcore-4.4.4.jar
7f1c94cf1000-7f1c94cfe000 r--s 000a6000 08:02 5243254                    /home/alb/.m2/repository/org/apache/httpcomponents/httpclient/4.5.1/httpclient-4.5.1.jar
7f1c94cfe000-7f1c94d00000 r--s 0000e000 08:02 4984523                    /home/alb/.m2/repository/commons-logging/commons-logging/1.1.3/commons-logging-1.1.3.jar
7f1c94d00000-7f1c94d15000 r--s 000bd000 08:02 4984184                    /home/alb/.m2/repository/com/amazonaws/aws-java-sdk-core/1.11.228/aws-java-sdk-core-1.11.228.jar
7f1c94d15000-7f1c94d1e000 r--s 0005a000 08:02 4984181                    /home/alb/.m2/repository/com/amazonaws/aws-java-sdk-kms/1.11.228/aws-java-sdk-kms-1.11.228.jar
7f1c94d1e000-7f1c94d30000 r--s 000b4000 08:02 4984177                    /home/alb/.m2/repository/com/amazonaws/aws-java-sdk-s3/1.11.228/aws-java-sdk-s3-1.11.228.jar
7f1c94d30000-7f1c94d33000 r--s 0000a000 08:02 4984158                    /home/alb/.m2/repository/javax/persistence/persistence-api/1.0/persistence-api-1.0.jar
7f1c94d33000-7f1c94d35000 r--s 00018000 08:02 4984159                    /home/alb/.m2/repository/javax/servlet/servlet-api/2.5/servlet-api-2.5.jar
7f1c94d35000-7f1c94d39000 r--s 00013000 08:02 4984137                    /home/alb/.m2/repository/org/scribe/scribe/1.3.6/scribe-1.3.6.jar
7f1c94d39000-7f1c94d3c000 r--s 00019000 08:02 12060531                   /home/alb/.m2/repository/com/github/albatrosscloud/zelpers/0.1.66/zelpers-0.1.66.jar
7f1c94d3c000-7f1c94d48000 r--s 00108000 08:02 6291676                    /home/alb/.m2/repository/com/lowagie/itext/2.1.7/itext-2.1.7.jar
7f1c94d48000-7f1c94d5b000 r--s 000e7000 08:02 6291675                    /home/alb/.m2/repository/org/docx4j/xhtmlrenderer/3.0.0/xhtmlrenderer-3.0.0.jar
7f1c94d5b000-7f1c94d5c000 r--s 0000a000 08:02 5243165                    /home/alb/.m2/repository/com/github/albatrosscloud/octavia/1.0.18/octavia-1.0.18.jar
7f1c94d5c000-7f1c94d62000 r--s 0004b000 08:02 6291673                    /home/alb/.m2/repository/org/jfree/jcommon/1.0.23/jcommon-1.0.23.jar
7f1c94d62000-7f1c94d73000 r--s 0016e000 08:02 6291670                    /home/alb/.m2/repository/org/jfree/jfreechart/1.0.19/jfreechart-1.0.19.jar
7f1c94d73000-7f1c94d79000 r--s 0005b000 08:02 6291669                    /home/alb/.m2/repository/org/jsoup/jsoup/1.11.3/jsoup-1.11.3.jar
7f1c94d79000-7f1c94d86000 r--s 000ac000 08:02 5243253                    /home/alb/.m2/repository/de/akquinet/commons/imageio/commons-image-io/0.4.0/commons-image-io-0.4.0.jar
7f1c94d86000-7f1c94d8c000 r--s 00045000 08:02 5243258                    /home/alb/.m2/repository/org/jdom/jdom2/2.0.6/jdom2-2.0.6.jar
7f1c94d8c000-7f1c94d8f000 r--s 00020000 08:02 5243257                    /home/alb/.m2/repository/net/sourceforge/htmlcleaner/htmlcleaner/2.10/htmlcleaner-2.10.jar
7f1c94d8f000-7f1c94d98000 r--s 00062000 08:02 5508583                    /home/alb/.m2/repository/org/springframework/spring-websocket/4.2.4.RELEASE/spring-websocket-4.2.4.RELEASE.jar
7f1c94d98000-7f1c94da2000 r--s 00052000 08:02 4984610                    /home/alb/.m2/repository/org/springframework/spring-messaging/4.2.4.RELEASE/spring-messaging-4.2.4.RELEASE.jar
7f1c94da2000-7f1c94da3000 r--s 00000000 08:02 5508582                    /home/alb/.m2/repository/org/springframework/boot/spring-boot-starter-websocket/1.3.2.RELEASE/spring-boot-starter-websocket-1.3.2.RELEASE.jar
7f1c94da3000-7f1c94da6000 r--s 00019000 08:02 5243238                    /home/alb/.m2/repository/org/apache/commons/commons-pool2/2.4.2/commons-pool2-2.4.2.jar
7f1c94da6000-7f1c94dad000 r--s 00049000 08:02 5243239                    /home/alb/.m2/repository/redis/clients/jedis/2.7.3/jedis-2.7.3.jar
7f1c94dad000-7f1c94dbc000 r--s 0009c000 08:02 5243234                    /home/alb/.m2/repository/org/springframework/data/spring-data-redis/1.6.2.RELEASE/spring-data-redis-1.6.2.RELEASE.jar
7f1c94dbc000-7f1c94dbd000 r--s 00000000 08:02 5243233                    /home/alb/.m2/repository/org/springframework/boot/spring-boot-starter-redis/1.3.2.RELEASE/spring-boot-starter-redis-1.3.2.RELEASE.jar
7f1c94dbd000-7f1c94dc0000 r--s 0000e000 08:02 5243232                    /home/alb/.m2/repository/org/springframework/session/spring-session/1.0.2.RELEASE/spring-session-1.0.2.RELEASE.jar
7f1c94dc0000-7f1c94dc4000 r--s 00018000 08:02 5243231                    /home/alb/.m2/repository/com/github/scribejava/scribejava-core/5.5.0/scribejava-core-5.5.0.jar
7f1c94dc4000-7f1c94dc9000 r--s 00016000 08:02 5243227                    /home/alb/.m2/repository/com/github/scribejava/scribejava-apis/5.5.0/scribejava-apis-5.5.0.jar
7f1c94dc9000-7f1c94dd2000 r--s 00047000 08:02 5243225                    /home/alb/.m2/repository/org/springframework/security/spring-security-web/4.0.3.RELEASE/spring-security-web-4.0.3.RELEASE.jar
7f1c94dd2000-7f1c94dde000 r--s 0004c000 08:02 5243224                    /home/alb/.m2/repository/org/springframework/security/spring-security-core/4.0.3.RELEASE/spring-security-core-4.0.3.RELEASE.jar
7f1c94dde000-7f1c94de6000 r--s 0006c000 08:02 5243223                    /home/alb/.m2/repository/org/springframework/security/spring-security-config/4.0.3.RELEASE/spring-security-config-4.0.3.RELEASE.jar
7f1c94de6000-7f1c94de8000 r--s 00000000 08:02 4984172                    /home/alb/.m2/repository/aopalliance/aopalliance/1.0/aopalliance-1.0.jar
7f1c94de8000-7f1c94df1000 r--s 00052000 08:02 5115172                    /home/alb/.m2/repository/org/springframework/spring-aop/4.2.4.RELEASE/spring-aop-4.2.4.RELEASE.jar
7f1c94df1000-7f1c94df2000 r--s 00000000 08:02 5243219                    /home/alb/.m2/repository/org/springframework/boot/spring-boot-starter-security/1.3.2.RELEASE/spring-boot-starter-security-1.3.2.RELEASE.jar
7f1c94df2000-7f1c94df5000 r--s 0001e000 08:02 4984149                    /home/alb/.m2/repository/net/lingala/zip4j/zip4j/1.3.2/zip4j-1.3.2.jar
7f1c94df5000-7f1c94df6000 r--s 00004000 08:02 6291667                    /home/alb/.m2/repository/org/webjars/jquery-dynatable/0.3.1-1/jquery-dynatable-0.3.1-1.jar
7f1c94df6000-7f1c94df8000 r--s 00023000 08:02 5243218                    /home/alb/.m2/repository/org/jdom/jdom/1.1.3/jdom-1.1.3.jar
7f1c94df8000-7f1c94dfa000 r--s 00005000 08:02 4984148                    /home/alb/.m2/repository/stax/stax-api/1.0.1/stax-api-1.0.1.jar
7f1c94dfa000-7f1c94e38000 r--s 0025d000 08:02 4984144                    /home/alb/.m2/repository/org/apache/xmlbeans/xmlbeans/2.6.0/xmlbeans-2.6.0.jar
7f1c94e38000-7f1c94ef1000 r--s 004a9000 08:02 4984143                    /home/alb/.m2/repository/org/apache/poi/poi-ooxml-schemas/3.13/poi-ooxml-schemas-3.13.jar
7f1c94ef1000-7f1c94eff000 r--s 00109000 08:02 4984139                    /home/alb/.m2/repository/org/apache/poi/poi-ooxml/3.13/poi-ooxml-3.13.jar
7f1c94eff000-7f1c94f06000 r--s 0003a000 08:02 4984146                    /home/alb/.m2/repository/commons-codec/commons-codec/1.9/commons-codec-1.9.jar
7f1c94f06000-7f1c94f30000 r--s 00238000 08:02 4984140                    /home/alb/.m2/repository/org/apache/poi/poi/3.13/poi-3.13.jar
7f1c94f30000-7f1c94f4e000 r--s 00180000 08:02 5243217                    /home/alb/.m2/repository/org/apache/commons/commons-math3/3.2/commons-math3-3.2.jar
7f1c94f4e000-7f1c94f50000 r--s 0001b000 08:02 5771275                    /home/alb/.m2/repository/org/webjars/jstree/3.0.8/jstree-3.0.8.jar
7f1c94f50000-7f1c94f53000 r--s 00015000 08:02 6291664                    /home/alb/.m2/repository/org/webjars/parsleyjs/2.0.5/parsleyjs-2.0.5.jar
7f1c94f53000-7f1c94f55000 r--s 00001000 08:02 6291663                    /home/alb/.m2/repository/org/webjars/jQuery-slimScroll/1.3.1/jQuery-slimScroll-1.3.1.jar
7f1c94f55000-7f1c94f56000 r--s 0001e000 08:02 6291661                    /home/alb/.m2/repository/org/webjars/d3js/3.4.11/d3js-3.4.11.jar
7f1c94f56000-7f1c94f57000 r--s 00002000 08:02 6291658                    /home/alb/.m2/repository/org/webjars/bootbox/4.3.0/bootbox-4.3.0.jar
7f1c94f57000-7f1c94f6f000 r--s 00198000 08:02 6291656                    /home/alb/.m2/repository/org/webjars/jquery-ui/1.9.2/jquery-ui-1.9.2.jar
7f1c94f6f000-7f1c94f72000 r--s 00012000 08:02 6291653                    /home/alb/.m2/repository/org/webjars/jquery-file-upload/9.8.0/jquery-file-upload-9.8.0.jar
7f1c94f72000-7f1c94f75000 r--s 0004f000 08:02 6291652                    /home/alb/.m2/repository/org/webjars/momentjs/2.9.0/momentjs-2.9.0.jar
7f1c94f75000-7f1c94f77000 r--s 00027000 08:02 6291651                    /home/alb/.m2/repository/org/webjars/fullcalendar/2.0.3/fullcalendar-2.0.3.jar
7f1c94f77000-7f1c94f79000 r--s 00026000 08:02 6291649                    /home/alb/.m2/repository/org/webjars/datatables/1.10.4/datatables-1.10.4.jar
7f1c94f79000-7f1c94f7b000 r--s 00095000 08:02 6291645                    /home/alb/.m2/repository/org/webjars/font-awesome/4.6.2/font-awesome-4.6.2.jar
7f1c94f7b000-7f1c94f7e000 r--s 00016000 08:02 6291643                    /home/alb/.m2/repository/org/webjars/select2/3.5.1/select2-3.5.1.jar
7f1c94f7e000-7f1c94f7f000 r--s 00004000 08:02 6291642                    /home/alb/.m2/repository/org/webjars/bootstrap-timepicker/0.2.3/bootstrap-timepicker-0.2.3.jar
7f1c94f7f000-7f1c94f83000 r--s 00018000 08:02 6291644                    /home/alb/.m2/repository/org/webjars/bootstrap-datepicker/1.3.0-3/bootstrap-datepicker-1.3.0-3.jar
7f1c94f83000-7f1c94f85000 r--s 00029000 08:02 6291641                    /home/alb/.m2/repository/org/webjars/jquery/1.10.2/jquery-1.10.2.jar
7f1c94f85000-7f1c94fb0000 r--s 001f5000 08:02 4984170                    /home/alb/.m2/repository/com/google/guava/guava/16.0.1/guava-16.0.1.jar
7f1c94fb0000-7f1c94fb3000 r--s 00020000 08:02 5115168                    /home/alb/.m2/repository/org/unbescape/unbescape/1.1.0.RELEASE/unbescape-1.1.0.RELEASE.jar
7f1c94fb3000-7f1c94fb6000 r--s 00035000 08:02 5115167                    /home/alb/.m2/repository/ognl/ognl/3.0.8/ognl-3.0.8.jar
7f1c94fb6000-7f1c94fc3000 r--s 000b7000 08:02 5115166                    /home/alb/.m2/repository/org/thymeleaf/thymeleaf/2.1.4.RELEASE/thymeleaf-2.1.4.RELEASE.jar
7f1c94fc3000-7f1c94fc7000 r--s 00033000 08:02 5243211                    /home/alb/.m2/repository/org/thymeleaf/thymeleaf-spring3/2.1.4.RELEASE/thymeleaf-spring3-2.1.4.RELEASE.jar
7f1c94fc7000-7f1c94fcb000 r--s 0002a000 08:02 5243214                    /home/alb/.m2/repository/commons-io/commons-io/2.4/commons-io-2.4.jar
7f1c94fcb000-7f1c94fcd000 r--s 0000f000 08:02 5243209                    /home/alb/.m2/repository/commons-fileupload/commons-fileupload/1.3.1/commons-fileupload-1.3.1.jar
7f1c94fcd000-7f1c94fd3000 r--s 00048000 08:02 5243208                    /home/alb/.m2/repository/org/apache/commons/commons-lang3/3.1/commons-lang3-3.1.jar
7f1c94fd3000-7f1c94fe3000 r--s 00088000 08:02 5243206                    /home/alb/.m2/repository/joda-time/joda-time/2.8.2/joda-time-2.8.2.jar
7f1c94fe3000-7f1c94fee000 r--s 0008b000 08:02 5243207                    /home/alb/.m2/repository/c3p0/c3p0/0.9.1.2/c3p0-0.9.1.2.jar
7f1c94fee000-7f1c94ff8000 r--s 000a5000 08:02 4984119                    /home/alb/.m2/repository/org/javassist/javassist/3.18.1-GA/javassist-3.18.1-GA.jar
7f1c94ff8000-7f1c94ff9000 r--s 00006000 08:02 4984109                    /home/alb/.m2/repository/org/jboss/spec/javax/transaction/jboss-transaction-api_1.2_spec/1.0.0.Final/jboss-transaction-api_1.2_spec-1.0.0.Final.jar
7f1c94ff9000-7f1c94ffc000 r--s 00010000 08:02 4984116                    /home/alb/.m2/repository/org/hibernate/common/hibernate-commons-annotations/4.0.5.Final/hibernate-commons-annotations-4.0.5.Final.jar
7f1c94ffc000-7f1c95001000 r--s 00016000 08:02 4984115                    /home/alb/.m2/repository/xml-apis/xml-apis/1.0.b2/xml-apis-1.0.b2.jar
7f1c95001000-7f1c95006000 r--s 00048000 08:02 4984107                    /home/alb/.m2/repository/dom4j/dom4j/1.6.1/dom4j-1.6.1.jar
7f1c95006000-7f1c95008000 r--s 00011000 08:02 4984121                    /home/alb/.m2/repository/org/jboss/jandex/1.1.0.Final/jandex-1.1.0.Final.jar
7f1c95008000-7f1c9500d000 r--s 00068000 08:02 4984120                    /home/alb/.m2/repository/antlr/antlr/2.7.7/antlr-2.7.7.jar
7f1c9500d000-7f1c9506b000 r--s 004ac000 08:02 4984111                    /home/alb/.m2/repository/org/hibernate/hibernate-core/4.3.11.Final/hibernate-core-4.3.11.Final.jar
7f1c9506b000-7f1c9506c000 r--s 00002000 08:02 4984108                    /home/alb/.m2/repository/org/jboss/logging/jboss-logging-annotations/1.2.0.Beta1/jboss-logging-annotations-1.2.0.Beta1.jar
7f1c9506c000-7f1c9506e000 r--s 0000f000 08:02 5115161                    /home/alb/.m2/repository/org/jboss/logging/jboss-logging/3.3.0.Final/jboss-logging-3.3.0.Final.jar
7f1c9506e000-7f1c9507c000 r--s 00091000 08:02 5115163                    /home/alb/.m2/repository/org/hibernate/hibernate-entitymanager/4.3.11.Final/hibernate-entitymanager-4.3.11.Final.jar
7f1c9507c000-7f1c95081000 r--s 00017000 08:02 4984105                    /home/alb/.m2/repository/org/hibernate/javax/persistence/hibernate-jpa-2.1-api/1.0.0.Final/hibernate-jpa-2.1-api-1.0.0.Final.jar
7f1c95081000-7f1c95084000 r--s 0000c000 08:02 5243202                    /home/alb/.m2/repository/org/springframework/spring-aspects/4.2.4.RELEASE/spring-aspects-4.2.4.RELEASE.jar
7f1c95084000-7f1c95086000 r--s 00003000 08:02 5115159                    /home/alb/.m2/repository/org/slf4j/jcl-over-slf4j/1.7.13/jcl-over-slf4j-1.7.13.jar
7f1c95086000-7f1c95095000 r--s 0008d000 08:02 5243201                    /home/alb/.m2/repository/org/springframework/data/spring-data-commons/1.11.2.RELEASE/spring-data-commons-1.11.2.RELEASE.jar
7f1c95095000-7f1c9509c000 r--s 00038000 08:02 5243200                    /home/alb/.m2/repository/org/springframework/data/spring-data-jpa/1.9.2.RELEASE/spring-data-jpa-1.9.2.RELEASE.jar
7f1c9509c000-7f1c9509e000 r--s 00006000 08:02 5115155                    /home/alb/.m2/repository/javax/transaction/javax.transaction-api/1.2/javax.transaction-api-1.2.jar
7f1c9509e000-7f1c9509f000 r--s 00009000 08:02 5115151                    /home/alb/.m2/repository/org/apache/tomcat/tomcat-juli/8.0.30/tomcat-juli-8.0.30.jar
7f1c9509f000-7f1c950a2000 r--s 0001f000 08:02 5115153                    /home/alb/.m2/repository/org/apache/tomcat/tomcat-jdbc/8.0.30/tomcat-jdbc-8.0.30.jar
7f1c950a2000-7f1c950a3000 r--s 00000000 08:02 5115150                    /home/alb/.m2/repository/org/springframework/boot/spring-boot-starter-jdbc/1.3.2.RELEASE/spring-boot-starter-jdbc-1.3.2.RELEASE.jar
7f1c950a3000-7f1c950bc000 r--s 001af000 08:02 5115147                    /home/alb/.m2/repository/org/aspectj/aspectjweaver/1.8.8/aspectjweaver-1.8.8.jar
7f1c950bc000-7f1c950bd000 r--s 00000000 08:02 5115146                    /home/alb/.m2/repository/org/springframework/boot/spring-boot-starter-aop/1.3.2.RELEASE/spring-boot-starter-aop-1.3.2.RELEASE.jar
7f1c950bd000-7f1c950be000 r--s 00000000 08:02 5115145                    /home/alb/.m2/repository/org/springframework/boot/spring-boot-starter-data-jpa/1.3.2.RELEASE/spring-boot-starter-data-jpa-1.3.2.RELEASE.jar
7f1c950be000-7f1c950c0000 r--s 00007000 08:02 5115139                    /home/alb/.m2/repository/org/slf4j/slf4j-api/1.7.13/slf4j-api-1.7.13.jar
7f1c950c0000-7f1c950c4000 r--s 0000f000 08:02 4984207                    /home/alb/.m2/repository/com/google/code/findbugs/annotations/2.0.3/annotations-2.0.3.jar
7f1c950c4000-7f1c950f0000 r--s 001a3000 08:02 4984202                    /home/alb/.m2/repository/com/helger/ph-commons/6.2.3/ph-commons-6.2.3.jar
7f1c950f0000-7f1c950f6000 r--s 00037000 08:02 4984198                    /home/alb/.m2/repository/com/itextpdf/tool/xmlworker/5.5.8/xmlworker-5.5.8.jar
7f1c950f6000-7f1c9510e000 r--s 00216000 08:02 4984195                    /home/alb/.m2/repository/com/itextpdf/itextpdf/5.5.8/itextpdf-5.5.8.jar
7f1c9510e000-7f1c95113000 r--s 00027000 08:02 5115140                    /home/alb/.m2/repository/org/springframework/spring-context-support/4.2.4.RELEASE/spring-context-support-4.2.4.RELEASE.jar
7f1c95113000-7f1c9511a000 r--s 0003a000 08:02 5115137                    /home/alb/.m2/repository/org/springframework/spring-tx/4.2.4.RELEASE/spring-tx-4.2.4.RELEASE.jar
7f1c9511a000-7f1c95124000 r--s 0005e000 08:02 5115138                    /home/alb/.m2/repository/org/springframework/spring-jdbc/4.2.4.RELEASE/spring-jdbc-4.2.4.RELEASE.jar
7f1c95124000-7f1c9513a000 r--s 000f2000 08:02 5115131                    /home/alb/.m2/repository/org/springframework/spring-core/4.2.4.RELEASE/spring-core-4.2.4.RELEASE.jar
7f1c9513a000-7f1c95147000 r--s 000a6000 08:02 5115132                    /home/alb/.m2/repository/org/springframework/spring-beans/4.2.4.RELEASE/spring-beans-4.2.4.RELEASE.jar
7f1c95147000-7f1c95151000 r--s 00068000 08:02 5115130                    /home/alb/.m2/repository/org/springframework/spring-orm/4.2.4.RELEASE/spring-orm-4.2.4.RELEASE.jar
7f1c95151000-7f1c95153000 r--s 0000e000 08:02 5115124                    /home/alb/.m2/repository/javax/activation/activation/1.1/activation-1.1.jar
7f1c95153000-7f1c9515c000 r--s 0008b000 08:02 5115123                    /home/alb/.m2/repository/com/sun/mail/javax.mail/1.5.5/javax.mail-1.5.5.jar
7f1c9515c000-7f1c95175000 r--s 000f3000 08:02 5115122                    /home/alb/.m2/repository/org/springframework/spring-context/4.2.4.RELEASE/spring-context-4.2.4.RELEASE.jar
7f1c95175000-7f1c95176000 r--s 00000000 08:02 5115116                    /home/alb/.m2/repository/org/springframework/boot/spring-boot-starter-mail/1.3.2.RELEASE/spring-boot-starter-mail-1.3.2.RELEASE.jar
7f1c95176000-7f1c9517b000 r--s 0003c000 08:02 5115117                    /home/alb/.m2/repository/org/springframework/spring-expression/4.2.4.RELEASE/spring-expression-4.2.4.RELEASE.jar
7f1c9517b000-7f1c9518c000 r--s 000c5000 08:02 5115118                    /home/alb/.m2/repository/org/springframework/spring-webmvc/4.2.4.RELEASE/spring-webmvc-4.2.4.RELEASE.jar
7f1c9518c000-7f1c9519d000 r--s 000ab000 08:02 5115112                    /home/alb/.m2/repository/org/springframework/spring-web/4.2.4.RELEASE/spring-web-4.2.4.RELEASE.jar
7f1c9519d000-7f1c951a1000 r--s 0003c000 08:02 4984157                    /home/alb/.m2/repository/com/fasterxml/jackson/core/jackson-core/2.6.5/jackson-core-2.6.5.jar
7f1c951a1000-7f1c951a4000 r--s 00009000 08:02 5115174                    /home/alb/.m2/repository/com/fasterxml/jackson/core/jackson-annotations/2.6.5/jackson-annotations-2.6.5.jar
7f1c951a4000-7f1c951b5000 r--s 0010d000 08:02 4984154                    /home/alb/.m2/repository/com/fasterxml/jackson/core/jackson-databind/2.6.5/jackson-databind-2.6.5.jar
7f1c951b5000-7f1c951b6000 r--s 00000000 08:02 5115111                    /home/alb/.m2/repository/org/springframework/boot/spring-boot-starter-validation/1.3.2.RELEASE/spring-boot-starter-validation-1.3.2.RELEASE.jar
7f1c951b6000-7f1c951bc000 r--s 00037000 08:02 5115110                    /home/alb/.m2/repository/org/apache/tomcat/embed/tomcat-embed-websocket/8.0.30/tomcat-embed-websocket-8.0.30.jar
7f1c951bc000-7f1c951bd000 r--s 00009000 08:02 5115106                    /home/alb/.m2/repository/org/apache/tomcat/embed/tomcat-embed-logging-juli/8.0.30/tomcat-embed-logging-juli-8.0.30.jar
7f1c951bd000-7f1c951c2000 r--s 00036000 08:02 5115104                    /home/alb/.m2/repository/org/apache/tomcat/embed/tomcat-embed-el/8.0.30/tomcat-embed-el-8.0.30.jar
7f1c951c2000-7f1c951e7000 r--s 0028e000 08:02 5115103                    /home/alb/.m2/repository/org/apache/tomcat/embed/tomcat-embed-core/8.0.30/tomcat-embed-core-8.0.30.jar
7f1c951e7000-7f1c951e8000 r--s 00000000 08:02 5115102                    /home/alb/.m2/repository/org/springframework/boot/spring-boot-starter-tomcat/1.3.2.RELEASE/spring-boot-starter-tomcat-1.3.2.RELEASE.jar
7f1c951e8000-7f1c951e9000 r--s 00000000 08:02 5115099                    /home/alb/.m2/repository/org/springframework/boot/spring-boot-starter-web/1.3.2.RELEASE/spring-boot-starter-web-1.3.2.RELEASE.jar
7f1c951e9000-7f1c95236000 r--s 0040c000 08:02 5115096                    /home/alb/.m2/repository/org/codehaus/groovy/groovy/2.4.4/groovy-2.4.4.jar
7f1c95236000-7f1c95239000 r--s 00016000 08:02 5115097                    /home/alb/.m2/repository/nz/net/ultraq/thymeleaf/thymeleaf-layout-dialect/1.3.1/thymeleaf-layout-dialect-1.3.1.jar
7f1c95239000-7f1c9523c000 r--s 00034000 08:02 5115092                    /home/alb/.m2/repository/org/thymeleaf/thymeleaf-spring4/2.1.4.RELEASE/thymeleaf-spring4-2.1.4.RELEASE.jar
7f1c9523c000-7f1c9523d000 r--s 00005000 08:02 5115087                    /home/alb/.m2/repository/org/slf4j/log4j-over-slf4j/1.7.13/log4j-over-slf4j-1.7.13.jar
7f1c9523d000-7f1c9523f000 r--s 00000000 08:02 5115088                    /home/alb/.m2/repository/org/slf4j/jul-to-slf4j/1.7.13/jul-to-slf4j-1.7.13.jar
7f1c9523f000-7f1c9524a000 r--s 00065000 08:02 5115085                    /home/alb/.m2/repository/ch/qos/logback/logback-core/1.1.3/logback-core-1.1.3.jar
7f1c9524a000-7f1c95250000 r--s 0003f000 08:02 5115081                    /home/alb/.m2/repository/ch/qos/logback/logback-classic/1.1.3/logback-classic-1.1.3.jar
7f1c95250000-7f1c95251000 r--s 00000000 08:02 5115078                    /home/alb/.m2/repository/org/springframework/boot/spring-boot-starter-logging/1.3.2.RELEASE/spring-boot-starter-logging-1.3.2.RELEASE.jar
7f1c95251000-7f1c95268000 r--s 000a1000 08:02 5115082                    /home/alb/.m2/repository/org/springframework/boot/spring-boot-autoconfigure/1.3.2.RELEASE/spring-boot-autoconfigure-1.3.2.RELEASE.jar
7f1c95268000-7f1c95276000 r--s 00078000 08:02 5115079                    /home/alb/.m2/repository/org/springframework/boot/spring-boot/1.3.2.RELEASE/spring-boot-1.3.2.RELEASE.jar
7f1c95276000-7f1c95277000 r--s 00000000 08:02 5115080                    /home/alb/.m2/repository/org/springframework/boot/spring-boot-starter/1.3.2.RELEASE/spring-boot-starter-1.3.2.RELEASE.jar
7f1c95277000-7f1c95278000 r--s 00000000 08:02 5115076                    /home/alb/.m2/repository/org/springframework/boot/spring-boot-starter-thymeleaf/1.3.2.RELEASE/spring-boot-starter-thymeleaf-1.3.2.RELEASE.jar
7f1c95278000-7f1c95478000 rw-p 00000000 00:00 0 
7f1c95478000-7f1c95678000 rw-p 00000000 00:00 0 
7f1c95678000-7f1c956f1000 r--s 01101000 08:02 7082571                    /usr/lib/jvm/java-8-openjdk-amd64/lib/tools.jar
7f1c956f1000-7f1c956f4000 r--s 0001b000 08:02 4854054                    /home/alb/.m2/repository/junit/junit/3.8.2/junit-3.8.2.jar
7f1c956f4000-7f1c95702000 r--s 0008f000 08:02 5244067                    /home/alb/.m2/repository/com/google/collections/google-collections/1.0/google-collections-1.0.jar
7f1c95702000-7f1c95703000 r--s 0000a000 08:02 5244066                    /home/alb/.m2/repository/commons-logging/commons-logging-api/1.1/commons-logging-api-1.1.jar
7f1c95703000-7f1c9570a000 r--s 00051000 08:02 5244065                    /home/alb/.m2/repository/log4j/log4j/1.2.12/log4j-1.2.12.jar
7f1c9570a000-7f1c9570e000 r--s 0001d000 08:02 5244059                    /home/alb/.m2/repository/org/apache/xbean/xbean-reflect/3.4/xbean-reflect-3.4.jar
7f1c9570e000-7f1c9570f000 r--s 00004000 08:02 5244060                    /home/alb/.m2/repository/org/codehaus/plexus/plexus-compiler-javac/2.2/plexus-compiler-javac-2.2.jar
7f1c9570f000-7f1c95711000 r--s 00000000 08:02 5244058                    /home/alb/.m2/repository/org/codehaus/plexus/plexus-compiler-manager/2.2/plexus-compiler-manager-2.2.jar
7f1c95711000-7f1c95713000 r--s 00005000 08:02 5244057                    /home/alb/.m2/repository/org/codehaus/plexus/plexus-compiler-api/2.2/plexus-compiler-api-2.2.jar
7f1c95713000-7f1c95715000 r--s 00000000 08:02 5244052                    /home/alb/.m2/repository/org/codehaus/plexus/plexus-component-annotations/1.5.5/plexus-component-annotations-1.5.5.jar
7f1c95715000-7f1c95717000 r--s 00002000 08:02 5244050                    /home/alb/.m2/repository/org/apache/maven/shared/maven-shared-incremental/1.1/maven-shared-incremental-1.1.jar
7f1c95717000-7f1c95719000 r--s 00006000 08:02 5244051                    /home/alb/.m2/repository/com/google/code/findbugs/jsr305/2.0.1/jsr305-2.0.1.jar
7f1c95719000-7f1c9571c000 r--s 00023000 08:02 5244049                    /home/alb/.m2/repository/org/apache/maven/shared/maven-shared-utils/0.1/maven-shared-utils-0.1.jar
7f1c9571c000-7f1c95720000 r--s 00030000 08:02 5115188                    /home/alb/.m2/repository/org/codehaus/plexus/plexus-utils/1.5.1/plexus-utils-1.5.1.jar
7f1c95720000-7f1c95722000 r--s 00009000 08:02 4853830                    /home/alb/.m2/repository/org/apache/maven/plugins/maven-compiler-plugin/3.1/maven-compiler-plugin-3.1.jar
7f1c95722000-7f1c95724000 r--s 0000d000 08:02 4850759                    /home/alb/.m2/repository/org/codehaus/plexus/plexus-interpolation/1.13/plexus-interpolation-1.13.jar
7f1c95724000-7f1c95725000 r--s 00001000 08:02 4850760                    /home/alb/.m2/repository/org/sonatype/plexus/plexus-build-api/0.0.4/plexus-build-api-0.0.4.jar
7f1c95725000-7f1c95727000 r--s 00009000 08:02 4854047                    /home/alb/.m2/repository/org/apache/maven/shared/maven-filtering/1.1/maven-filtering-1.1.jar
7f1c95727000-7f1c9572b000 r--s 00033000 08:02 4850755                    /home/alb/.m2/repository/org/codehaus/plexus/plexus-utils/2.0.5/plexus-utils-2.0.5.jar
7f1c9572b000-7f1c9572e000 r--s 0001b000 08:02 4850753                    /home/alb/.m2/repository/junit/junit/3.8.1/junit-3.8.1.jar
7f1c9572e000-7f1c95730000 r--s 00002000 08:02 4850752                    /home/alb/.m2/repository/org/codehaus/plexus/plexus-interactivity-api/1.0-alpha-4/plexus-interactivity-api-1.0-alpha-4.jar
7f1c95730000-7f1c95732000 r--s 00006000 08:02 4850750                    /home/alb/.m2/repository/commons-cli/commons-cli/1.0/commons-cli-1.0.jar
7f1c95732000-7f1c95733000 r--s 00001000 08:02 4850749                    /home/alb/.m2/repository/org/apache/maven/doxia/doxia-sink-api/1.0-alpha-7/doxia-sink-api-1.0-alpha-7.jar
7f1c95733000-7f1c95734000 r--s 00002000 08:02 4850748                    /home/alb/.m2/repository/org/apache/maven/reporting/maven-reporting-api/2.0.6/maven-reporting-api-2.0.6.jar
7f1c95734000-7f1c95736000 r--s 00006000 08:02 4853824                    /home/alb/.m2/repository/org/apache/maven/plugins/maven-resources-plugin/2.6/maven-resources-plugin-2.6.jar
7f1c95736000-7f1c9573a000 r--s 00034000 08:02 5112710                    /home/alb/.m2/repository/org/codehaus/plexus/plexus-utils/3.0/plexus-utils-3.0.jar
7f1c9573a000-7f1c9573c000 r--s 00005000 08:02 4853818                    /home/alb/.m2/repository/org/apache/maven/plugins/maven-clean-plugin/2.5/maven-clean-plugin-2.5.jar
7f1c9573c000-7f1c9593c000 rw-p 00000000 00:00 0 
7f1c9593c000-7f1c9594d000 r-xp 00000000 08:02 7082060                    /usr/lib/jvm/java-8-openjdk-amd64/jre/lib/amd64/libnio.so
7f1c9594d000-7f1c95b4d000 ---p 00011000 08:02 7082060                    /usr/lib/jvm/java-8-openjdk-amd64/jre/lib/amd64/libnio.so
7f1c95b4d000-7f1c95b4e000 r--p 00011000 08:02 7082060                    /usr/lib/jvm/java-8-openjdk-amd64/jre/lib/amd64/libnio.so
7f1c95b4e000-7f1c95b4f000 rw-p 00012000 08:02 7082060                    /usr/lib/jvm/java-8-openjdk-amd64/jre/lib/amd64/libnio.so
7f1c95b4f000-7f1c95b66000 r-xp 00000000 08:02 7082059                    /usr/lib/jvm/java-8-openjdk-amd64/jre/lib/amd64/libnet.so
7f1c95b66000-7f1c95d65000 ---p 00017000 08:02 7082059                    /usr/lib/jvm/java-8-openjdk-amd64/jre/lib/amd64/libnet.so
7f1c95d65000-7f1c95d66000 r--p 00016000 08:02 7082059                    /usr/lib/jvm/java-8-openjdk-amd64/jre/lib/amd64/libnet.so
7f1c95d66000-7f1c95d67000 rw-p 00017000 08:02 7082059                    /usr/lib/jvm/java-8-openjdk-amd64/jre/lib/amd64/libnet.so
7f1c95d67000-7f1c95d6a000 ---p 00000000 00:00 0 
7f1c95d6a000-7f1c95fa0000 rw-p 00000000 00:00 0 
7f1c95fa0000-7f1c95fa5000 r--s 000a0000 08:02 7082142                    /usr/lib/jvm/java-8-openjdk-amd64/jre/lib/jsse.jar
7f1c95fa5000-7f1c961a5000 rw-p 00000000 00:00 0 
7f1c961a5000-7f1c961a7000 r--s 0000d000 08:02 4724302                    /home/alb/netbeans-8.2/java/maven-nblib/netbeans-eventspy.jar
7f1c961a7000-7f1c961ab000 r--s 0001c000 08:02 4724307                    /home/alb/netbeans-8.2/java/maven/lib/aether-util-1.13.1.jar
7f1c961ab000-7f1c961b2000 r--s 0002b000 08:02 4724253                    /home/alb/netbeans-8.2/java/maven/lib/sisu-inject-plexus-2.3.0.jar
7f1c961b2000-7f1c961b6000 r--s 00013000 08:02 4724313                    /home/alb/netbeans-8.2/java/maven/lib/aether-api-1.13.1.jar
7f1c961b6000-7f1c961c2000 r--s 0007d000 08:02 4724319                    /home/alb/netbeans-8.2/java/maven/lib/maven-core-3.0.5.jar
7f1c961c2000-7f1c961f1000 r--s 001c8000 08:02 4724277                    /home/alb/netbeans-8.2/java/maven/lib/wagon-http-2.10-shaded.jar
7f1c961f1000-7f1c961f3000 r--s 0000b000 08:02 4724278                    /home/alb/netbeans-8.2/java/maven/lib/maven-plugin-api-3.0.5.jar
7f1c961f3000-7f1c961f5000 r--s 00026000 08:02 4724311                    /home/alb/netbeans-8.2/java/maven/lib/maven-model-3.0.5.jar
7f1c961f5000-7f1c961fd000 r--s 00050000 08:02 4724264                    /home/alb/netbeans-8.2/java/maven/lib/sisu-guice-3.1.0-no_aop.jar
7f1c961fd000-7f1c9621c000 r--s 00154000 08:02 4724320                    /home/alb/netbeans-8.2/java/maven/lib/sisu-guava-0.9.9.jar
7f1c9621c000-7f1c9621d000 ---p 00000000 00:00 0 
7f1c9621d000-7f1c9631d000 rw-p 00000000 00:00 0 
7f1c9631d000-7f1c96320000 ---p 00000000 00:00 0 
7f1c96320000-7f1c9641e000 rw-p 00000000 00:00 0 
7f1c9641e000-7f1c9641f000 ---p 00000000 00:00 0 
7f1c9641f000-7f1c96422000 ---p 00000000 00:00 0 
7f1c96422000-7f1c9651f000 rw-p 00000000 00:00 0 
7f1c9651f000-7f1c96520000 ---p 00000000 00:00 0 
7f1c96520000-7f1c96523000 ---p 00000000 00:00 0 
7f1c96523000-7f1c96620000 rw-p 00000000 00:00 0 
7f1c96620000-7f1c96621000 ---p 00000000 00:00 0 
7f1c96621000-7f1c96624000 ---p 00000000 00:00 0 
7f1c96624000-7f1c96721000 rw-p 00000000 00:00 0 
7f1c96721000-7f1c96724000 ---p 00000000 00:00 0 
7f1c96724000-7f1c96822000 rw-p 00000000 00:00 0 
7f1c96822000-7f1c971f2000 r--p 00000000 08:02 7084665                    /usr/lib/locale/locale-archive
7f1c971f2000-7f1c971f5000 ---p 00000000 00:00 0 
7f1c971f5000-7f1c972f3000 rw-p 00000000 00:00 0 
7f1c972f3000-7f1c972f6000 ---p 00000000 00:00 0 
7f1c972f6000-7f1c973f4000 rw-p 00000000 00:00 0 
7f1c973f4000-7f1c973f5000 ---p 00000000 00:00 0 
7f1c973f5000-7f1c98000000 rw-p 00000000 00:00 0 
7f1c98000000-7f1c98021000 rw-p 00000000 00:00 0 
7f1c98021000-7f1c9c000000 ---p 00000000 00:00 0 
7f1c9c000000-7f1c9c001000 r--p 00000000 00:00 0 
7f1c9c001000-7f1c9c003000 r--s 0000a000 08:02 4724294                    /home/alb/netbeans-8.2/java/maven/lib/maven-settings-3.0.5.jar
7f1c9c003000-7f1c9c005000 r--s 00006000 08:02 4724084                    /home/alb/netbeans-8.2/java/maven/lib/maven-repository-metadata-3.0.5.jar
7f1c9c005000-7f1c9c007000 r--s 0000d000 08:02 4724234                    /home/alb/netbeans-8.2/java/maven/lib/plexus-interpolation-1.14.jar
7f1c9c007000-7f1c9c008000 r--s 00002000 08:02 4724322                    /home/alb/netbeans-8.2/java/maven/lib/wagon-file-2.10.jar
7f1c9c008000-7f1c9c00a000 r--s 0000b000 08:02 4724292                    /home/alb/netbeans-8.2/java/maven/lib/maven-artifact-3.0.5.jar
7f1c9c00a000-7f1c9c00c000 r--s 00006000 08:02 4724150                    /home/alb/netbeans-8.2/java/maven/lib/aether-connector-wagon-1.13.1.jar
7f1c9c00c000-7f1c9c00d000 r--s 00003000 08:02 4724314                    /home/alb/netbeans-8.2/java/maven/lib/aether-spi-1.13.1.jar
7f1c9c00d000-7f1c9c00e000 r--s 0000a000 08:02 4724293                    /home/alb/netbeans-8.2/java/maven/lib/maven-embedder-3.0.5.jar
7f1c9c00e000-7f1c9c014000 r--s 0003f000 08:02 4724308                    /home/alb/netbeans-8.2/java/maven/lib/maven-compat-3.0.5.jar
7f1c9c014000-7f1c9c016000 r--s 00009000 08:02 4724323                    /home/alb/netbeans-8.2/java/maven/lib/commons-cli-1.2.jar
7f1c9c016000-7f1c9c017000 r--s 00006000 08:02 4724233                    /home/alb/netbeans-8.2/java/maven/lib/plexus-sec-dispatcher-1.3.jar
7f1c9c017000-7f1c9c019000 r--s 00000000 08:02 4723961                    /home/alb/netbeans-8.2/java/maven/lib/plexus-component-annotations-1.5.5.jar
7f1c9c019000-7f1c9c01d000 r--s 00021000 08:02 4724232                    /home/alb/netbeans-8.2/java/maven/lib/maven-model-builder-3.0.5.jar
7f1c9c01d000-7f1c9c01f000 r--s 00002000 08:02 4724312                    /home/alb/netbeans-8.2/java/maven/lib/plexus-cipher-1.7.jar
7f1c9c01f000-7f1c9c022000 r--s 0001d000 08:02 4724306                    /home/alb/netbeans-8.2/java/maven/lib/aether-impl-1.13.1.jar
7f1c9c022000-7f1c9c024000 r--s 0000b000 08:02 4724265                    /home/alb/netbeans-8.2/java/maven/lib/wagon-provider-api-2.10.jar
7f1c9c024000-7f1c9c028000 r--s 00033000 08:02 4724305                    /home/alb/netbeans-8.2/java/maven/lib/plexus-utils-2.0.6.jar
7f1c9c028000-7f1c9c02f000 r--s 0003f000 08:02 4724279                    /home/alb/netbeans-8.2/java/maven/lib/sisu-inject-bean-2.3.0.jar
7f1c9c02f000-7f1c9d000000 rw-p 00000000 00:00 0 
7f1c9d000000-7f1c9dfd0000 rwxp 00000000 00:00 0 
7f1c9dfd0000-7f1cac000000 ---p 00000000 00:00 0 
7f1cac000000-7f1cad389000 rw-p 00000000 00:00 0 
7f1cad389000-7f1cb0000000 ---p 00000000 00:00 0 
7f1cb0000000-7f1cb0001000 r--s 00002000 08:02 4724280                    /home/alb/netbeans-8.2/java/maven/lib/wagon-http-shared-2.10.jar
7f1cb0001000-7f1cb0003000 r--s 0000c000 08:02 4724197                    /home/alb/netbeans-8.2/java/maven/lib/maven-aether-provider-3.0.5.jar
7f1cb0003000-7f1cb0006000 r--s 00008000 08:02 4724179                    /home/alb/netbeans-8.2/java/maven/lib/maven-settings-builder-3.0.5.jar
7f1cb0006000-7f1cb0008000 r--s 0000a000 08:02 4724267                    /home/alb/netbeans-8.2/java/maven/boot/plexus-classworlds-2.4.jar
7f1cb0008000-7f1cb000e000 r--s 0003b000 08:02 7082118                    /usr/lib/jvm/java-8-openjdk-amd64/jre/lib/ext/sunjce_provider.jar
7f1cb000e000-7f1cb0029000 r--s 00394000 08:02 7082111                    /usr/lib/jvm/java-8-openjdk-amd64/jre/lib/ext/cldrdata.jar
7f1cb0029000-7f1cb031e000 rw-p 00000000 00:00 0 
7f1cb031e000-7f1cb04ed000 r--s 03c33000 08:02 7082152                    /usr/lib/jvm/java-8-openjdk-amd64/jre/lib/rt.jar
7f1cb04ed000-7f1cb0563000 rw-p 00000000 00:00 0 
7f1cb0563000-7f1cb0564000 ---p 00000000 00:00 0 
7f1cb0564000-7f1cb0664000 rw-p 00000000 00:00 0 
7f1cb0664000-7f1cb0665000 ---p 00000000 00:00 0 
7f1cb0665000-7f1cb0765000 rw-p 00000000 00:00 0 
7f1cb0765000-7f1cb0766000 ---p 00000000 00:00 0 
7f1cb0766000-7f1cb0866000 rw-p 00000000 00:00 0 
7f1cb0866000-7f1cb0867000 ---p 00000000 00:00 0 
7f1cb0867000-7f1cb09a5000 rw-p 00000000 00:00 0 
7f1cb09a5000-7f1cb0d47000 ---p 00000000 00:00 0 
7f1cb0d47000-7f1cb0d85000 rw-p 00000000 00:00 0 
7f1cb0d85000-7f1cb1126000 ---p 00000000 00:00 0 
7f1cb1126000-7f1cb1218000 rw-p 00000000 00:00 0 
7f1cb1218000-7f1cb1316000 ---p 00000000 00:00 0 
7f1cb1316000-7f1cb1357000 rw-p 00000000 00:00 0 
7f1cb1357000-7f1cb16d7000 ---p 00000000 00:00 0 
7f1cb16d7000-7f1cb16df000 r-xp 00000000 08:02 7082097                    /usr/lib/jvm/java-8-openjdk-amd64/jre/lib/amd64/libzip.so
7f1cb16df000-7f1cb18de000 ---p 00008000 08:02 7082097                    /usr/lib/jvm/java-8-openjdk-amd64/jre/lib/amd64/libzip.so
7f1cb18de000-7f1cb18df000 r--p 00007000 08:02 7082097                    /usr/lib/jvm/java-8-openjdk-amd64/jre/lib/amd64/libzip.so
7f1cb18df000-7f1cb18e0000 rw-p 00008000 08:02 7082097                    /usr/lib/jvm/java-8-openjdk-amd64/jre/lib/amd64/libzip.so
7f1cb18e0000-7f1cb18eb000 r-xp 00000000 08:02 8393497                    /lib/x86_64-linux-gnu/libnss_files-2.27.so
7f1cb18eb000-7f1cb1aea000 ---p 0000b000 08:02 8393497                    /lib/x86_64-linux-gnu/libnss_files-2.27.so
7f1cb1aea000-7f1cb1aeb000 r--p 0000a000 08:02 8393497                    /lib/x86_64-linux-gnu/libnss_files-2.27.so
7f1cb1aeb000-7f1cb1aec000 rw-p 0000b000 08:02 8393497                    /lib/x86_64-linux-gnu/libnss_files-2.27.so
7f1cb1aec000-7f1cb1af2000 rw-p 00000000 00:00 0 
7f1cb1af2000-7f1cb1b09000 r-xp 00000000 08:02 8393491                    /lib/x86_64-linux-gnu/libnsl-2.27.so
7f1cb1b09000-7f1cb1d08000 ---p 00017000 08:02 8393491                    /lib/x86_64-linux-gnu/libnsl-2.27.so
7f1cb1d08000-7f1cb1d09000 r--p 00016000 08:02 8393491                    /lib/x86_64-linux-gnu/libnsl-2.27.so
7f1cb1d09000-7f1cb1d0a000 rw-p 00017000 08:02 8393491                    /lib/x86_64-linux-gnu/libnsl-2.27.so
7f1cb1d0a000-7f1cb1d0c000 rw-p 00000000 00:00 0 
7f1cb1d0c000-7f1cb1d17000 r-xp 00000000 08:02 8393508                    /lib/x86_64-linux-gnu/libnss_nis-2.27.so
7f1cb1d17000-7f1cb1f16000 ---p 0000b000 08:02 8393508                    /lib/x86_64-linux-gnu/libnss_nis-2.27.so
7f1cb1f16000-7f1cb1f17000 r--p 0000a000 08:02 8393508                    /lib/x86_64-linux-gnu/libnss_nis-2.27.so
7f1cb1f17000-7f1cb1f18000 rw-p 0000b000 08:02 8393508                    /lib/x86_64-linux-gnu/libnss_nis-2.27.so
7f1cb1f18000-7f1cb1f20000 r-xp 00000000 08:02 8393493                    /lib/x86_64-linux-gnu/libnss_compat-2.27.so
7f1cb1f20000-7f1cb2120000 ---p 00008000 08:02 8393493                    /lib/x86_64-linux-gnu/libnss_compat-2.27.so
7f1cb2120000-7f1cb2121000 r--p 00008000 08:02 8393493                    /lib/x86_64-linux-gnu/libnss_compat-2.27.so
7f1cb2121000-7f1cb2122000 rw-p 00009000 08:02 8393493                    /lib/x86_64-linux-gnu/libnss_compat-2.27.so
7f1cb2122000-7f1cb2150000 r-xp 00000000 08:02 7082047                    /usr/lib/jvm/java-8-openjdk-amd64/jre/lib/amd64/libjava.so
7f1cb2150000-7f1cb234f000 ---p 0002e000 08:02 7082047                    /usr/lib/jvm/java-8-openjdk-amd64/jre/lib/amd64/libjava.so
7f1cb234f000-7f1cb2350000 r--p 0002d000 08:02 7082047                    /usr/lib/jvm/java-8-openjdk-amd64/jre/lib/amd64/libjava.so
7f1cb2350000-7f1cb2352000 rw-p 0002e000 08:02 7082047                    /usr/lib/jvm/java-8-openjdk-amd64/jre/lib/amd64/libjava.so
7f1cb2352000-7f1cb2362000 r-xp 00000000 08:02 7082096                    /usr/lib/jvm/java-8-openjdk-amd64/jre/lib/amd64/libverify.so
7f1cb2362000-7f1cb2561000 ---p 00010000 08:02 7082096                    /usr/lib/jvm/java-8-openjdk-amd64/jre/lib/amd64/libverify.so
7f1cb2561000-7f1cb2563000 r--p 0000f000 08:02 7082096                    /usr/lib/jvm/java-8-openjdk-amd64/jre/lib/amd64/libverify.so
7f1cb2563000-7f1cb2564000 rw-p 00011000 08:02 7082096                    /usr/lib/jvm/java-8-openjdk-amd64/jre/lib/amd64/libverify.so
7f1cb2564000-7f1cb256b000 r-xp 00000000 08:02 8393548                    /lib/x86_64-linux-gnu/librt-2.27.so
7f1cb256b000-7f1cb276a000 ---p 00007000 08:02 8393548                    /lib/x86_64-linux-gnu/librt-2.27.so
7f1cb276a000-7f1cb276b000 r--p 00006000 08:02 8393548                    /lib/x86_64-linux-gnu/librt-2.27.so
7f1cb276b000-7f1cb276c000 rw-p 00007000 08:02 8393548                    /lib/x86_64-linux-gnu/librt-2.27.so
7f1cb276c000-7f1cb2783000 r-xp 00000000 08:02 8395804                    /lib/x86_64-linux-gnu/libgcc_s.so.1
7f1cb2783000-7f1cb2982000 ---p 00017000 08:02 8395804                    /lib/x86_64-linux-gnu/libgcc_s.so.1
7f1cb2982000-7f1cb2983000 r--p 00016000 08:02 8395804                    /lib/x86_64-linux-gnu/libgcc_s.so.1
7f1cb2983000-7f1cb2984000 rw-p 00017000 08:02 8395804                    /lib/x86_64-linux-gnu/libgcc_s.so.1
7f1cb2984000-7f1cb2b21000 r-xp 00000000 08:02 8393470                    /lib/x86_64-linux-gnu/libm-2.27.so
7f1cb2b21000-7f1cb2d20000 ---p 0019d000 08:02 8393470                    /lib/x86_64-linux-gnu/libm-2.27.so
7f1cb2d20000-7f1cb2d21000 r--p 0019c000 08:02 8393470                    /lib/x86_64-linux-gnu/libm-2.27.so
7f1cb2d21000-7f1cb2d22000 rw-p 0019d000 08:02 8393470                    /lib/x86_64-linux-gnu/libm-2.27.so
7f1cb2d22000-7f1cb2e9b000 r-xp 00000000 08:02 7085852                    /usr/lib/x86_64-linux-gnu/libstdc++.so.6.0.25
7f1cb2e9b000-7f1cb309b000 ---p 00179000 08:02 7085852                    /usr/lib/x86_64-linux-gnu/libstdc++.so.6.0.25
7f1cb309b000-7f1cb30a5000 r--p 00179000 08:02 7085852                    /usr/lib/x86_64-linux-gnu/libstdc++.so.6.0.25
7f1cb30a5000-7f1cb30a7000 rw-p 00183000 08:02 7085852                    /usr/lib/x86_64-linux-gnu/libstdc++.so.6.0.25
7f1cb30a7000-7f1cb30ab000 rw-p 00000000 00:00 0 
7f1cb30ab000-7f1cb3d45000 r-xp 00000000 08:02 7082100                    /usr/lib/jvm/java-8-openjdk-amd64/jre/lib/amd64/server/libjvm.so
7f1cb3d45000-7f1cb3f44000 ---p 00c9a000 08:02 7082100                    /usr/lib/jvm/java-8-openjdk-amd64/jre/lib/amd64/server/libjvm.so
7f1cb3f44000-7f1cb3fd8000 r--p 00c99000 08:02 7082100                    /usr/lib/jvm/java-8-openjdk-amd64/jre/lib/amd64/server/libjvm.so
7f1cb3fd8000-7f1cb4001000 rw-p 00d2d000 08:02 7082100                    /usr/lib/jvm/java-8-openjdk-amd64/jre/lib/amd64/server/libjvm.so
7f1cb4001000-7f1cb4031000 rw-p 00000000 00:00 0 
7f1cb4031000-7f1cb404b000 r-xp 00000000 08:02 8393540                    /lib/x86_64-linux-gnu/libpthread-2.27.so
7f1cb404b000-7f1cb424a000 ---p 0001a000 08:02 8393540                    /lib/x86_64-linux-gnu/libpthread-2.27.so
7f1cb424a000-7f1cb424b000 r--p 00019000 08:02 8393540                    /lib/x86_64-linux-gnu/libpthread-2.27.so
7f1cb424b000-7f1cb424c000 rw-p 0001a000 08:02 8393540                    /lib/x86_64-linux-gnu/libpthread-2.27.so
7f1cb424c000-7f1cb4250000 rw-p 00000000 00:00 0 
7f1cb4250000-7f1cb4253000 r-xp 00000000 08:02 8393430                    /lib/x86_64-linux-gnu/libdl-2.27.so
7f1cb4253000-7f1cb4452000 ---p 00003000 08:02 8393430                    /lib/x86_64-linux-gnu/libdl-2.27.so
7f1cb4452000-7f1cb4453000 r--p 00002000 08:02 8393430                    /lib/x86_64-linux-gnu/libdl-2.27.so
7f1cb4453000-7f1cb4454000 rw-p 00003000 08:02 8393430                    /lib/x86_64-linux-gnu/libdl-2.27.so
7f1cb4454000-7f1cb4470000 r-xp 00000000 08:02 8393579                    /lib/x86_64-linux-gnu/libz.so.1.2.11
7f1cb4470000-7f1cb466f000 ---p 0001c000 08:02 8393579                    /lib/x86_64-linux-gnu/libz.so.1.2.11
7f1cb466f000-7f1cb4670000 r--p 0001b000 08:02 8393579                    /lib/x86_64-linux-gnu/libz.so.1.2.11
7f1cb4670000-7f1cb4671000 rw-p 0001c000 08:02 8393579                    /lib/x86_64-linux-gnu/libz.so.1.2.11
7f1cb4671000-7f1cb4858000 r-xp 00000000 08:02 8393407                    /lib/x86_64-linux-gnu/libc-2.27.so
7f1cb4858000-7f1cb4a58000 ---p 001e7000 08:02 8393407                    /lib/x86_64-linux-gnu/libc-2.27.so
7f1cb4a58000-7f1cb4a5c000 r--p 001e7000 08:02 8393407                    /lib/x86_64-linux-gnu/libc-2.27.so
7f1cb4a5c000-7f1cb4a5e000 rw-p 001eb000 08:02 8393407                    /lib/x86_64-linux-gnu/libc-2.27.so
7f1cb4a5e000-7f1cb4a62000 rw-p 00000000 00:00 0 
7f1cb4a62000-7f1cb4a70000 r-xp 00000000 08:02 7082030                    /usr/lib/jvm/java-8-openjdk-amd64/jre/lib/amd64/jli/libjli.so
7f1cb4a70000-7f1cb4c6f000 ---p 0000e000 08:02 7082030                    /usr/lib/jvm/java-8-openjdk-amd64/jre/lib/amd64/jli/libjli.so
7f1cb4c6f000-7f1cb4c70000 r--p 0000d000 08:02 7082030                    /usr/lib/jvm/java-8-openjdk-amd64/jre/lib/amd64/jli/libjli.so
7f1cb4c70000-7f1cb4c71000 rw-p 0000e000 08:02 7082030                    /usr/lib/jvm/java-8-openjdk-amd64/jre/lib/amd64/jli/libjli.so
7f1cb4c71000-7f1cb4c98000 r-xp 00000000 08:02 8393379                    /lib/x86_64-linux-gnu/ld-2.27.so
7f1cb4c98000-7f1cb4c9b000 r--s 0000f000 08:02 7082113                    /usr/lib/jvm/java-8-openjdk-amd64/jre/lib/ext/icedtea-sound.jar
7f1cb4c9b000-7f1cb4c9c000 r--s 00010000 08:02 7082120                    /usr/lib/jvm/java-8-openjdk-amd64/jre/lib/ext/zipfs.jar
7f1cb4c9c000-7f1cb4cb7000 r--s 001d6000 08:02 7082116                    /usr/lib/jvm/java-8-openjdk-amd64/jre/lib/ext/nashorn.jar
7f1cb4cb7000-7f1cb4d75000 rw-p 00000000 00:00 0 
7f1cb4d75000-7f1cb4d76000 ---p 00000000 00:00 0 
7f1cb4d76000-7f1cb4d79000 ---p 00000000 00:00 0 
7f1cb4d79000-7f1cb4e78000 rw-p 00000000 00:00 0 
7f1cb4e78000-7f1cb4e7a000 r--s 00001000 08:02 7082112                    /usr/lib/jvm/java-8-openjdk-amd64/jre/lib/ext/dnsns.jar
7f1cb4e7a000-7f1cb4e7c000 r--s 00008000 08:02 7082117                    /usr/lib/jvm/java-8-openjdk-amd64/jre/lib/ext/sunec.jar
7f1cb4e7c000-7f1cb4e7e000 r--s 00007000 08:02 7607304                    /usr/share/java/java-atk-wrapper.jar
7f1cb4e7e000-7f1cb4e81000 r--s 00038000 08:02 7082119                    /usr/lib/jvm/java-8-openjdk-amd64/jre/lib/ext/sunpkcs11.jar
7f1cb4e81000-7f1cb4e82000 r--s 0000a000 08:02 7082114                    /usr/lib/jvm/java-8-openjdk-amd64/jre/lib/ext/jaccess.jar
7f1cb4e82000-7f1cb4e8c000 r--s 00116000 08:02 7082115                    /usr/lib/jvm/java-8-openjdk-amd64/jre/lib/ext/localedata.jar
7f1cb4e8c000-7f1cb4e94000 rw-s 00000000 08:02 13371291                   /tmp/hsperfdata_alb/30157
7f1cb4e94000-7f1cb4e95000 rw-p 00000000 00:00 0 
7f1cb4e95000-7f1cb4e96000 ---p 00000000 00:00 0 
7f1cb4e96000-7f1cb4e98000 rw-p 00000000 00:00 0 
7f1cb4e98000-7f1cb4e99000 r--p 00027000 08:02 8393379                    /lib/x86_64-linux-gnu/ld-2.27.so
7f1cb4e99000-7f1cb4e9a000 rw-p 00028000 08:02 8393379                    /lib/x86_64-linux-gnu/ld-2.27.so
7f1cb4e9a000-7f1cb4e9b000 rw-p 00000000 00:00 0 
7fff54c6c000-7fff54c8d000 rw-p 00000000 00:00 0                          [stack]
7fff54cd1000-7fff54cd4000 r--p 00000000 00:00 0                          [vvar]
7fff54cd4000-7fff54cd6000 r-xp 00000000 00:00 0                          [vdso]
ffffffffff600000-ffffffffff601000 r-xp 00000000 00:00 0                  [vsyscall]

VM Arguments:
jvm_args: -Dclassworlds.conf=/home/alb/netbeans-8.2/java/maven/bin/m2.conf -Dmaven.home=/home/alb/netbeans-8.2/java/maven 
java_command: org.codehaus.plexus.classworlds.launcher.Launcher -Dmaven.ext.class.path=/home/alb/netbeans-8.2/java/maven-nblib/netbeans-eventspy.jar clean install
java_class_path (initial): /home/alb/netbeans-8.2/java/maven/boot/plexus-classworlds-2.4.jar
Launcher Type: SUN_STANDARD

Environment Variables:
JAVA_HOME=/usr/lib/jvm/java-8-openjdk-amd64
PATH=/usr/local/sbin:/usr/local/bin:/usr/sbin:/usr/bin:/sbin:/bin:/usr/games:/usr/local/games:/snap/bin
USERNAME=alb
LD_LIBRARY_PATH=/usr/lib/jvm/java-8-openjdk-amd64/jre/lib/amd64:/usr/lib/jvm/java-8-openjdk-amd64/jre/lib/i386:
SHELL=/bin/bash
DISPLAY=:0

Signal Handlers:
SIGSEGV: [libjvm.so+0xab2ea0], sa_mask[0]=11111111011111111101111111111110, sa_flags=SA_RESTART|SA_SIGINFO
SIGBUS: [libjvm.so+0xab2ea0], sa_mask[0]=11111111011111111101111111111110, sa_flags=SA_RESTART|SA_SIGINFO
SIGFPE: [libjvm.so+0x8e87b0], sa_mask[0]=11111111011111111101111111111110, sa_flags=SA_RESTART|SA_SIGINFO
SIGPIPE: [libjvm.so+0x8e87b0], sa_mask[0]=11111111011111111101111111111110, sa_flags=SA_RESTART|SA_SIGINFO
SIGXFSZ: [libjvm.so+0x8e87b0], sa_mask[0]=11111111011111111101111111111110, sa_flags=SA_RESTART|SA_SIGINFO
SIGILL: [libjvm.so+0x8e87b0], sa_mask[0]=11111111011111111101111111111110, sa_flags=SA_RESTART|SA_SIGINFO
SIGUSR1: SIG_DFL, sa_mask[0]=00000000000000000000000000000000, sa_flags=none
SIGUSR2: [libjvm.so+0x8e8660], sa_mask[0]=00100000000000000000000000000000, sa_flags=SA_RESTART|SA_SIGINFO
SIGHUP: [libjvm.so+0x8e8cd0], sa_mask[0]=11111111011111111101111111111110, sa_flags=SA_RESTART|SA_SIGINFO
SIGINT: SIG_IGN, sa_mask[0]=00000000000000000000000000000000, sa_flags=none
SIGTERM: [libjvm.so+0x8e8cd0], sa_mask[0]=11111111011111111101111111111110, sa_flags=SA_RESTART|SA_SIGINFO
SIGQUIT: [libjvm.so+0x8e8cd0], sa_mask[0]=11111111011111111101111111111110, sa_flags=SA_RESTART|SA_SIGINFO


---------------  S Y S T E M  ---------------

OS:DISTRIB_ID=Ubuntu
DISTRIB_RELEASE=18.04
DISTRIB_CODENAME=bionic
DISTRIB_DESCRIPTION="Ubuntu 18.04.2 LTS"

uname:Linux 4.15.0-47-generic #50-Ubuntu SMP Wed Mar 13 10:44:52 UTC 2019 x86_64
libc:glibc 2.27 NPTL 2.27 
rlimit: STACK 8192k, CORE 0k, NPROC 47229, NOFILE 1048576, AS infinity
load average:3,41 2,93 2,64

/proc/meminfo:
MemTotal:       12177696 kB
MemFree:          147492 kB
MemAvailable:      62740 kB
Buffers:            4480 kB
Cached:           708504 kB
SwapCached:        12984 kB
Active:         10484140 kB
Inactive:        1073980 kB
Active(anon):   10450736 kB
Inactive(anon):  1044936 kB
Active(file):      33404 kB
Inactive(file):    29044 kB
Unevictable:         560 kB
Mlocked:             560 kB
SwapTotal:       2097148 kB
SwapFree:              0 kB
Dirty:               168 kB
Writeback:             0 kB
AnonPages:      10833836 kB
Mapped:           371480 kB
Shmem:            649868 kB
Slab:             188736 kB
SReclaimable:      80260 kB
SUnreclaim:       108476 kB
KernelStack:       21152 kB
PageTables:       117696 kB
NFS_Unstable:          0 kB
Bounce:                0 kB
WritebackTmp:          0 kB
CommitLimit:     8185996 kB
Committed_AS:   23724284 kB
VmallocTotal:   34359738367 kB
VmallocUsed:           0 kB
VmallocChunk:          0 kB
HardwareCorrupted:     0 kB
AnonHugePages:         0 kB
ShmemHugePages:        0 kB
ShmemPmdMapped:        0 kB
CmaTotal:              0 kB
CmaFree:               0 kB
HugePages_Total:       0
HugePages_Free:        0
HugePages_Rsvd:        0
HugePages_Surp:        0
Hugepagesize:       2048 kB
DirectMap4k:      593312 kB
DirectMap2M:    11870208 kB
DirectMap1G:           0 kB

container (cgroup) information:
container_type: cgroupv1
cpu_cpuset_cpus: 0-3
cpu_memory_nodes: 0
active_processor_count: 4
cpu_quota: -1
cpu_period: 100000
cpu_shares: -1
memory_limit_in_bytes: -1
memory_and_swap_limit_in_bytes: -2
memory_soft_limit_in_bytes: -1
memory_usage_in_bytes: 11822338048
memory_max_usage_in_bytes: 2027520


CPU:total 4 (initial active 4) (2 cores per cpu, 2 threads per core) family 6 model 142 stepping 9, cmov, cx8, fxsr, mmx, sse, sse2, sse3, ssse3, sse4.1, sse4.2, popcnt, avx, avx2, aes, clmul, erms, 3dnowpref, lzcnt, ht, tsc, tscinvbit, bmi1, bmi2, adx

/proc/cpuinfo:
processor	: 0
vendor_id	: GenuineIntel
cpu family	: 6
model		: 142
model name	: Intel(R) Core(TM) i7-7500U CPU @ 2.70GHz
stepping	: 9
microcode	: 0x8e
cpu MHz		: 3100.002
cache size	: 4096 KB
physical id	: 0
siblings	: 4
core id		: 0
cpu cores	: 2
apicid		: 0
initial apicid	: 0
fpu		: yes
fpu_exception	: yes
cpuid level	: 22
wp		: yes
flags		: fpu vme de pse tsc msr pae mce cx8 apic sep mtrr pge mca cmov pat pse36 clflush dts acpi mmx fxsr sse sse2 ss ht tm pbe syscall nx pdpe1gb rdtscp lm constant_tsc art arch_perfmon pebs bts rep_good nopl xtopology nonstop_tsc cpuid aperfmperf tsc_known_freq pni pclmulqdq dtes64 monitor ds_cpl vmx est tm2 ssse3 sdbg fma cx16 xtpr pdcm pcid sse4_1 sse4_2 x2apic movbe popcnt tsc_deadline_timer aes xsave avx f16c rdrand lahf_lm abm 3dnowprefetch cpuid_fault epb invpcid_single pti ssbd ibrs ibpb stibp tpr_shadow vnmi flexpriority ept vpid fsgsbase tsc_adjust bmi1 avx2 smep bmi2 erms invpcid mpx rdseed adx smap clflushopt intel_pt xsaveopt xsavec xgetbv1 xsaves dtherm ida arat pln pts hwp hwp_notify hwp_act_window hwp_epp flush_l1d
bugs		: cpu_meltdown spectre_v1 spectre_v2 spec_store_bypass l1tf
bogomips	: 5808.00
clflush size	: 64
cache_alignment	: 64
address sizes	: 39 bits physical, 48 bits virtual
power management:

processor	: 1
vendor_id	: GenuineIntel
cpu family	: 6
model		: 142
model name	: Intel(R) Core(TM) i7-7500U CPU @ 2.70GHz
stepping	: 9
microcode	: 0x8e
cpu MHz		: 3100.009
cache size	: 4096 KB
physical id	: 0
siblings	: 4
core id		: 1
cpu cores	: 2
apicid		: 2
initial apicid	: 2
fpu		: yes
fpu_exception	: yes
cpuid level	: 22
wp		: yes
flags		: fpu vme de pse tsc msr pae mce cx8 apic sep mtrr pge mca cmov pat pse36 clflush dts acpi mmx fxsr sse sse2 ss ht tm pbe syscall nx pdpe1gb rdtscp lm constant_tsc art arch_perfmon pebs bts rep_good nopl xtopology nonstop_tsc cpuid aperfmperf tsc_known_freq pni pclmulqdq dtes64 monitor ds_cpl vmx est tm2 ssse3 sdbg fma cx16 xtpr pdcm pcid sse4_1 sse4_2 x2apic movbe popcnt tsc_deadline_timer aes xsave avx f16c rdrand lahf_lm abm 3dnowprefetch cpuid_fault epb invpcid_single pti ssbd ibrs ibpb stibp tpr_shadow vnmi flexpriority ept vpid fsgsbase tsc_adjust bmi1 avx2 smep bmi2 erms invpcid mpx rdseed adx smap clflushopt intel_pt xsaveopt xsavec xgetbv1 xsaves dtherm ida arat pln pts hwp hwp_notify hwp_act_window hwp_epp flush_l1d
bugs		: cpu_meltdown spectre_v1 spectre_v2 spec_store_bypass l1tf
bogomips	: 5808.00
clflush size	: 64
cache_alignment	: 64
address sizes	: 39 bits physical, 48 bits virtual
power management:

processor	: 2
vendor_id	: GenuineIntel
cpu family	: 6
model		: 142
model name	: Intel(R) Core(TM) i7-7500U CPU @ 2.70GHz
stepping	: 9
microcode	: 0x8e
cpu MHz		: 3100.001
cache size	: 4096 KB
physical id	: 0
siblings	: 4
core id		: 0
cpu cores	: 2
apicid		: 1
initial apicid	: 1
fpu		: yes
fpu_exception	: yes
cpuid level	: 22
wp		: yes
flags		: fpu vme de pse tsc msr pae mce cx8 apic sep mtrr pge mca cmov pat pse36 clflush dts acpi mmx fxsr sse sse2 ss ht tm pbe syscall nx pdpe1gb rdtscp lm constant_tsc art arch_perfmon pebs bts rep_good nopl xtopology nonstop_tsc cpuid aperfmperf tsc_known_freq pni pclmulqdq dtes64 monitor ds_cpl vmx est tm2 ssse3 sdbg fma cx16 xtpr pdcm pcid sse4_1 sse4_2 x2apic movbe popcnt tsc_deadline_timer aes xsave avx f16c rdrand lahf_lm abm 3dnowprefetch cpuid_fault epb invpcid_single pti ssbd ibrs ibpb stibp tpr_shadow vnmi flexpriority ept vpid fsgsbase tsc_adjust bmi1 avx2 smep bmi2 erms invpcid mpx rdseed adx smap clflushopt intel_pt xsaveopt xsavec xgetbv1 xsaves dtherm ida arat pln pts hwp hwp_notify hwp_act_window hwp_epp flush_l1d
bugs		: cpu_meltdown spectre_v1 spectre_v2 spec_store_bypass l1tf
bogomips	: 5808.00
clflush size	: 64
cache_alignment	: 64
address sizes	: 39 bits physical, 48 bits virtual
power management:

processor	: 3
vendor_id	: GenuineIntel
cpu family	: 6
model		: 142
model name	: Intel(R) Core(TM) i7-7500U CPU @ 2.70GHz
stepping	: 9
microcode	: 0x8e
cpu MHz		: 3099.999
cache size	: 4096 KB
physical id	: 0
siblings	: 4
core id		: 1
cpu cores	: 2
apicid		: 3
initial apicid	: 3
fpu		: yes
fpu_exception	: yes
cpuid level	: 22
wp		: yes
flags		: fpu vme de pse tsc msr pae mce cx8 apic sep mtrr pge mca cmov pat pse36 clflush dts acpi mmx fxsr sse sse2 ss ht tm pbe syscall nx pdpe1gb rdtscp lm constant_tsc art arch_perfmon pebs bts rep_good nopl xtopology nonstop_tsc cpuid aperfmperf tsc_known_freq pni pclmulqdq dtes64 monitor ds_cpl vmx est tm2 ssse3 sdbg fma cx16 xtpr pdcm pcid sse4_1 sse4_2 x2apic movbe popcnt tsc_deadline_timer aes xsave avx f16c rdrand lahf_lm abm 3dnowprefetch cpuid_fault epb invpcid_single pti ssbd ibrs ibpb stibp tpr_shadow vnmi flexpriority ept vpid fsgsbase tsc_adjust bmi1 avx2 smep bmi2 erms invpcid mpx rdseed adx smap clflushopt intel_pt xsaveopt xsavec xgetbv1 xsaves dtherm ida arat pln pts hwp hwp_notify hwp_act_window hwp_epp flush_l1d
bugs		: cpu_meltdown spectre_v1 spectre_v2 spec_store_bypass l1tf
bogomips	: 5808.00
clflush size	: 64
cache_alignment	: 64
address sizes	: 39 bits physical, 48 bits virtual
power management:



Memory: 4k page, physical 12177696k(212580k free), swap 2097148k(0k free)

vm_info: OpenJDK 64-Bit Server VM (25.191-b12) for linux-amd64 JRE (1.8.0_191-8u191-b12-2ubuntu0.18.04.1-b12), built on Jan 14 2019 21:02:00 by "buildd" with gcc 7.3.0

time: Mon Apr 15 18:39:47 2019
elapsed time: 14 seconds (0d 0h 0m 14s)

