#
# There is insufficient memory for the Java Runtime Environment to continue.
# Native memory allocation (mmap) failed to map 139460608 bytes for committing reserved memory.
# Possible reasons:
#   The system is out of physical RAM or swap space
#   The process is running with CompressedOops enabled, and the Java Heap may be blocking the growth of the native heap
# Possible solutions:
#   Reduce memory load on the system
#   Increase physical memory or swap space
#   Check if swap backing store is full
#   Decrease Java heap size (-Xmx/-Xms)
#   Decrease number of Java threads
#   Decrease Java thread stack sizes (-Xss)
#   Set larger code cache with -XX:ReservedCodeCacheSize=
#   JVM is running with Zero Based Compressed Oops mode in which the Java heap is
#     placed in the first 32GB address space. The Java Heap base address is the
#     maximum limit for the native heap growth. Please use -XX:HeapBaseMinAddress
#     to set the Java Heap base and to place the Java Heap above 32GB virtual address.
# This output file may be truncated or incomplete.
#
#  Out of Memory Error (os_linux.cpp:2757), pid=4329, tid=0x00007f8addacf700
#
# JRE version: OpenJDK Runtime Environment (8.0_242-b08) (build 1.8.0_242-8u242-b08-0ubuntu3~18.04-b08)
# Java VM: OpenJDK 64-Bit Server VM (25.242-b08 mixed mode linux-amd64 compressed oops)
# Failed to write core dump. Core dumps have been disabled. To enable core dumping, try "ulimit -c unlimited" before starting Java again
#

---------------  T H R E A D  ---------------

Current thread (0x00007f8af0079000):  VMThread [stack: 0x00007f8add9d0000,0x00007f8addad0000] [id=4337]

Stack: [0x00007f8add9d0000,0x00007f8addad0000],  sp=0x00007f8addace440,  free space=1017k
Native frames: (J=compiled Java code, j=interpreted, Vv=VM code, C=native code)
V  [libjvm.so+0xabba52]
V  [libjvm.so+0x4de2e7]
V  [libjvm.so+0x8f59f0]
V  [libjvm.so+0x8ecabe]
V  [libjvm.so+0x970456]
V  [libjvm.so+0x9717c8]
V  [libjvm.so+0x96ddc6]
V  [libjvm.so+0x966529]
V  [libjvm.so+0x458ce3]
V  [libjvm.so+0xabcbd1]
V  [libjvm.so+0xac2336]
V  [libjvm.so+0xac0635]
V  [libjvm.so+0xac0f0d]
V  [libjvm.so+0xac1318]
V  [libjvm.so+0x8f2d82]

VM_Operation (0x00007f8acf9760b0): CollectForMetadataAllocation, mode: safepoint, requested by thread 0x00007f8a8c9dc000


---------------  P R O C E S S  ---------------

Java Threads: ( => current thread )
  0x00007f8a8c9dc000 JavaThread "background-preinit" [_thread_blocked, id=4420, stack(0x00007f8acf879000,0x00007f8acf97a000)]
  0x00007f8af136f800 JavaThread "main" [_thread_blocked, id=4419, stack(0x00007f8ad4616000,0x00007f8ad4717000)]
  0x00007f8af076c800 JavaThread "process reaper" daemon [_thread_blocked, id=4347, stack(0x00007f8adc0c9000,0x00007f8adc102000)]
  0x00007f8af00c1000 JavaThread "Service Thread" daemon [_thread_blocked, id=4344, stack(0x00007f8adc8f9000,0x00007f8adc9fa000)]
  0x00007f8af00bd800 JavaThread "C1 CompilerThread2" daemon [_thread_blocked, id=4343, stack(0x00007f8adc9fb000,0x00007f8adcafb000)]
  0x00007f8af00bc000 JavaThread "C2 CompilerThread1" daemon [_thread_blocked, id=4342, stack(0x00007f8adcafc000,0x00007f8adcbfc000)]
  0x00007f8af00b9000 JavaThread "C2 CompilerThread0" daemon [_thread_blocked, id=4341, stack(0x00007f8adcbfd000,0x00007f8adccfd000)]
  0x00007f8af00b5000 JavaThread "Signal Dispatcher" daemon [_thread_blocked, id=4340, stack(0x00007f8adccfd000,0x00007f8adcdfe000)]
  0x00007f8af0087800 JavaThread "Finalizer" daemon [_thread_blocked, id=4339, stack(0x00007f8add7cd000,0x00007f8add8ce000)]
  0x00007f8af0083000 JavaThread "Reference Handler" daemon [_thread_blocked, id=4338, stack(0x00007f8add8ce000,0x00007f8add9cf000)]
  0x00007f8af000b800 JavaThread "main" [_thread_blocked, id=4332, stack(0x00007f8af7306000,0x00007f8af7406000)]

Other Threads:
=>0x00007f8af0079000 VMThread [stack: 0x00007f8add9d0000,0x00007f8addad0000] [id=4337]
  0x00007f8af00c3800 WatcherThread [stack: 0x00007f8adc7f9000,0x00007f8adc8f9000] [id=4345]

VM state:at safepoint (normal execution)

VM Mutex/Monitor currently owned by a thread:  ([mutex/lock_event])
[0x00007f8af0008000] Threads_lock - owner thread: 0x00007f8af0079000
[0x00007f8af0008500] Heap_lock - owner thread: 0x00007f8a8c9dc000

heap address: 0x0000000706200000, size: 2974 MB, Compressed Oops mode: Zero based, Oop shift amount: 3
Narrow klass base: 0x0000000000000000, Narrow klass shift: 3
Compressed class space size: 1073741824 Address: 0x00000007c0000000

Heap:
 PSYoungGen      total 823296K, used 19778K [0x0000000782100000, 0x00000007b7b00000, 0x00000007c0000000)
  eden space 768000K, 0% used [0x0000000782100000,0x0000000782100000,0x00000007b0f00000)
  from space 55296K, 35% used [0x00000007b0f00000,0x00000007b2250a58,0x00000007b4500000)
  to   space 36352K, 0% used [0x00000007b5780000,0x00000007b5780000,0x00000007b7b00000)
 ParOldGen       total 226304K, used 165040K [0x0000000706200000, 0x0000000713f00000, 0x0000000782100000)
  object space 226304K, 72% used [0x0000000706200000,0x000000071032c098,0x0000000713f00000)
 Metaspace       used 34486K, capacity 35220K, committed 35416K, reserved 1081344K
  class space    used 3789K, capacity 3948K, committed 3968K, reserved 1048576K

Card table byte_map: [0x00007f8ae0255000,0x00007f8ae0825000] byte_map_base: 0x00007f8adca24000

Marking Bits: (ParMarkBitMap*) 0x00007f8af65a73e0
 Begin Bits: [0x00007f8aba310000, 0x00007f8abd188000)
 End Bits:   [0x00007f8abd188000, 0x00007f8ac0000000)

Polling page: 0x00007f8af7428000

CodeCache: size=245760Kb used=26866Kb max_used=28691Kb free=218893Kb
 bounds [0x00007f8ae0be5000, 0x00007f8ae2835000, 0x00007f8aefbe5000]
 total_blobs=7060 nmethods=6657 adapters=317
 compilation: enabled

Compilation events (10 events):
Event: 36,537 Thread 0x00007f8af00bd800 9537       3       java.util.concurrent.locks.ReentrantLock::<init> (16 bytes)
Event: 36,538 Thread 0x00007f8af00bd800 nmethod 9537 0x00007f8ae24d45d0 code [0x00007f8ae24d4760, 0x00007f8ae24d4b50]
Event: 36,538 Thread 0x00007f8af00bd800 9539  s    3       java.util.Hashtable::containsKey (65 bytes)
Event: 36,562 Thread 0x00007f8af00bd800 nmethod 9539 0x00007f8ae0fe5590 code [0x00007f8ae0fe5740, 0x00007f8ae0fe5d78]
Event: 36,562 Thread 0x00007f8af00bd800 9538       3       java.util.concurrent.locks.ReentrantLock$NonfairSync::<init> (5 bytes)
Event: 36,563 Thread 0x00007f8af00bd800 nmethod 9538 0x00007f8ae20cc910 code [0x00007f8ae20cca80, 0x00007f8ae20ccd50]
Event: 36,563 Thread 0x00007f8af00bd800 9540       3       java.util.logging.LogManager$LoggerContext::requiresDefaultLoggers (29 bytes)
Event: 36,563 Thread 0x00007f8af00bd800 nmethod 9540 0x00007f8ae20cc210 code [0x00007f8ae20cc3a0, 0x00007f8ae20cc7e8]
Event: 36,563 Thread 0x00007f8af00bd800 9541       3       java.util.logging.LogManager::access$100 (4 bytes)
Event: 36,564 Thread 0x00007f8af00bd800 nmethod 9541 0x00007f8ae24d42d0 code [0x00007f8ae24d4420, 0x00007f8ae24d4550]

GC Heap History (10 events):
Event: 7,890 GC heap after
Heap after GC invocations=9 (full 0):
 PSYoungGen      total 406016K, used 48236K [0x0000000782100000, 0x00000007abe80000, 0x00000007c0000000)
  eden space 354816K, 0% used [0x0000000782100000,0x0000000782100000,0x0000000797b80000)
  from space 51200K, 94% used [0x0000000797b80000,0x000000079aa9b210,0x000000079ad80000)
  to   space 58880K, 0% used [0x00000007a8500000,0x00000007a8500000,0x00000007abe80000)
 ParOldGen       total 126976K, used 84250K [0x0000000706200000, 0x000000070de00000, 0x0000000782100000)
  object space 126976K, 66% used [0x0000000706200000,0x000000070b4469a0,0x000000070de00000)
 Metaspace       used 20429K, capacity 21018K, committed 21248K, reserved 1069056K
  class space    used 2283K, capacity 2437K, committed 2560K, reserved 1048576K
}
Event: 8,049 GC heap before
{Heap before GC invocations=10 (full 0):
 PSYoungGen      total 406016K, used 69618K [0x0000000782100000, 0x00000007abe80000, 0x00000007c0000000)
  eden space 354816K, 6% used [0x0000000782100000,0x00000007835e16f0,0x0000000797b80000)
  from space 51200K, 94% used [0x0000000797b80000,0x000000079aa9b210,0x000000079ad80000)
  to   space 58880K, 0% used [0x00000007a8500000,0x00000007a8500000,0x00000007abe80000)
 ParOldGen       total 126976K, used 84250K [0x0000000706200000, 0x000000070de00000, 0x0000000782100000)
  object space 126976K, 66% used [0x0000000706200000,0x000000070b4469a0,0x000000070de00000)
 Metaspace       used 20509K, capacity 21114K, committed 21248K, reserved 1069056K
  class space    used 2293K, capacity 2469K, committed 2560K, reserved 1048576K
Event: 8,125 GC heap after
Heap after GC invocations=10 (full 0):
 PSYoungGen      total 625664K, used 34865K [0x0000000782100000, 0x00000007ac080000, 0x00000007c0000000)
  eden space 566784K, 0% used [0x0000000782100000,0x0000000782100000,0x00000007a4a80000)
  from space 58880K, 59% used [0x00000007a8500000,0x00000007aa70c4f0,0x00000007abe80000)
  to   space 59904K, 0% used [0x00000007a4a80000,0x00000007a4a80000,0x00000007a8500000)
 ParOldGen       total 126976K, used 103233K [0x0000000706200000, 0x000000070de00000, 0x0000000782100000)
  object space 126976K, 81% used [0x0000000706200000,0x000000070c6d04e0,0x000000070de00000)
 Metaspace       used 20509K, capacity 21114K, committed 21248K, reserved 1069056K
  class space    used 2293K, capacity 2469K, committed 2560K, reserved 1048576K
}
Event: 8,125 GC heap before
{Heap before GC invocations=11 (full 1):
 PSYoungGen      total 625664K, used 34865K [0x0000000782100000, 0x00000007ac080000, 0x00000007c0000000)
  eden space 566784K, 0% used [0x0000000782100000,0x0000000782100000,0x00000007a4a80000)
  from space 58880K, 59% used [0x00000007a8500000,0x00000007aa70c4f0,0x00000007abe80000)
  to   space 59904K, 0% used [0x00000007a4a80000,0x00000007a4a80000,0x00000007a8500000)
 ParOldGen       total 126976K, used 103233K [0x0000000706200000, 0x000000070de00000, 0x0000000782100000)
  object space 126976K, 81% used [0x0000000706200000,0x000000070c6d04e0,0x000000070de00000)
 Metaspace       used 20509K, capacity 21114K, committed 21248K, reserved 1069056K
  class space    used 2293K, capacity 2469K, committed 2560K, reserved 1048576K
Event: 8,620 GC heap after
Heap after GC invocations=11 (full 1):
 PSYoungGen      total 625664K, used 5606K [0x0000000782100000, 0x00000007ac080000, 0x00000007c0000000)
  eden space 566784K, 0% used [0x0000000782100000,0x0000000782100000,0x00000007a4a80000)
  from space 58880K, 9% used [0x00000007a8500000,0x00000007a8a798b8,0x00000007abe80000)
  to   space 59904K, 0% used [0x00000007a4a80000,0x00000007a4a80000,0x00000007a8500000)
 ParOldGen       total 226304K, used 126493K [0x0000000706200000, 0x0000000713f00000, 0x0000000782100000)
  object space 226304K, 55% used [0x0000000706200000,0x000000070dd87480,0x0000000713f00000)
 Metaspace       used 20509K, capacity 21114K, committed 21248K, reserved 1069056K
  class space    used 2293K, capacity 2469K, committed 2560K, reserved 1048576K
}
Event: 18,052 GC heap before
{Heap before GC invocations=12 (full 1):
 PSYoungGen      total 625664K, used 572390K [0x0000000782100000, 0x00000007ac080000, 0x00000007c0000000)
  eden space 566784K, 100% used [0x0000000782100000,0x00000007a4a80000,0x00000007a4a80000)
  from space 58880K, 9% used [0x00000007a8500000,0x00000007a8a798b8,0x00000007abe80000)
  to   space 59904K, 0% used [0x00000007a4a80000,0x00000007a4a80000,0x00000007a8500000)
 ParOldGen       total 226304K, used 126493K [0x0000000706200000, 0x0000000713f00000, 0x0000000782100000)
  object space 226304K, 55% used [0x0000000706200000,0x000000070dd87480,0x0000000713f00000)
 Metaspace       used 23257K, capacity 23866K, committed 24192K, reserved 1071104K
  class space    used 2455K, capacity 2597K, committed 2688K, reserved 1048576K
Event: 18,727 GC heap after
Heap after GC invocations=12 (full 1):
 PSYoungGen      total 626688K, used 20981K [0x0000000782100000, 0x00000007b8f00000, 0x00000007c0000000)
  eden space 566784K, 0% used [0x0000000782100000,0x0000000782100000,0x00000007a4a80000)
  from space 59904K, 35% used [0x00000007a4a80000,0x00000007a5efd590,0x00000007a8500000)
  to   space 56832K, 0% used [0x00000007b5780000,0x00000007b5780000,0x00000007b8f00000)
 ParOldGen       total 226304K, used 131973K [0x0000000706200000, 0x0000000713f00000, 0x0000000782100000)
  object space 226304K, 58% used [0x0000000706200000,0x000000070e2e14a0,0x0000000713f00000)
 Metaspace       used 23257K, capacity 23866K, committed 24192K, reserved 1071104K
  class space    used 2455K, capacity 2597K, committed 2688K, reserved 1048576K
}
Event: 23,243 GC heap before
{Heap before GC invocations=13 (full 1):
 PSYoungGen      total 626688K, used 587765K [0x0000000782100000, 0x00000007b8f00000, 0x00000007c0000000)
  eden space 566784K, 100% used [0x0000000782100000,0x00000007a4a80000,0x00000007a4a80000)
  from space 59904K, 35% used [0x00000007a4a80000,0x00000007a5efd590,0x00000007a8500000)
  to   space 56832K, 0% used [0x00000007b5780000,0x00000007b5780000,0x00000007b8f00000)
 ParOldGen       total 226304K, used 131973K [0x0000000706200000, 0x0000000713f00000, 0x0000000782100000)
  object space 226304K, 58% used [0x0000000706200000,0x000000070e2e14a0,0x0000000713f00000)
 Metaspace       used 23358K, capacity 23930K, committed 24192K, reserved 1071104K
  class space    used 2455K, capacity 2597K, committed 2688K, reserved 1048576K
Event: 23,350 GC heap after
Heap after GC invocations=13 (full 1):
 PSYoungGen      total 804352K, used 13080K [0x0000000782100000, 0x00000007b7b00000, 0x00000007c0000000)
  eden space 768000K, 0% used [0x0000000782100000,0x0000000782100000,0x00000007b0f00000)
  from space 36352K, 35% used [0x00000007b5780000,0x00000007b6446260,0x00000007b7b00000)
  to   space 55296K, 0% used [0x00000007b0f00000,0x00000007b0f00000,0x00000007b4500000)
 ParOldGen       total 226304K, used 152195K [0x0000000706200000, 0x0000000713f00000, 0x0000000782100000)
  object space 226304K, 67% used [0x0000000706200000,0x000000070f6a0e60,0x0000000713f00000)
 Metaspace       used 23358K, capacity 23930K, committed 24192K, reserved 1071104K
  class space    used 2455K, capacity 2597K, committed 2688K, reserved 1048576K
}
Event: 36,630 GC heap before
{Heap before GC invocations=14 (full 1):
 PSYoungGen      total 804352K, used 304160K [0x0000000782100000, 0x00000007b7b00000, 0x00000007c0000000)
  eden space 768000K, 37% used [0x0000000782100000,0x0000000793d42050,0x00000007b0f00000)
  from space 36352K, 35% used [0x00000007b5780000,0x00000007b6446260,0x00000007b7b00000)
  to   space 55296K, 0% used [0x00000007b0f00000,0x00000007b0f00000,0x00000007b4500000)
 ParOldGen       total 226304K, used 152195K [0x0000000706200000, 0x0000000713f00000, 0x0000000782100000)
  object space 226304K, 67% used [0x0000000706200000,0x000000070f6a0e60,0x0000000713f00000)
 Metaspace       used 34486K, capacity 35220K, committed 35416K, reserved 1081344K
  class space    used 3789K, capacity 3948K, committed 3968K, reserved 1048576K

Deoptimization events (10 events):
Event: 35,937 Thread 0x00007f8a8c9dc000 Uncommon trap: reason=class_check action=maybe_recompile pc=0x00007f8ae12de940 method=java.util.Hashtable.get(Ljava/lang/Object;)Ljava/lang/Object; @ 6
Event: 35,942 Thread 0x00007f8a8c9dc000 Uncommon trap: reason=class_check action=maybe_recompile pc=0x00007f8ae12cee8c method=java.util.Hashtable.put(Ljava/lang/Object;Ljava/lang/Object;)Ljava/lang/Object; @ 18
Event: 35,943 Thread 0x00007f8a8c9dc000 Uncommon trap: reason=class_check action=maybe_recompile pc=0x00007f8ae12cee8c method=java.util.Hashtable.put(Ljava/lang/Object;Ljava/lang/Object;)Ljava/lang/Object; @ 18
Event: 35,984 Thread 0x00007f8a8c9dc000 Uncommon trap: reason=unstable_if action=reinterpret pc=0x00007f8ae15a0efc method=java.lang.Class$MethodArray.matchesNameAndDescriptor(Ljava/lang/reflect/Method;Ljava/lang/reflect/Method;)Z @ 33
Event: 35,985 Thread 0x00007f8a8c9dc000 Uncommon trap: reason=class_check action=maybe_recompile pc=0x00007f8ae12cee8c method=java.util.Hashtable.put(Ljava/lang/Object;Ljava/lang/Object;)Ljava/lang/Object; @ 18
Event: 36,015 Thread 0x00007f8af136f800 Uncommon trap: reason=unstable_if action=reinterpret pc=0x00007f8ae2329038 method=java.lang.ThreadLocal$ThreadLocalMap.getEntry(Ljava/lang/ThreadLocal;)Ljava/lang/ThreadLocal$ThreadLocalMap$Entry; @ 29
Event: 36,063 Thread 0x00007f8a8c9dc000 Uncommon trap: reason=unstable_if action=reinterpret pc=0x00007f8ae1324780 method=com.sun.org.apache.xerces.internal.impl.XMLEntityScanner.scanLiteral(ILcom/sun/org/apache/xerces/internal/xni/XMLString;Z)I @ 570
Event: 36,123 Thread 0x00007f8a8c9dc000 Uncommon trap: reason=unstable_if action=reinterpret pc=0x00007f8ae1304cf8 method=com.sun.org.apache.xerces.internal.impl.XMLEntityScanner.scanLiteral(ILcom/sun/org/apache/xerces/internal/xni/XMLString;Z)I @ 44
Event: 36,151 Thread 0x00007f8a8c9dc000 Uncommon trap: reason=unstable_if action=reinterpret pc=0x00007f8ae14f31b8 method=com.sun.org.apache.xerces.internal.util.SymbolTable.addSymbol([CII)Ljava/lang/String; @ 38
Event: 36,192 Thread 0x00007f8a8c9dc000 Uncommon trap: reason=unstable_if action=reinterpret pc=0x00007f8ae24dacd4 method=com.sun.org.apache.xerces.internal.util.SymbolTable.addSymbol([CII)Ljava/lang/String; @ 38

Classes redefined (0 events):
No events

Internal exceptions (10 events):
Event: 31,138 Thread 0x00007f8af136f800 Implicit null exception at 0x00007f8ae15d26b3 to 0x00007f8ae15d2ce9
Event: 31,138 Thread 0x00007f8af136f800 Implicit null exception at 0x00007f8ae0de8062 to 0x00007f8ae0de8845
Event: 31,708 Thread 0x00007f8af136f800 Exception <a 'java/io/FileNotFoundException'> (0x000000078ccd1178) thrown at [/build/openjdk-8-58sEEn/openjdk-8-8u242-b08/src/hotspot/src/share/vm/prims/jni.cpp, line 710]
Event: 32,639 Thread 0x00007f8a8c9dc000 Implicit null exception at 0x00007f8ae14c9008 to 0x00007f8ae14c90d1
Event: 32,843 Thread 0x00007f8af136f800 Exception <a 'java/io/FileNotFoundException'> (0x000000078ec2c378) thrown at [/build/openjdk-8-58sEEn/openjdk-8-8u242-b08/src/hotspot/src/share/vm/prims/jni.cpp, line 710]
Event: 33,401 Thread 0x00007f8af136f800 Exception <a 'java/lang/ClassNotFoundException': java/lang/ObjectCustomizer> (0x000000078f7f23d0) thrown at [/build/openjdk-8-58sEEn/openjdk-8-8u242-b08/src/hotspot/src/share/vm/classfile/systemDictionary.cpp, line 210]
Event: 33,485 Thread 0x00007f8af136f800 Exception <a 'java/lang/ClassNotFoundException': org/springframework/boot/SpringApplicationCustomizer> (0x000000078f822f28) thrown at [/build/openjdk-8-58sEEn/openjdk-8-8u242-b08/src/hotspot/src/share/vm/classfile/systemDictionary.cpp, line 210]
Event: 34,225 Thread 0x00007f8a8c9dc000 Implicit null exception at 0x00007f8ae21fba4c to 0x00007f8ae21fd491
Event: 35,274 Thread 0x00007f8af136f800 Implicit null exception at 0x00007f8ae2096de2 to 0x00007f8ae2097319
Event: 35,291 Thread 0x00007f8af136f800 Implicit null exception at 0x00007f8ae1e4cac9 to 0x00007f8ae1e4d0e2

Events (10 events):
Event: 36,586 loading class org/codehaus/groovy/ast/expr/ClassExpression done
Event: 36,586 loading class java/lang/management/PlatformComponent$MXBeanFetcher
Event: 36,586 loading class java/lang/management/PlatformComponent$MXBeanFetcher done
Event: 36,591 loading class org/codehaus/groovy/ast/expr/PropertyExpression
Event: 36,591 loading class org/codehaus/groovy/ast/expr/PropertyExpression done
Event: 36,595 loading class org/codehaus/groovy/ast/expr/ListExpression
Event: 36,595 loading class org/codehaus/groovy/ast/expr/ListExpression done
Event: 36,606 loading class org/codehaus/groovy/ast/expr/ConstantExpression
Event: 36,606 loading class org/codehaus/groovy/ast/expr/ConstantExpression done
Event: 36,607 Executing VM operation: CollectForMetadataAllocation


Dynamic libraries:
706200000-713f00000 rw-p 00000000 00:00 0 
713f00000-782100000 ---p 00000000 00:00 0 
782100000-7b7b00000 rw-p 00000000 00:00 0 
7c0000000-7c03e0000 rw-p 00000000 00:00 0 
7c03e0000-800000000 ---p 00000000 00:00 0 
555c62e86000-555c62e87000 r-xp 00000000 08:02 1966734                    /usr/lib/jvm/java-8-openjdk-amd64/jre/bin/java
555c63086000-555c63087000 r--p 00000000 08:02 1966734                    /usr/lib/jvm/java-8-openjdk-amd64/jre/bin/java
555c63087000-555c63088000 rw-p 00001000 08:02 1966734                    /usr/lib/jvm/java-8-openjdk-amd64/jre/bin/java
555c64cd1000-555c64cf2000 rw-p 00000000 00:00 0                          [heap]
7f8a8c000000-7f8a8cac2000 rw-p 00000000 00:00 0 
7f8a8cac2000-7f8a90000000 ---p 00000000 00:00 0 
7f8a90000000-7f8a901d5000 rw-p 00000000 00:00 0 
7f8a901d5000-7f8a94000000 ---p 00000000 00:00 0 
7f8a94000000-7f8a94021000 rw-p 00000000 00:00 0 
7f8a94021000-7f8a98000000 ---p 00000000 00:00 0 
7f8a98000000-7f8a98021000 rw-p 00000000 00:00 0 
7f8a98021000-7f8a9c000000 ---p 00000000 00:00 0 
7f8a9c000000-7f8a9d16c000 rw-p 00000000 00:00 0 
7f8a9d16c000-7f8aa0000000 ---p 00000000 00:00 0 
7f8aa0000000-7f8aa0021000 rw-p 00000000 00:00 0 
7f8aa0021000-7f8aa4000000 ---p 00000000 00:00 0 
7f8aa4000000-7f8aa60b9000 rw-p 00000000 00:00 0 
7f8aa60b9000-7f8aa8000000 ---p 00000000 00:00 0 
7f8aa8000000-7f8aaa506000 rw-p 00000000 00:00 0 
7f8aaa506000-7f8aac000000 ---p 00000000 00:00 0 
7f8aac000000-7f8aac021000 rw-p 00000000 00:00 0 
7f8aac021000-7f8ab0000000 ---p 00000000 00:00 0 
7f8ab0000000-7f8ab0021000 rw-p 00000000 00:00 0 
7f8ab0021000-7f8ab4000000 ---p 00000000 00:00 0 
7f8ab4000000-7f8ab4021000 rw-p 00000000 00:00 0 
7f8ab4021000-7f8ab8000000 ---p 00000000 00:00 0 
7f8aba310000-7f8ac0000000 rw-p 00000000 00:00 0 
7f8ac0000000-7f8ac0021000 rw-p 00000000 00:00 0 
7f8ac0021000-7f8ac4000000 ---p 00000000 00:00 0 
7f8ac4000000-7f8ac4043000 rw-p 00000000 00:00 0 
7f8ac4043000-7f8ac8000000 ---p 00000000 00:00 0 
7f8ac8000000-7f8ac8021000 rw-p 00000000 00:00 0 
7f8ac8021000-7f8acc000000 ---p 00000000 00:00 0 
7f8acee6f000-7f8acef25000 rw-p 00000000 00:00 0 
7f8acef25000-7f8acf06f000 ---p 00000000 00:00 0 
7f8acf06f000-7f8acf26f000 rw-p 00000000 00:00 0 
7f8acf26f000-7f8acf46f000 rw-p 00000000 00:00 0 
7f8acf46f000-7f8acf478000 r-xp 00000000 08:02 1967756                    /usr/lib/jvm/java-8-openjdk-amd64/jre/lib/amd64/libmanagement.so
7f8acf478000-7f8acf677000 ---p 00009000 08:02 1967756                    /usr/lib/jvm/java-8-openjdk-amd64/jre/lib/amd64/libmanagement.so
7f8acf677000-7f8acf678000 r--p 00008000 08:02 1967756                    /usr/lib/jvm/java-8-openjdk-amd64/jre/lib/amd64/libmanagement.so
7f8acf678000-7f8acf679000 rw-p 00009000 08:02 1967756                    /usr/lib/jvm/java-8-openjdk-amd64/jre/lib/amd64/libmanagement.so
7f8acf679000-7f8acf879000 rw-p 00000000 00:00 0 
7f8acf879000-7f8acf87c000 ---p 00000000 00:00 0 
7f8acf87c000-7f8acfb7a000 rw-p 00000000 00:00 0 
7f8acfb7a000-7f8acfd7a000 rw-p 00000000 00:00 0 
7f8acfd7a000-7f8acff7a000 rw-p 00000000 00:00 0 
7f8acff89000-7f8acff8e000 r--s 002f9000 08:02 1970869                    /usr/lib/jvm/java-8-openjdk-amd64/jre/lib/charsets.jar
7f8acff8e000-7f8acff95000 r--s 00049000 08:02 5244174                    /home/alb/.m2/repository/org/apache/httpcomponents/httpcore/4.4.4/httpcore-4.4.4.jar
7f8acff95000-7f8acff9d000 r--s 0006c000 08:02 5244159                    /home/alb/.m2/repository/org/springframework/security/spring-security-config/4.0.3.RELEASE/spring-security-config-4.0.3.RELEASE.jar
7f8acff9d000-7f8acff9f000 r--s 00023000 08:02 5245982                    /home/alb/.m2/repository/org/jdom/jdom/1.1.3/jdom-1.1.3.jar
7f8acff9f000-7f8acffb6000 r--s 000a1000 08:02 5244055                    /home/alb/.m2/repository/org/springframework/boot/spring-boot-autoconfigure/1.3.2.RELEASE/spring-boot-autoconfigure-1.3.2.RELEASE.jar
7f8acffb6000-7f8acffc0000 r--s 00081000 08:02 5243274                    /home/alb/.m2/repository/software/amazon/ion/ion-java/1.0.2/ion-java-1.0.2.jar
7f8acffc0000-7f8acffd9000 r--s 000f3000 08:02 5244099                    /home/alb/.m2/repository/org/springframework/spring-context/4.2.4.RELEASE/spring-context-4.2.4.RELEASE.jar
7f8acffd9000-7f8acfff0000 r--s 000d5000 08:02 6035086                    /home/alb/.m2/repository/com/amazonaws/aws-java-sdk-core/1.11.632/aws-java-sdk-core-1.11.632.jar
7f8acfff0000-7f8acfff2000 r--s 00006000 08:02 5114960                    /home/alb/.m2/repository/javax/transaction/javax.transaction-api/1.2/javax.transaction-api-1.2.jar
7f8acfff2000-7f8acfff4000 r--s 0000e000 08:02 5243268                    /home/alb/.m2/repository/commons-logging/commons-logging/1.1.3/commons-logging-1.1.3.jar
7f8acfff4000-7f8acfffa000 r--s 00037000 08:02 5243251                    /home/alb/.m2/repository/com/itextpdf/tool/xmlworker/5.5.8/xmlworker-5.5.8.jar
7f8acfffa000-7f8acfffd000 r--s 0000c000 08:02 5244137                    /home/alb/.m2/repository/org/springframework/spring-aspects/4.2.4.RELEASE/spring-aspects-4.2.4.RELEASE.jar
7f8acfffd000-7f8ad0000000 r--s 0000a000 08:02 5243261                    /home/alb/.m2/repository/javax/persistence/persistence-api/1.0/persistence-api-1.0.jar
7f8ad0000000-7f8ad0021000 rw-p 00000000 00:00 0 
7f8ad0021000-7f8ad4000000 ---p 00000000 00:00 0 
7f8ad4000000-7f8ad4001000 r--s 00006000 08:02 5114984                    /home/alb/.m2/repository/org/jboss/spec/javax/transaction/jboss-transaction-api_1.2_spec/1.0.0.Final/jboss-transaction-api_1.2_spec-1.0.0.Final.jar
7f8ad4001000-7f8ad4019000 r--s 00198000 08:02 7472621                    /home/alb/.m2/repository/org/webjars/jquery-ui/1.9.2/jquery-ui-1.9.2.jar
7f8ad4019000-7f8ad4020000 r--s 00038000 08:02 5244130                    /home/alb/.m2/repository/org/springframework/data/spring-data-jpa/1.9.2.RELEASE/spring-data-jpa-1.9.2.RELEASE.jar
7f8ad4020000-7f8ad4022000 r--s 00006000 08:02 6035088                    /home/alb/.m2/repository/com/google/code/findbugs/jsr305/2.0.0/jsr305-2.0.0.jar
7f8ad4022000-7f8ad4023000 r--s 00003000 08:02 6033530                    /home/alb/.m2/repository/org/pacesys/openstack4j/connectors/openstack4j-resteasy/3.1.0/openstack4j-resteasy-3.1.0.jar
7f8ad4023000-7f8ad4061000 r--s 0025d000 08:02 5115014                    /home/alb/.m2/repository/org/apache/xmlbeans/xmlbeans/2.6.0/xmlbeans-2.6.0.jar
7f8ad4061000-7f8ad409e000 r--s 001a5000 08:02 6033544                    /home/alb/.m2/repository/org/pacesys/openstack4j-core/3.1.0/openstack4j-core-3.1.0.jar
7f8ad409e000-7f8ad40a1000 r--s 00016000 08:02 7472607                    /home/alb/.m2/repository/org/webjars/select2/3.5.1/select2-3.5.1.jar
7f8ad40a1000-7f8ad40a2000 r--s 00004000 08:02 7472608                    /home/alb/.m2/repository/org/webjars/bootstrap-timepicker/0.2.3/bootstrap-timepicker-0.2.3.jar
7f8ad40a2000-7f8ad40a4000 r--s 00095000 08:02 7472610                    /home/alb/.m2/repository/org/webjars/font-awesome/4.6.2/font-awesome-4.6.2.jar
7f8ad40a4000-7f8ad40bc000 r--s 00216000 08:02 5243249                    /home/alb/.m2/repository/com/itextpdf/itextpdf/5.5.8/itextpdf-5.5.8.jar
7f8ad40bc000-7f8ad40c7000 r--s 00074000 08:02 5923681                    /home/alb/.m2/repository/com/amazonaws/aws-java-sdk-kms/1.11.632/aws-java-sdk-kms-1.11.632.jar
7f8ad40c7000-7f8ad40d0000 r--s 0008b000 08:02 5114936                    /home/alb/.m2/repository/com/sun/mail/javax.mail/1.5.5/javax.mail-1.5.5.jar
7f8ad40d0000-7f8ad40d4000 r--s 0003c000 08:02 5244196                    /home/alb/.m2/repository/com/fasterxml/jackson/core/jackson-core/2.6.5/jackson-core-2.6.5.jar
7f8ad40d4000-7f8ad40db000 r--s 00049000 08:02 5114946                    /home/alb/.m2/repository/redis/clients/jedis/2.7.3/jedis-2.7.3.jar
7f8ad40db000-7f8ad4194000 r--s 004a9000 08:02 5115012                    /home/alb/.m2/repository/org/apache/poi/poi-ooxml-schemas/3.13/poi-ooxml-schemas-3.13.jar
7f8ad4194000-7f8ad4195000 r--s 00007000 08:02 8129532                    /home/alb/.m2/repository/com/fasterxml/jackson/module/jackson-module-jaxb-annotations/2.6.5/jackson-module-jaxb-annotations-2.6.5.jar
7f8ad4195000-7f8ad4197000 r--s 0001b000 08:02 5244156                    /home/alb/.m2/repository/org/webjars/jstree/3.0.8/jstree-3.0.8.jar
7f8ad4197000-7f8ad4198000 r--s 0000b000 08:02 5243276                    /home/alb/.m2/repository/com/fasterxml/jackson/dataformat/jackson-dataformat-cbor/2.6.7/jackson-dataformat-cbor-2.6.7.jar
7f8ad4198000-7f8ad41af000 r--s 000e1000 08:02 5642916                    /home/alb/.m2/repository/com/amazonaws/aws-java-sdk-s3/1.11.632/aws-java-sdk-s3-1.11.632.jar
7f8ad41af000-7f8ad41b5000 r--s 0003c000 08:02 5114907                    /home/alb/.m2/repository/org/yaml/snakeyaml/1.16/snakeyaml-1.16.jar
7f8ad41b5000-7f8ad41b6000 r--s 00000000 08:02 4855006                    /home/alb/.m2/repository/org/springframework/boot/spring-boot-starter-cache/1.3.2.RELEASE/spring-boot-starter-cache-1.3.2.RELEASE.jar
7f8ad41b6000-7f8ad41b7000 r--s 00008000 08:02 6033028                    /home/alb/.m2/repository/com/github/fge/msg-simple/1.1/msg-simple-1.1.jar
7f8ad41b7000-7f8ad41bd000 r--s 00048000 08:02 5244144                    /home/alb/.m2/repository/org/apache/commons/commons-lang3/3.1/commons-lang3-3.1.jar
7f8ad41bd000-7f8ad41be000 r--s 00000000 08:02 6033543                    /home/alb/.m2/repository/org/jboss/resteasy/resteasy-jaxrs-services/3.1.4.Final/resteasy-jaxrs-services-3.1.4.Final.jar
7f8ad41be000-7f8ad41c1000 r--s 00020000 08:02 5243253                    /home/alb/.m2/repository/net/sourceforge/htmlcleaner/htmlcleaner/2.10/htmlcleaner-2.10.jar
7f8ad41c1000-7f8ad41d0000 r--s 0008d000 08:02 5244134                    /home/alb/.m2/repository/org/springframework/data/spring-data-commons/1.11.2.RELEASE/spring-data-commons-1.11.2.RELEASE.jar
7f8ad41d0000-7f8ad421d000 r--s 0040c000 08:02 5244073                    /home/alb/.m2/repository/org/codehaus/groovy/groovy/2.4.4/groovy-2.4.4.jar
7f8ad421d000-7f8ad421e000 r--s 00004000 08:02 6033536                    /home/alb/.m2/repository/org/jboss/spec/javax/annotation/jboss-annotations-api_1.2_spec/1.0.0.Final/jboss-annotations-api_1.2_spec-1.0.0.Final.jar
7f8ad421e000-7f8ad422b000 r--s 000a6000 08:02 5244173                    /home/alb/.m2/repository/org/apache/httpcomponents/httpclient/4.5.1/httpclient-4.5.1.jar
7f8ad422b000-7f8ad423c000 r--s 000ab000 08:02 5244089                    /home/alb/.m2/repository/org/springframework/spring-web/4.2.4.RELEASE/spring-web-4.2.4.RELEASE.jar
7f8ad423c000-7f8ad423e000 r--s 00000000 08:02 5244061                    /home/alb/.m2/repository/org/slf4j/jul-to-slf4j/1.7.13/jul-to-slf4j-1.7.13.jar
7f8ad423e000-7f8ad423f000 r--s 00002000 08:02 6033025                    /home/alb/.m2/repository/com/github/fge/btf/1.2/btf-1.2.jar
7f8ad423f000-7f8ad4250000 r--s 0009a000 08:02 5244086                    /home/alb/.m2/repository/org/hibernate/hibernate-validator/5.2.2.Final/hibernate-validator-5.2.2.Final.jar
7f8ad4250000-7f8ad427b000 r--s 001f5000 08:02 5115005                    /home/alb/.m2/repository/com/google/guava/guava/16.0.1/guava-16.0.1.jar
7f8ad427b000-7f8ad4284000 r--s 00047000 08:02 5244166                    /home/alb/.m2/repository/org/springframework/security/spring-security-web/4.0.3.RELEASE/spring-security-web-4.0.3.RELEASE.jar
7f8ad4284000-7f8ad4291000 r--s 000b7000 08:02 5244148                    /home/alb/.m2/repository/org/thymeleaf/thymeleaf/2.1.4.RELEASE/thymeleaf-2.1.4.RELEASE.jar
7f8ad4291000-7f8ad4295000 r--s 00018000 08:02 5244168                    /home/alb/.m2/repository/com/github/scribejava/scribejava-core/5.5.0/scribejava-core-5.5.0.jar
7f8ad4295000-7f8ad4296000 r--s 00000000 08:02 5244114                    /home/alb/.m2/repository/org/springframework/boot/spring-boot-starter-redis/1.3.2.RELEASE/spring-boot-starter-redis-1.3.2.RELEASE.jar
7f8ad4296000-7f8ad429a000 r--s 00013000 08:02 5243246                    /home/alb/.m2/repository/org/scribe/scribe/1.3.6/scribe-1.3.6.jar
7f8ad429a000-7f8ad429c000 r--s 0000e000 08:02 5114930                    /home/alb/.m2/repository/com/fasterxml/classmate/1.1.0/classmate-1.1.0.jar
7f8ad429c000-7f8ad429f000 r--s 0001d000 08:02 5772038                    /home/alb/.m2/repository/com/github/albatrosscloud/zelpers/0.1.76/zelpers-0.1.76.jar
7f8ad429f000-7f8ad42a2000 r--s 00012000 08:02 7472619                    /home/alb/.m2/repository/org/webjars/jquery-file-upload/9.8.0/jquery-file-upload-9.8.0.jar
7f8ad42a2000-7f8ad42ab000 r--s 00052000 08:02 5244158                    /home/alb/.m2/repository/org/springframework/spring-aop/4.2.4.RELEASE/spring-aop-4.2.4.RELEASE.jar
7f8ad42ab000-7f8ad42b0000 r--s 00068000 08:02 5114973                    /home/alb/.m2/repository/antlr/antlr/2.7.7/antlr-2.7.7.jar
7f8ad42b0000-7f8ad42b3000 r--s 00009000 08:02 5244198                    /home/alb/.m2/repository/com/fasterxml/jackson/core/jackson-annotations/2.6.5/jackson-annotations-2.6.5.jar
7f8ad42b3000-7f8ad42b8000 r--s 00036000 08:02 5244078                    /home/alb/.m2/repository/org/apache/tomcat/embed/tomcat-embed-el/8.0.30/tomcat-embed-el-8.0.30.jar
7f8ad42b8000-7f8ad42bd000 r--s 00016000 08:02 5114977                    /home/alb/.m2/repository/xml-apis/xml-apis/1.0.b2/xml-apis-1.0.b2.jar
7f8ad42bd000-7f8ad42c2000 r--s 00012000 08:02 5506295                    /home/alb/.m2/repository/javax/validation/validation-api/2.0.0.Final/validation-api-2.0.0.Final.jar
7f8ad42c2000-7f8ad42c4000 r--s 00029000 08:02 7472606                    /home/alb/.m2/repository/org/webjars/jquery/1.10.2/jquery-1.10.2.jar
7f8ad42c4000-7f8ad42c5000 r--s 00000000 08:02 5244124                    /home/alb/.m2/repository/org/springframework/boot/spring-boot-starter-jdbc/1.3.2.RELEASE/spring-boot-starter-jdbc-1.3.2.RELEASE.jar
7f8ad42c5000-7f8ad42d1000 r--s 0009f000 08:02 6033533                    /home/alb/.m2/repository/org/jboss/resteasy/resteasy-jaxrs/3.1.4.Final/resteasy-jaxrs-3.1.4.Final.jar
7f8ad42d1000-7f8ad42d2000 r--s 00000000 08:02 5244054                    /home/alb/.m2/repository/org/springframework/boot/spring-boot-starter-logging/1.3.2.RELEASE/spring-boot-starter-logging-1.3.2.RELEASE.jar
7f8ad42d2000-7f8ad42d3000 r--s 00005000 08:02 5244063                    /home/alb/.m2/repository/org/slf4j/log4j-over-slf4j/1.7.13/log4j-over-slf4j-1.7.13.jar
7f8ad42d3000-7f8ad42e0000 r--s 000a6000 08:02 5244101                    /home/alb/.m2/repository/org/springframework/spring-beans/4.2.4.RELEASE/spring-beans-4.2.4.RELEASE.jar
7f8ad42e0000-7f8ad42e2000 r--s 0000b000 08:02 5243241                    /home/alb/.m2/repository/org/pac4j/pac4j-core/1.6.0/pac4j-core-1.6.0.jar
7f8ad42e2000-7f8ad42ec000 r--s 00052000 08:02 5244141                    /home/alb/.m2/repository/org/springframework/spring-messaging/4.2.4.RELEASE/spring-messaging-4.2.4.RELEASE.jar
7f8ad42ec000-7f8ad42fa000 r--s 00109000 08:02 5115009                    /home/alb/.m2/repository/org/apache/poi/poi-ooxml/3.13/poi-ooxml-3.13.jar
7f8ad42fa000-7f8ad42ff000 r--s 0003c000 08:02 5244093                    /home/alb/.m2/repository/org/springframework/spring-expression/4.2.4.RELEASE/spring-expression-4.2.4.RELEASE.jar
7f8ad42ff000-7f8ad4308000 r--s 00046000 08:02 8129536                    /home/alb/.m2/repository/com/fasterxml/jackson/dataformat/jackson-dataformat-yaml/2.6.5/jackson-dataformat-yaml-2.6.5.jar
7f8ad4308000-7f8ad430a000 r--s 00005000 08:02 5243236                    /home/alb/.m2/repository/stax/stax-api/1.0.1/stax-api-1.0.1.jar
7f8ad430a000-7f8ad430c000 r--s 0000f000 08:02 5114969                    /home/alb/.m2/repository/org/jboss/logging/jboss-logging/3.3.0.Final/jboss-logging-3.3.0.Final.jar
7f8ad430c000-7f8ad4310000 r--s 0001a000 08:02 6033535                    /home/alb/.m2/repository/org/jboss/spec/javax/ws/rs/jboss-jaxrs-api_2.0_spec/1.0.1.Beta1/jboss-jaxrs-api_2.0_spec-1.0.1.Beta1.jar
7f8ad4310000-7f8ad4320000 r--s 00088000 08:02 5114987                    /home/alb/.m2/repository/joda-time/joda-time/2.8.2/joda-time-2.8.2.jar
7f8ad4320000-7f8ad432b000 r--s 0008b000 08:02 5114986                    /home/alb/.m2/repository/c3p0/c3p0/0.9.1.2/c3p0-0.9.1.2.jar
7f8ad432b000-7f8ad432d000 r--s 00026000 08:02 7472614                    /home/alb/.m2/repository/org/webjars/datatables/1.10.4/datatables-1.10.4.jar
7f8ad432d000-7f8ad432e000 r--s 00000000 08:02 5244094                    /home/alb/.m2/repository/org/springframework/boot/spring-boot-starter-mail/1.3.2.RELEASE/spring-boot-starter-mail-1.3.2.RELEASE.jar
7f8ad432e000-7f8ad4330000 r--s 00006000 08:02 6033024                    /home/alb/.m2/repository/com/github/fge/jackson-coreutils/1.6/jackson-coreutils-1.6.jar
7f8ad4330000-7f8ad4332000 r--s 00018000 08:02 5243258                    /home/alb/.m2/repository/javax/servlet/servlet-api/2.5/servlet-api-2.5.jar
7f8ad4332000-7f8ad433c000 r--s 0005e000 08:02 5244106                    /home/alb/.m2/repository/org/springframework/spring-jdbc/4.2.4.RELEASE/spring-jdbc-4.2.4.RELEASE.jar
7f8ad433c000-7f8ad4340000 r--s 00033000 08:02 5115890                    /home/alb/.m2/repository/org/thymeleaf/thymeleaf-spring3/2.1.4.RELEASE/thymeleaf-spring3-2.1.4.RELEASE.jar
7f8ad4340000-7f8ad4353000 r--s 000e7000 08:02 7472638                    /home/alb/.m2/repository/org/docx4j/xhtmlrenderer/3.0.0/xhtmlrenderer-3.0.0.jar
7f8ad4353000-7f8ad4356000 r--s 00015000 08:02 7472630                    /home/alb/.m2/repository/org/webjars/parsleyjs/2.0.5/parsleyjs-2.0.5.jar
7f8ad4356000-7f8ad4366000 r--s 0014c000 08:02 10360358                   /home/alb/.m2/repository/com/google/protobuf/protobuf-java/3.6.1/protobuf-java-3.6.1.jar
7f8ad4366000-7f8ad4367000 r--s 00002000 08:02 5114968                    /home/alb/.m2/repository/org/jboss/logging/jboss-logging-annotations/1.2.0.Beta1/jboss-logging-annotations-1.2.0.Beta1.jar
7f8ad4367000-7f8ad436a000 r--s 00035000 08:02 5115001                    /home/alb/.m2/repository/ognl/ognl/3.0.8/ognl-3.0.8.jar
7f8ad436a000-7f8ad436c000 r--s 00003000 08:02 5244136                    /home/alb/.m2/repository/org/slf4j/jcl-over-slf4j/1.7.13/jcl-over-slf4j-1.7.13.jar
7f8ad436c000-7f8ad436d000 r--s 00000000 08:02 5244085                    /home/alb/.m2/repository/org/springframework/boot/spring-boot-starter-validation/1.3.2.RELEASE/spring-boot-starter-validation-1.3.2.RELEASE.jar
7f8ad436d000-7f8ad436f000 r--s 00005000 08:02 6035085                    /home/alb/.m2/repository/com/amazonaws/jmespath-java/1.11.632/jmespath-java-1.11.632.jar
7f8ad436f000-7f8ad437e000 r--s 0009c000 08:02 5244117                    /home/alb/.m2/repository/org/springframework/data/spring-data-redis/1.6.2.RELEASE/spring-data-redis-1.6.2.RELEASE.jar
7f8ad437e000-7f8ad4384000 r--s 0005b000 08:02 7472633                    /home/alb/.m2/repository/org/jsoup/jsoup/1.11.3/jsoup-1.11.3.jar
7f8ad4384000-7f8ad4387000 r--s 00010000 08:02 5114983                    /home/alb/.m2/repository/org/hibernate/common/hibernate-commons-annotations/4.0.5.Final/hibernate-commons-annotations-4.0.5.Final.jar
7f8ad4387000-7f8ad4395000 r--s 00078000 08:02 5244053                    /home/alb/.m2/repository/org/springframework/boot/spring-boot/1.3.2.RELEASE/spring-boot-1.3.2.RELEASE.jar
7f8ad4395000-7f8ad4398000 r--s 0001e000 08:02 5243239                    /home/alb/.m2/repository/net/lingala/zip4j/zip4j/1.3.2/zip4j-1.3.2.jar
7f8ad4398000-7f8ad43a2000 r--s 000a5000 08:02 5114985                    /home/alb/.m2/repository/org/javassist/javassist/3.18.1-GA/javassist-3.18.1-GA.jar
7f8ad43a2000-7f8ad43a3000 r--s 00004000 08:02 7472632                    /home/alb/.m2/repository/org/webjars/jquery-dynatable/0.3.1-1/jquery-dynatable-0.3.1-1.jar
7f8ad43a3000-7f8ad43a6000 r--s 00016000 08:02 5244069                    /home/alb/.m2/repository/nz/net/ultraq/thymeleaf/thymeleaf-layout-dialect/1.3.1/thymeleaf-layout-dialect-1.3.1.jar
7f8ad43a6000-7f8ad43aa000 r--s 00018000 08:02 7472609                    /home/alb/.m2/repository/org/webjars/bootstrap-datepicker/1.3.0-3/bootstrap-datepicker-1.3.0-3.jar
7f8ad43aa000-7f8ad43b8000 r--s 00091000 08:02 5114966                    /home/alb/.m2/repository/org/hibernate/hibernate-entitymanager/4.3.11.Final/hibernate-entitymanager-4.3.11.Final.jar
7f8ad43b8000-7f8ad43bb000 r--s 0000e000 08:02 5114878                    /home/alb/.m2/repository/org/springframework/session/spring-session/1.0.2.RELEASE/spring-session-1.0.2.RELEASE.jar
7f8ad43bb000-7f8ad43c1000 r--s 0004b000 08:02 7472636                    /home/alb/.m2/repository/org/jfree/jcommon/1.0.23/jcommon-1.0.23.jar
7f8ad43c1000-7f8ad43c3000 r--s 0000e000 08:02 5114938                    /home/alb/.m2/repository/javax/activation/activation/1.1/activation-1.1.jar
7f8ad43c3000-7f8ad43c6000 r--s 0004f000 08:02 7472615                    /home/alb/.m2/repository/org/webjars/momentjs/2.9.0/momentjs-2.9.0.jar
7f8ad43c6000-7f8ad43c8000 r--s 00011000 08:02 5114976                    /home/alb/.m2/repository/org/jboss/jandex/1.1.0.Final/jandex-1.1.0.Final.jar
7f8ad43c8000-7f8ad43cd000 r--s 00017000 08:02 5114962                    /home/alb/.m2/repository/org/hibernate/javax/persistence/hibernate-jpa-2.1-api/1.0.0.Final/hibernate-jpa-2.1-api-1.0.0.Final.jar
7f8ad43cd000-7f8ad43d2000 r--s 00027000 08:02 5244109                    /home/alb/.m2/repository/org/springframework/spring-context-support/4.2.4.RELEASE/spring-context-support-4.2.4.RELEASE.jar
7f8ad43d2000-7f8ad43d3000 r--s 00000000 08:02 5244051                    /home/alb/.m2/repository/org/springframework/boot/spring-boot-starter-thymeleaf/1.3.2.RELEASE/spring-boot-starter-thymeleaf-1.3.2.RELEASE.jar
7f8ad43d3000-7f8ad43da000 r--s 0003a000 08:02 5244108                    /home/alb/.m2/repository/org/springframework/spring-tx/4.2.4.RELEASE/spring-tx-4.2.4.RELEASE.jar
7f8ad43da000-7f8ad43db000 r--s 00000000 08:02 5244138                    /home/alb/.m2/repository/org/springframework/boot/spring-boot-starter-websocket/1.3.2.RELEASE/spring-boot-starter-websocket-1.3.2.RELEASE.jar
7f8ad43db000-7f8ad43e6000 r--s 00065000 08:02 5244059                    /home/alb/.m2/repository/ch/qos/logback/logback-core/1.1.3/logback-core-1.1.3.jar
7f8ad43e6000-7f8ad4444000 r--s 004ac000 08:02 5114970                    /home/alb/.m2/repository/org/hibernate/hibernate-core/4.3.11.Final/hibernate-core-4.3.11.Final.jar
7f8ad4444000-7f8ad4448000 r--s 0000f000 08:02 5114949                    /home/alb/.m2/repository/com/google/code/findbugs/annotations/2.0.3/annotations-2.0.3.jar
7f8ad4448000-7f8ad444b000 r--s 00020000 08:02 5115002                    /home/alb/.m2/repository/org/unbescape/unbescape/1.1.0.RELEASE/unbescape-1.1.0.RELEASE.jar
7f8ad444b000-7f8ad4477000 r--s 001a3000 08:02 5114952                    /home/alb/.m2/repository/com/helger/ph-commons/6.2.3/ph-commons-6.2.3.jar
7f8ad4477000-7f8ad4495000 r--s 00180000 08:02 5244153                    /home/alb/.m2/repository/org/apache/commons/commons-math3/3.2/commons-math3-3.2.jar
7f8ad4495000-7f8ad44a6000 r--s 0016e000 08:02 7472634                    /home/alb/.m2/repository/org/jfree/jfreechart/1.0.19/jfreechart-1.0.19.jar
7f8ad44a6000-7f8ad44ac000 r--s 00045000 08:02 5243254                    /home/alb/.m2/repository/org/jdom/jdom2/2.0.6/jdom2-2.0.6.jar
7f8ad44ac000-7f8ad44ae000 r--s 00003000 08:02 8129530                    /home/alb/.m2/repository/com/fasterxml/jackson/jaxrs/jackson-jaxrs-json-provider/2.6.5/jackson-jaxrs-json-provider-2.6.5.jar
7f8ad44ae000-7f8ad44b0000 r--s 00027000 08:02 7472617                    /home/alb/.m2/repository/org/webjars/fullcalendar/2.0.3/fullcalendar-2.0.3.jar
7f8ad44b0000-7f8ad44b4000 r--s 00027000 08:02 5243240                    /home/alb/.m2/repository/org/pac4j/pac4j-oauth/1.6.0/pac4j-oauth-1.6.0.jar
7f8ad44b4000-7f8ad44f1000 r--s 001a5000 08:02 6033532                    /home/alb/.m2/repository/org/pacesys/openstack4j/3.1.0/openstack4j-3.1.0.jar
7f8ad44f1000-7f8ad44f6000 r--s 00016000 08:02 5244167                    /home/alb/.m2/repository/com/github/scribejava/scribejava-apis/5.5.0/scribejava-apis-5.5.0.jar
7f8ad44f6000-7f8ad44fb000 r--s 00048000 08:02 5114975                    /home/alb/.m2/repository/dom4j/dom4j/1.6.1/dom4j-1.6.1.jar
7f8ad44fb000-7f8ad4501000 r--s 00037000 08:02 5244082                    /home/alb/.m2/repository/org/apache/tomcat/embed/tomcat-embed-websocket/8.0.30/tomcat-embed-websocket-8.0.30.jar
7f8ad4501000-7f8ad4502000 r--s 00009000 08:02 5244080                    /home/alb/.m2/repository/org/apache/tomcat/embed/tomcat-embed-logging-juli/8.0.30/tomcat-embed-logging-juli-8.0.30.jar
7f8ad4502000-7f8ad4505000 r--s 00019000 08:02 5114948                    /home/alb/.m2/repository/org/apache/commons/commons-pool2/2.4.2/commons-pool2-2.4.2.jar
7f8ad4505000-7f8ad4506000 r--s 00002000 08:02 7472624                    /home/alb/.m2/repository/org/webjars/bootbox/4.3.0/bootbox-4.3.0.jar
7f8ad4506000-7f8ad4517000 r--s 000c5000 08:02 5244090                    /home/alb/.m2/repository/org/springframework/spring-webmvc/4.2.4.RELEASE/spring-webmvc-4.2.4.RELEASE.jar
7f8ad4517000-7f8ad4519000 r--s 0000f000 08:02 5114993                    /home/alb/.m2/repository/commons-fileupload/commons-fileupload/1.3.1/commons-fileupload-1.3.1.jar
7f8ad4519000-7f8ad453e000 r--s 0028e000 08:02 5244077                    /home/alb/.m2/repository/org/apache/tomcat/embed/tomcat-embed-core/8.0.30/tomcat-embed-core-8.0.30.jar
7f8ad453e000-7f8ad453f000 r--s 00000000 08:02 5244075                    /home/alb/.m2/repository/org/springframework/boot/spring-boot-starter-tomcat/1.3.2.RELEASE/spring-boot-starter-tomcat-1.3.2.RELEASE.jar
7f8ad453f000-7f8ad4541000 r--s 0000c000 08:02 5375572                    /home/alb/.m2/repository/javax/activation/javax.activation-api/1.2.0/javax.activation-api-1.2.0.jar
7f8ad4541000-7f8ad4542000 r--s 00000000 08:02 5244052                    /home/alb/.m2/repository/org/springframework/boot/spring-boot-starter/1.3.2.RELEASE/spring-boot-starter-1.3.2.RELEASE.jar
7f8ad4542000-7f8ad4545000 r--s 0001f000 08:02 5244126                    /home/alb/.m2/repository/org/apache/tomcat/tomcat-jdbc/8.0.30/tomcat-jdbc-8.0.30.jar
7f8ad4545000-7f8ad455d000 r--s 0021f000 08:02 5117285                    /home/alb/.m2/repository/mysql/mysql-connector-java/8.0.17/mysql-connector-java-8.0.17.jar
7f8ad455d000-7f8ad4567000 r--s 00068000 08:02 5244100                    /home/alb/.m2/repository/org/springframework/spring-orm/4.2.4.RELEASE/spring-orm-4.2.4.RELEASE.jar
7f8ad4567000-7f8ad4574000 r--s 000ac000 08:02 5246045                    /home/alb/.m2/repository/de/akquinet/commons/imageio/commons-image-io/0.4.0/commons-image-io-0.4.0.jar
7f8ad4574000-7f8ad4576000 r--s 00007000 08:02 5244116                    /home/alb/.m2/repository/org/slf4j/slf4j-api/1.7.13/slf4j-api-1.7.13.jar
7f8ad4576000-7f8ad457d000 r--s 0003a000 08:02 5115007                    /home/alb/.m2/repository/commons-codec/commons-codec/1.9/commons-codec-1.9.jar
7f8ad457d000-7f8ad45a7000 r--s 00238000 08:02 5115008                    /home/alb/.m2/repository/org/apache/poi/poi/3.13/poi-3.13.jar
7f8ad45a7000-7f8ad45a8000 r--s 00009000 08:02 5244128                    /home/alb/.m2/repository/org/apache/tomcat/tomcat-juli/8.0.30/tomcat-juli-8.0.30.jar
7f8ad45a8000-7f8ad45b4000 r--s 00108000 08:02 7472640                    /home/alb/.m2/repository/com/lowagie/itext/2.1.7/itext-2.1.7.jar
7f8ad45b4000-7f8ad45b8000 r--s 0002a000 08:02 5244145                    /home/alb/.m2/repository/commons-io/commons-io/2.4/commons-io-2.4.jar
7f8ad45b8000-7f8ad45b9000 r--s 0001e000 08:02 7472625                    /home/alb/.m2/repository/org/webjars/d3js/3.4.11/d3js-3.4.11.jar
7f8ad45b9000-7f8ad45bb000 r--s 0000b000 08:02 5247436                    /home/alb/.m2/repository/com/github/albatrosscloud/octavia/1.0.22/octavia-1.0.22.jar
7f8ad45bb000-7f8ad45c1000 r--s 0003f000 08:02 5244060                    /home/alb/.m2/repository/ch/qos/logback/logback-classic/1.1.3/logback-classic-1.1.3.jar
7f8ad45c1000-7f8ad45ca000 r--s 00062000 08:02 5244146                    /home/alb/.m2/repository/org/springframework/spring-websocket/4.2.4.RELEASE/spring-websocket-4.2.4.RELEASE.jar
7f8ad45ca000-7f8ad45cc000 r--s 00001000 08:02 7472626                    /home/alb/.m2/repository/org/webjars/jQuery-slimScroll/1.3.1/jQuery-slimScroll-1.3.1.jar
7f8ad45cc000-7f8ad45d0000 r--s 00027000 08:02 5378005                    /home/alb/.m2/repository/org/jboss/resteasy/resteasy-client/3.1.4.Final/resteasy-client-3.1.4.Final.jar
7f8ad45d0000-7f8ad45d1000 r--s 00000000 08:02 5244118                    /home/alb/.m2/repository/org/springframework/boot/spring-boot-starter-data-jpa/1.3.2.RELEASE/spring-boot-starter-data-jpa-1.3.2.RELEASE.jar
7f8ad45d1000-7f8ad45ea000 r--s 001af000 08:02 5244127                    /home/alb/.m2/repository/org/aspectj/aspectjweaver/1.8.8/aspectjweaver-1.8.8.jar
7f8ad45ea000-7f8ad45eb000 r--s 00000000 08:02 5244119                    /home/alb/.m2/repository/org/springframework/boot/spring-boot-starter-aop/1.3.2.RELEASE/spring-boot-starter-aop-1.3.2.RELEASE.jar
7f8ad45eb000-7f8ad45fc000 r--s 0010d000 08:02 5115047                    /home/alb/.m2/repository/com/fasterxml/jackson/core/jackson-databind/2.6.5/jackson-databind-2.6.5.jar
7f8ad45fc000-7f8ad45ff000 r--s 00034000 08:02 5244067                    /home/alb/.m2/repository/org/thymeleaf/thymeleaf-spring4/2.1.4.RELEASE/thymeleaf-spring4-2.1.4.RELEASE.jar
7f8ad45ff000-7f8ad4603000 r--s 0001c000 08:02 5375567                    /home/alb/.m2/repository/javax/xml/bind/jaxb-api/2.3.1/jaxb-api-2.3.1.jar
7f8ad4603000-7f8ad4605000 r--s 00006000 08:02 8129533                    /home/alb/.m2/repository/com/fasterxml/jackson/jaxrs/jackson-jaxrs-base/2.6.5/jackson-jaxrs-base-2.6.5.jar
7f8ad4605000-7f8ad4607000 r--s 00009000 08:02 6033023                    /home/alb/.m2/repository/com/github/fge/json-patch/1.9/json-patch-1.9.jar
7f8ad4607000-7f8ad4608000 r--s 00000000 08:02 5116603                    /home/alb/.m2/repository/net/jcip/jcip-annotations/1.0/jcip-annotations-1.0.jar
7f8ad4608000-7f8ad4614000 r--s 0004c000 08:02 5244165                    /home/alb/.m2/repository/org/springframework/security/spring-security-core/4.0.3.RELEASE/spring-security-core-4.0.3.RELEASE.jar
7f8ad4614000-7f8ad4615000 r--s 00000000 08:02 5244157                    /home/alb/.m2/repository/org/springframework/boot/spring-boot-starter-security/1.3.2.RELEASE/spring-boot-starter-security-1.3.2.RELEASE.jar
7f8ad4615000-7f8ad4616000 r--s 00000000 08:02 5244072                    /home/alb/.m2/repository/org/springframework/boot/spring-boot-starter-web/1.3.2.RELEASE/spring-boot-starter-web-1.3.2.RELEASE.jar
7f8ad4616000-7f8ad4619000 ---p 00000000 00:00 0 
7f8ad4619000-7f8ad4717000 rw-p 00000000 00:00 0 
7f8ad4717000-7f8ad4742000 r--s 001fc000 08:02 5638601                    /home/alb/.m2/repository/com/google/guava/guava/18.0/guava-18.0.jar
7f8ad4742000-7f8ad4743000 r--s 00008000 08:02 5638600                    /home/alb/.m2/repository/asm/asm-util/3.2/asm-util-3.2.jar
7f8ad4743000-7f8ad4744000 r--s 00004000 08:02 5638599                    /home/alb/.m2/repository/asm/asm-analysis/3.2/asm-analysis-3.2.jar
7f8ad4744000-7f8ad4747000 r--s 00013000 08:02 5638597                    /home/alb/.m2/repository/commons-io/commons-io/1.3.2/commons-io-1.3.2.jar
7f8ad4747000-7f8ad4748000 r--s 00002000 08:02 5638593                    /home/alb/.m2/repository/org/vafer/jdependency/0.7/jdependency-0.7.jar
7f8ad4748000-7f8ad474b000 r--s 0000c000 08:02 5638591                    /home/alb/.m2/repository/org/apache/maven/shared/maven-dependency-tree/2.1/maven-dependency-tree-2.1.jar
7f8ad474b000-7f8ad474e000 r--s 00023000 08:02 5243238                    /home/alb/.m2/repository/org/jdom/jdom/1.1/jdom-1.1.jar
7f8ad474e000-7f8ad4750000 r--s 00004000 08:02 5638589                    /home/alb/.m2/repository/asm/asm-tree/3.3.1/asm-tree-3.3.1.jar
7f8ad4750000-7f8ad4752000 r--s 00008000 08:02 5638590                    /home/alb/.m2/repository/asm/asm-commons/3.3.1/asm-commons-3.3.1.jar
7f8ad4752000-7f8ad4753000 r--s 0000a000 08:02 5638587                    /home/alb/.m2/repository/asm/asm/3.3.1/asm-3.3.1.jar
7f8ad4753000-7f8ad475e000 r--s 00069000 08:02 5638585                    /home/alb/.m2/repository/org/sonatype/sisu/sisu-guice/2.1.7/sisu-guice-2.1.7-noaop.jar
7f8ad475e000-7f8ad4763000 r--s 00021000 08:02 5638583                    /home/alb/.m2/repository/org/sonatype/sisu/sisu-inject-bean/1.4.2/sisu-inject-bean-1.4.2.jar
7f8ad4763000-7f8ad4765000 r--s 00017000 08:02 5245149                    /home/alb/.m2/repository/org/apache/maven/plugins/maven-shade-plugin/2.2/maven-shade-plugin-2.2.jar
7f8ad4765000-7f8ad4769000 r--s 00038000 08:02 5638581                    /home/alb/.m2/repository/org/codehaus/plexus/plexus-utils/3.0.20/plexus-utils-3.0.20.jar
7f8ad4769000-7f8ad4770000 r--s 00056000 08:02 5376046                    /home/alb/.m2/repository/org/apache/commons/commons-compress/1.9/commons-compress-1.9.jar
7f8ad4770000-7f8ad4774000 r--s 0000f000 08:02 5638578                    /home/alb/.m2/repository/org/codehaus/plexus/plexus-io/2.3.2/plexus-io-2.3.2.jar
7f8ad4774000-7f8ad4778000 r--s 0001f000 08:02 5638576                    /home/alb/.m2/repository/org/codehaus/plexus/plexus-archiver/2.8.1/plexus-archiver-2.8.1.jar
7f8ad4778000-7f8ad477a000 r--s 00009000 08:02 5506300                    /home/alb/.m2/repository/org/hamcrest/hamcrest-core/1.3/hamcrest-core-1.3.jar
7f8ad477a000-7f8ad4782000 r--s 00045000 08:02 5506301                    /home/alb/.m2/repository/junit/junit/4.12/junit-4.12.jar
7f8ad4782000-7f8ad478b000 r--s 0006f000 08:02 5638575                    /home/alb/.m2/repository/log4j/log4j/1.2.17/log4j-1.2.17.jar
7f8ad478b000-7f8ad478d000 r--s 00006000 08:02 5506722                    /home/alb/.m2/repository/org/apache/maven/shared/maven-common-artifact-filters/1.4/maven-common-artifact-filters-1.4.jar
7f8ad478d000-7f8ad478f000 r--s 00002000 08:02 5638085                    /home/alb/.m2/repository/org/sonatype/plexus/plexus-cipher/1.4/plexus-cipher-1.4.jar
7f8ad478f000-7f8ad4790000 r--s 00006000 08:02 5638081                    /home/alb/.m2/repository/org/sonatype/plexus/plexus-sec-dispatcher/1.3/plexus-sec-dispatcher-1.3.jar
7f8ad4790000-7f8ad4796000 r--s 00042000 08:02 5638571                    /home/alb/.m2/repository/org/eclipse/sisu/org.eclipse.sisu.inject/0.0.0.M5/org.eclipse.sisu.inject-0.0.0.M5.jar
7f8ad4796000-7f8ad4798000 r--s 00000000 08:02 5115018                    /home/alb/.m2/repository/aopalliance/aopalliance/1.0/aopalliance-1.0.jar
7f8ad4798000-7f8ad47a0000 r--s 00050000 08:02 5638570                    /home/alb/.m2/repository/org/sonatype/sisu/sisu-guice/3.1.0/sisu-guice-3.1.0-no_aop.jar
7f8ad47a0000-7f8ad47a1000 r--s 00000000 08:02 5243256                    /home/alb/.m2/repository/javax/inject/javax.inject/1/javax.inject-1.jar
7f8ad47a1000-7f8ad47a2000 r--s 00001000 08:02 5638569                    /home/alb/.m2/repository/javax/annotation/jsr250-api/1.0/jsr250-api-1.0.jar
7f8ad47a2000-7f8ad47a5000 r--s 00008000 08:02 5638568                    /home/alb/.m2/repository/javax/enterprise/cdi-api/1.0/cdi-api-1.0.jar
7f8ad47a5000-7f8ad47ab000 r--s 0002a000 08:02 5638562                    /home/alb/.m2/repository/org/eclipse/sisu/org.eclipse.sisu.plexus/0.0.0.M5/org.eclipse.sisu.plexus-0.0.0.M5.jar
7f8ad47ab000-7f8ad47af000 r--s 00020000 08:02 5638561                    /home/alb/.m2/repository/org/eclipse/aether/aether-util/1.0.2.v20150114/aether-util-1.0.2.v20150114.jar
7f8ad47af000-7f8ad47b4000 r--s 0001d000 08:02 5638560                    /home/alb/.m2/repository/org/eclipse/aether/aether-api/1.0.2.v20150114/aether-api-1.0.2.v20150114.jar
7f8ad47b4000-7f8ad47b8000 r--s 00027000 08:02 5638559                    /home/alb/.m2/repository/org/eclipse/aether/aether-impl/1.0.2.v20150114/aether-impl-1.0.2.v20150114.jar
7f8ad47b8000-7f8ad47ba000 r--s 00006000 08:02 5638558                    /home/alb/.m2/repository/org/eclipse/aether/aether-spi/1.0.2.v20150114/aether-spi-1.0.2.v20150114.jar
7f8ad47ba000-7f8ad47be000 r--s 00026000 08:02 5638551                    /home/alb/.m2/repository/org/apache/maven/shared/maven-shared-utils/0.7/maven-shared-utils-0.7.jar
7f8ad47be000-7f8ad47d4000 r--s 000f2000 08:02 5244107                    /home/alb/.m2/repository/org/springframework/spring-core/4.2.4.RELEASE/spring-core-4.2.4.RELEASE.jar
7f8ad47d4000-7f8ad47db000 r--s 00000000 08:02 658190                     /usr/lib/x86_64-linux-gnu/gconv/gconv-modules.cache
7f8ad47db000-7f8ad47ff000 r--p 00000000 08:02 1582494                    /usr/share/locale-langpack/es/LC_MESSAGES/libc.mo
7f8ad47ff000-7f8ad49ff000 rw-p 00000000 00:00 0 
7f8ad49ff000-7f8ad4bff000 rw-p 00000000 00:00 0 
7f8ad4bff000-7f8ad4dff000 rw-p 00000000 00:00 0 
7f8ad4dff000-7f8ad4fff000 rw-p 00000000 00:00 0 
7f8ad4fff000-7f8ad8000000 rw-p 00000000 00:00 0 
7f8ad8000000-7f8ad8021000 rw-p 00000000 00:00 0 
7f8ad8021000-7f8adc000000 ---p 00000000 00:00 0 
7f8adc000000-7f8adc003000 r--s 0000d000 08:02 5638553                    /home/alb/.m2/repository/org/codehaus/plexus/plexus-interpolation/1.21/plexus-interpolation-1.21.jar
7f8adc003000-7f8adc004000 r--s 00005000 08:02 5638550                    /home/alb/.m2/repository/org/apache/maven/maven-archiver/2.6/maven-archiver-2.6.jar
7f8adc004000-7f8adc006000 r--s 0000e000 08:02 5244183                    /home/alb/.m2/repository/commons-logging/commons-logging/1.2/commons-logging-1.2.jar
7f8adc006000-7f8adc008000 r--s 0001f000 08:02 5770256                    /home/alb/.m2/repository/org/springframework/boot/spring-boot-loader-tools/1.3.2.RELEASE/spring-boot-loader-tools-1.3.2.RELEASE.jar
7f8adc008000-7f8adc00a000 r--s 0000d000 08:02 5243408                    /home/alb/.m2/repository/org/springframework/boot/spring-boot-maven-plugin/1.3.2.RELEASE/spring-boot-maven-plugin-1.3.2.RELEASE.jar
7f8adc00a000-7f8adc084000 r--s 01103000 08:02 2230950                    /usr/lib/jvm/java-8-openjdk-amd64/lib/tools.jar
7f8adc084000-7f8adc087000 r--s 0001b000 08:02 5637610                    /home/alb/.m2/repository/junit/junit/3.8.2/junit-3.8.2.jar
7f8adc087000-7f8adc095000 r--s 0008f000 08:02 5637609                    /home/alb/.m2/repository/com/google/collections/google-collections/1.0/google-collections-1.0.jar
7f8adc095000-7f8adc096000 r--s 0000a000 08:02 5637608                    /home/alb/.m2/repository/commons-logging/commons-logging-api/1.1/commons-logging-api-1.1.jar
7f8adc096000-7f8adc09d000 r--s 00051000 08:02 5637607                    /home/alb/.m2/repository/log4j/log4j/1.2.12/log4j-1.2.12.jar
7f8adc09d000-7f8adc0a1000 r--s 0001d000 08:02 5637602                    /home/alb/.m2/repository/org/apache/xbean/xbean-reflect/3.4/xbean-reflect-3.4.jar
7f8adc0a1000-7f8adc0a2000 r--s 00004000 08:02 5637601                    /home/alb/.m2/repository/org/codehaus/plexus/plexus-compiler-javac/2.2/plexus-compiler-javac-2.2.jar
7f8adc0a2000-7f8adc0a4000 r--s 00000000 08:02 5637600                    /home/alb/.m2/repository/org/codehaus/plexus/plexus-compiler-manager/2.2/plexus-compiler-manager-2.2.jar
7f8adc0a4000-7f8adc0a6000 r--s 00005000 08:02 5637597                    /home/alb/.m2/repository/org/codehaus/plexus/plexus-compiler-api/2.2/plexus-compiler-api-2.2.jar
7f8adc0a6000-7f8adc0a8000 r--s 00000000 08:02 5637591                    /home/alb/.m2/repository/org/codehaus/plexus/plexus-component-annotations/1.5.5/plexus-component-annotations-1.5.5.jar
7f8adc0a8000-7f8adc0aa000 r--s 00002000 08:02 5637594                    /home/alb/.m2/repository/org/apache/maven/shared/maven-shared-incremental/1.1/maven-shared-incremental-1.1.jar
7f8adc0aa000-7f8adc0ac000 r--s 00006000 08:02 5637592                    /home/alb/.m2/repository/com/google/code/findbugs/jsr305/2.0.1/jsr305-2.0.1.jar
7f8adc0ac000-7f8adc0af000 r--s 00023000 08:02 5637593                    /home/alb/.m2/repository/org/apache/maven/shared/maven-shared-utils/0.1/maven-shared-utils-0.1.jar
7f8adc0af000-7f8adc0b3000 r--s 00030000 08:02 5637590                    /home/alb/.m2/repository/org/codehaus/plexus/plexus-utils/1.5.1/plexus-utils-1.5.1.jar
7f8adc0b3000-7f8adc0b5000 r--s 00009000 08:02 5113937                    /home/alb/.m2/repository/org/apache/maven/plugins/maven-compiler-plugin/3.1/maven-compiler-plugin-3.1.jar
7f8adc0b5000-7f8adc0b7000 r--s 0000d000 08:02 5506518                    /home/alb/.m2/repository/org/codehaus/plexus/plexus-interpolation/1.13/plexus-interpolation-1.13.jar
7f8adc0b7000-7f8adc0b8000 r--s 00001000 08:02 5506519                    /home/alb/.m2/repository/org/sonatype/plexus/plexus-build-api/0.0.4/plexus-build-api-0.0.4.jar
7f8adc0b8000-7f8adc0ba000 r--s 00009000 08:02 5506694                    /home/alb/.m2/repository/org/apache/maven/shared/maven-filtering/1.1/maven-filtering-1.1.jar
7f8adc0ba000-7f8adc0be000 r--s 00033000 08:02 5245098                    /home/alb/.m2/repository/org/codehaus/plexus/plexus-utils/2.0.5/plexus-utils-2.0.5.jar
7f8adc0be000-7f8adc0c1000 r--s 0001b000 08:02 5506511                    /home/alb/.m2/repository/junit/junit/3.8.1/junit-3.8.1.jar
7f8adc0c1000-7f8adc0c3000 r--s 00002000 08:02 5506510                    /home/alb/.m2/repository/org/codehaus/plexus/plexus-interactivity-api/1.0-alpha-4/plexus-interactivity-api-1.0-alpha-4.jar
7f8adc0c3000-7f8adc0c5000 r--s 00006000 08:02 5506509                    /home/alb/.m2/repository/commons-cli/commons-cli/1.0/commons-cli-1.0.jar
7f8adc0c5000-7f8adc0c6000 r--s 00001000 08:02 5506507                    /home/alb/.m2/repository/org/apache/maven/doxia/doxia-sink-api/1.0-alpha-7/doxia-sink-api-1.0-alpha-7.jar
7f8adc0c6000-7f8adc0c7000 r--s 00002000 08:02 5506508                    /home/alb/.m2/repository/org/apache/maven/reporting/maven-reporting-api/2.0.6/maven-reporting-api-2.0.6.jar
7f8adc0c7000-7f8adc0c9000 r--s 00006000 08:02 5113919                    /home/alb/.m2/repository/org/apache/maven/plugins/maven-resources-plugin/2.6/maven-resources-plugin-2.6.jar
7f8adc0c9000-7f8adc0cc000 ---p 00000000 00:00 0 
7f8adc0cc000-7f8adc102000 rw-p 00000000 00:00 0 
7f8adc102000-7f8adc103000 r--p 00000000 00:00 0 
7f8adc103000-7f8adc108000 r--s 000a3000 08:02 1970902                    /usr/lib/jvm/java-8-openjdk-amd64/jre/lib/jsse.jar
7f8adc108000-7f8adc308000 rw-p 00000000 00:00 0 
7f8adc308000-7f8adc309000 r--s 00002000 08:02 4326805                    /home/alb/netbeans-8.2/java/maven-nblib/netbeans-cos.jar
7f8adc309000-7f8adc30b000 r--s 0000d000 08:02 4326782                    /home/alb/netbeans-8.2/java/maven-nblib/netbeans-eventspy.jar
7f8adc30b000-7f8adc30c000 r--s 00006000 08:02 4326713                    /home/alb/netbeans-8.2/java/maven/lib/plexus-sec-dispatcher-1.3.jar
7f8adc30c000-7f8adc30e000 r--s 0000b000 08:02 4326758                    /home/alb/netbeans-8.2/java/maven/lib/maven-plugin-api-3.0.5.jar
7f8adc30e000-7f8adc310000 r--s 00006000 08:02 4326630                    /home/alb/netbeans-8.2/java/maven/lib/aether-connector-wagon-1.13.1.jar
7f8adc310000-7f8adc311000 r--s 0000a000 08:02 4326773                    /home/alb/netbeans-8.2/java/maven/lib/maven-embedder-3.0.5.jar
7f8adc311000-7f8adc315000 r--s 00013000 08:02 4326793                    /home/alb/netbeans-8.2/java/maven/lib/aether-api-1.13.1.jar
7f8adc315000-7f8adc318000 r--s 0001d000 08:02 4326786                    /home/alb/netbeans-8.2/java/maven/lib/aether-impl-1.13.1.jar
7f8adc318000-7f8adc31f000 r--s 0003f000 08:02 4326759                    /home/alb/netbeans-8.2/java/maven/lib/sisu-inject-bean-2.3.0.jar
7f8adc31f000-7f8adc32b000 r--s 0007d000 08:02 4326799                    /home/alb/netbeans-8.2/java/maven/lib/maven-core-3.0.5.jar
7f8adc32b000-7f8adc32d000 r--s 00026000 08:02 4326791                    /home/alb/netbeans-8.2/java/maven/lib/maven-model-3.0.5.jar
7f8adc32d000-7f8adc32f000 r--s 0000b000 08:02 4326745                    /home/alb/netbeans-8.2/java/maven/lib/wagon-provider-api-2.10.jar
7f8adc32f000-7f8adc35e000 r--s 001c8000 08:02 4326757                    /home/alb/netbeans-8.2/java/maven/lib/wagon-http-2.10-shaded.jar
7f8adc35e000-7f8adc360000 r--s 00009000 08:02 4326803                    /home/alb/netbeans-8.2/java/maven/lib/commons-cli-1.2.jar
7f8adc360000-7f8adc361000 r--s 00003000 08:02 4326794                    /home/alb/netbeans-8.2/java/maven/lib/aether-spi-1.13.1.jar
7f8adc361000-7f8adc362000 r--s 00002000 08:02 4326802                    /home/alb/netbeans-8.2/java/maven/lib/wagon-file-2.10.jar
7f8adc362000-7f8adc36a000 r--s 00050000 08:02 4326744                    /home/alb/netbeans-8.2/java/maven/lib/sisu-guice-3.1.0-no_aop.jar
7f8adc36a000-7f8adc36e000 r--s 0001c000 08:02 4326787                    /home/alb/netbeans-8.2/java/maven/lib/aether-util-1.13.1.jar
7f8adc36e000-7f8adc38d000 r--s 00154000 08:02 4326800                    /home/alb/netbeans-8.2/java/maven/lib/sisu-guava-0.9.9.jar
7f8adc38d000-7f8adc38f000 r--s 0000a000 08:02 4326774                    /home/alb/netbeans-8.2/java/maven/lib/maven-settings-3.0.5.jar
7f8adc38f000-7f8adc391000 r--s 0000d000 08:02 4326714                    /home/alb/netbeans-8.2/java/maven/lib/plexus-interpolation-1.14.jar
7f8adc391000-7f8adc395000 r--s 00033000 08:02 4326785                    /home/alb/netbeans-8.2/java/maven/lib/plexus-utils-2.0.6.jar
7f8adc395000-7f8adc397000 r--s 00006000 08:02 4326564                    /home/alb/netbeans-8.2/java/maven/lib/maven-repository-metadata-3.0.5.jar
7f8adc397000-7f8adc398000 r--s 00002000 08:02 4326760                    /home/alb/netbeans-8.2/java/maven/lib/wagon-http-shared-2.10.jar
7f8adc398000-7f8adc39a000 r--s 00002000 08:02 4326792                    /home/alb/netbeans-8.2/java/maven/lib/plexus-cipher-1.7.jar
7f8adc39a000-7f8adc39e000 r--s 00021000 08:02 4326712                    /home/alb/netbeans-8.2/java/maven/lib/maven-model-builder-3.0.5.jar
7f8adc39e000-7f8adc3a0000 r--s 00000000 08:02 4326443                    /home/alb/netbeans-8.2/java/maven/lib/plexus-component-annotations-1.5.5.jar
7f8adc3a0000-7f8adc3a2000 r--s 0000b000 08:02 4326772                    /home/alb/netbeans-8.2/java/maven/lib/maven-artifact-3.0.5.jar
7f8adc3a2000-7f8adc3a9000 r--s 0002b000 08:02 4326733                    /home/alb/netbeans-8.2/java/maven/lib/sisu-inject-plexus-2.3.0.jar
7f8adc3a9000-7f8adc3af000 r--s 0003f000 08:02 4326788                    /home/alb/netbeans-8.2/java/maven/lib/maven-compat-3.0.5.jar
7f8adc3af000-7f8adc3b2000 r--s 00008000 08:02 4326659                    /home/alb/netbeans-8.2/java/maven/lib/maven-settings-builder-3.0.5.jar
7f8adc3b2000-7f8adc3c9000 r-xp 00000000 08:02 1967785                    /usr/lib/jvm/java-8-openjdk-amd64/jre/lib/amd64/libnet.so
7f8adc3c9000-7f8adc5c8000 ---p 00017000 08:02 1967785                    /usr/lib/jvm/java-8-openjdk-amd64/jre/lib/amd64/libnet.so
7f8adc5c8000-7f8adc5c9000 r--p 00016000 08:02 1967785                    /usr/lib/jvm/java-8-openjdk-amd64/jre/lib/amd64/libnet.so
7f8adc5c9000-7f8adc5ca000 rw-p 00017000 08:02 1967785                    /usr/lib/jvm/java-8-openjdk-amd64/jre/lib/amd64/libnet.so
7f8adc5ca000-7f8adc5db000 r-xp 00000000 08:02 1967786                    /usr/lib/jvm/java-8-openjdk-amd64/jre/lib/amd64/libnio.so
7f8adc5db000-7f8adc7db000 ---p 00011000 08:02 1967786                    /usr/lib/jvm/java-8-openjdk-amd64/jre/lib/amd64/libnio.so
7f8adc7db000-7f8adc7dc000 r--p 00011000 08:02 1967786                    /usr/lib/jvm/java-8-openjdk-amd64/jre/lib/amd64/libnio.so
7f8adc7dc000-7f8adc7dd000 rw-p 00012000 08:02 1967786                    /usr/lib/jvm/java-8-openjdk-amd64/jre/lib/amd64/libnio.so
7f8adc7dd000-7f8adc7f8000 r--s 00394000 08:02 1970879                    /usr/lib/jvm/java-8-openjdk-amd64/jre/lib/ext/cldrdata.jar
7f8adc7f8000-7f8adc7f9000 ---p 00000000 00:00 0 
7f8adc7f9000-7f8adc8f9000 rw-p 00000000 00:00 0 
7f8adc8f9000-7f8adc8fc000 ---p 00000000 00:00 0 
7f8adc8fc000-7f8adc9fa000 rw-p 00000000 00:00 0 
7f8adc9fa000-7f8adc9fb000 ---p 00000000 00:00 0 
7f8adc9fb000-7f8adc9fe000 ---p 00000000 00:00 0 
7f8adc9fe000-7f8adcafb000 rw-p 00000000 00:00 0 
7f8adcafb000-7f8adcafc000 ---p 00000000 00:00 0 
7f8adcafc000-7f8adcaff000 ---p 00000000 00:00 0 
7f8adcaff000-7f8adcbfc000 rw-p 00000000 00:00 0 
7f8adcbfc000-7f8adcbfd000 ---p 00000000 00:00 0 
7f8adcbfd000-7f8adcc00000 ---p 00000000 00:00 0 
7f8adcc00000-7f8adccfd000 rw-p 00000000 00:00 0 
7f8adccfd000-7f8adcd00000 ---p 00000000 00:00 0 
7f8adcd00000-7f8adcdfe000 rw-p 00000000 00:00 0 
7f8adcdfe000-7f8add7cd000 r--p 00000000 08:02 400048                     /usr/lib/locale/locale-archive
7f8add7cd000-7f8add7d0000 ---p 00000000 00:00 0 
7f8add7d0000-7f8add8ce000 rw-p 00000000 00:00 0 
7f8add8ce000-7f8add8d1000 ---p 00000000 00:00 0 
7f8add8d1000-7f8add9cf000 rw-p 00000000 00:00 0 
7f8add9cf000-7f8add9d0000 ---p 00000000 00:00 0 
7f8add9d0000-7f8adead2000 rw-p 00000000 00:00 0 
7f8adead2000-7f8adeca2000 r--s 03c68000 08:02 1970909                    /usr/lib/jvm/java-8-openjdk-amd64/jre/lib/rt.jar
7f8adeca2000-7f8adfa71000 rw-p 00000000 00:00 0 
7f8adfa71000-7f8adfa72000 ---p 00000000 00:00 0 
7f8adfa72000-7f8adfb72000 rw-p 00000000 00:00 0 
7f8adfb72000-7f8adfb73000 ---p 00000000 00:00 0 
7f8adfb73000-7f8adfc73000 rw-p 00000000 00:00 0 
7f8adfc73000-7f8adfc74000 ---p 00000000 00:00 0 
7f8adfc74000-7f8adfd74000 rw-p 00000000 00:00 0 
7f8adfd74000-7f8adfd75000 ---p 00000000 00:00 0 
7f8adfd75000-7f8adfee4000 rw-p 00000000 00:00 0 
7f8adfee4000-7f8ae0255000 ---p 00000000 00:00 0 
7f8ae0255000-7f8ae02c4000 rw-p 00000000 00:00 0 
7f8ae02c4000-7f8ae0634000 ---p 00000000 00:00 0 
7f8ae0634000-7f8ae07e2000 rw-p 00000000 00:00 0 
7f8ae07e2000-7f8ae0824000 ---p 00000000 00:00 0 
7f8ae0824000-7f8ae0897000 rw-p 00000000 00:00 0 
7f8ae0897000-7f8ae0be5000 ---p 00000000 00:00 0 
7f8ae0be5000-7f8ae2835000 rwxp 00000000 00:00 0 
7f8ae2835000-7f8aefbe5000 ---p 00000000 00:00 0 
7f8aefbe5000-7f8aefbed000 r-xp 00000000 08:02 1968329                    /usr/lib/jvm/java-8-openjdk-amd64/jre/lib/amd64/libzip.so
7f8aefbed000-7f8aefdec000 ---p 00008000 08:02 1968329                    /usr/lib/jvm/java-8-openjdk-amd64/jre/lib/amd64/libzip.so
7f8aefdec000-7f8aefded000 r--p 00007000 08:02 1968329                    /usr/lib/jvm/java-8-openjdk-amd64/jre/lib/amd64/libzip.so
7f8aefded000-7f8aefdee000 rw-p 00008000 08:02 1968329                    /usr/lib/jvm/java-8-openjdk-amd64/jre/lib/amd64/libzip.so
7f8aefdee000-7f8aefdf9000 r-xp 00000000 08:02 12325649                   /lib/x86_64-linux-gnu/libnss_files-2.27.so
7f8aefdf9000-7f8aefff8000 ---p 0000b000 08:02 12325649                   /lib/x86_64-linux-gnu/libnss_files-2.27.so
7f8aefff8000-7f8aefff9000 r--p 0000a000 08:02 12325649                   /lib/x86_64-linux-gnu/libnss_files-2.27.so
7f8aefff9000-7f8aefffa000 rw-p 0000b000 08:02 12325649                   /lib/x86_64-linux-gnu/libnss_files-2.27.so
7f8aefffa000-7f8af0000000 rw-p 00000000 00:00 0 
7f8af0000000-7f8af17e4000 rw-p 00000000 00:00 0 
7f8af17e4000-7f8af4000000 ---p 00000000 00:00 0 
7f8af4000000-7f8af4002000 r--s 0000c000 08:02 4326677                    /home/alb/netbeans-8.2/java/maven/lib/maven-aether-provider-3.0.5.jar
7f8af4002000-7f8af4004000 r--s 0000a000 08:02 4326747                    /home/alb/netbeans-8.2/java/maven/boot/plexus-classworlds-2.4.jar
7f8af4004000-7f8af4007000 r--s 0000f000 08:02 1970881                    /usr/lib/jvm/java-8-openjdk-amd64/jre/lib/ext/icedtea-sound.jar
7f8af4007000-7f8af4009000 r--s 00001000 08:02 1970880                    /usr/lib/jvm/java-8-openjdk-amd64/jre/lib/ext/dnsns.jar
7f8af4009000-7f8af407f000 rw-p 00000000 00:00 0 
7f8af407f000-7f8af4096000 r-xp 00000000 08:02 12325643                   /lib/x86_64-linux-gnu/libnsl-2.27.so
7f8af4096000-7f8af4295000 ---p 00017000 08:02 12325643                   /lib/x86_64-linux-gnu/libnsl-2.27.so
7f8af4295000-7f8af4296000 r--p 00016000 08:02 12325643                   /lib/x86_64-linux-gnu/libnsl-2.27.so
7f8af4296000-7f8af4297000 rw-p 00017000 08:02 12325643                   /lib/x86_64-linux-gnu/libnsl-2.27.so
7f8af4297000-7f8af4299000 rw-p 00000000 00:00 0 
7f8af4299000-7f8af42a4000 r-xp 00000000 08:02 12325660                   /lib/x86_64-linux-gnu/libnss_nis-2.27.so
7f8af42a4000-7f8af44a3000 ---p 0000b000 08:02 12325660                   /lib/x86_64-linux-gnu/libnss_nis-2.27.so
7f8af44a3000-7f8af44a4000 r--p 0000a000 08:02 12325660                   /lib/x86_64-linux-gnu/libnss_nis-2.27.so
7f8af44a4000-7f8af44a5000 rw-p 0000b000 08:02 12325660                   /lib/x86_64-linux-gnu/libnss_nis-2.27.so
7f8af44a5000-7f8af44ad000 r-xp 00000000 08:02 12325645                   /lib/x86_64-linux-gnu/libnss_compat-2.27.so
7f8af44ad000-7f8af46ad000 ---p 00008000 08:02 12325645                   /lib/x86_64-linux-gnu/libnss_compat-2.27.so
7f8af46ad000-7f8af46ae000 r--p 00008000 08:02 12325645                   /lib/x86_64-linux-gnu/libnss_compat-2.27.so
7f8af46ae000-7f8af46af000 rw-p 00009000 08:02 12325645                   /lib/x86_64-linux-gnu/libnss_compat-2.27.so
7f8af46af000-7f8af46d9000 r-xp 00000000 08:02 1967640                    /usr/lib/jvm/java-8-openjdk-amd64/jre/lib/amd64/libjava.so
7f8af46d9000-7f8af48d8000 ---p 0002a000 08:02 1967640                    /usr/lib/jvm/java-8-openjdk-amd64/jre/lib/amd64/libjava.so
7f8af48d8000-7f8af48d9000 r--p 00029000 08:02 1967640                    /usr/lib/jvm/java-8-openjdk-amd64/jre/lib/amd64/libjava.so
7f8af48d9000-7f8af48db000 rw-p 0002a000 08:02 1967640                    /usr/lib/jvm/java-8-openjdk-amd64/jre/lib/amd64/libjava.so
7f8af48db000-7f8af48eb000 r-xp 00000000 08:02 1968257                    /usr/lib/jvm/java-8-openjdk-amd64/jre/lib/amd64/libverify.so
7f8af48eb000-7f8af4aea000 ---p 00010000 08:02 1968257                    /usr/lib/jvm/java-8-openjdk-amd64/jre/lib/amd64/libverify.so
7f8af4aea000-7f8af4aec000 r--p 0000f000 08:02 1968257                    /usr/lib/jvm/java-8-openjdk-amd64/jre/lib/amd64/libverify.so
7f8af4aec000-7f8af4aed000 rw-p 00011000 08:02 1968257                    /usr/lib/jvm/java-8-openjdk-amd64/jre/lib/amd64/libverify.so
7f8af4aed000-7f8af4af4000 r-xp 00000000 08:02 12325700                   /lib/x86_64-linux-gnu/librt-2.27.so
7f8af4af4000-7f8af4cf3000 ---p 00007000 08:02 12325700                   /lib/x86_64-linux-gnu/librt-2.27.so
7f8af4cf3000-7f8af4cf4000 r--p 00006000 08:02 12325700                   /lib/x86_64-linux-gnu/librt-2.27.so
7f8af4cf4000-7f8af4cf5000 rw-p 00007000 08:02 12325700                   /lib/x86_64-linux-gnu/librt-2.27.so
7f8af4cf5000-7f8af4d0c000 r-xp 00000000 08:02 12320862                   /lib/x86_64-linux-gnu/libgcc_s.so.1
7f8af4d0c000-7f8af4f0b000 ---p 00017000 08:02 12320862                   /lib/x86_64-linux-gnu/libgcc_s.so.1
7f8af4f0b000-7f8af4f0c000 r--p 00016000 08:02 12320862                   /lib/x86_64-linux-gnu/libgcc_s.so.1
7f8af4f0c000-7f8af4f0d000 rw-p 00017000 08:02 12320862                   /lib/x86_64-linux-gnu/libgcc_s.so.1
7f8af4f0d000-7f8af50aa000 r-xp 00000000 08:02 12325622                   /lib/x86_64-linux-gnu/libm-2.27.so
7f8af50aa000-7f8af52a9000 ---p 0019d000 08:02 12325622                   /lib/x86_64-linux-gnu/libm-2.27.so
7f8af52a9000-7f8af52aa000 r--p 0019c000 08:02 12325622                   /lib/x86_64-linux-gnu/libm-2.27.so
7f8af52aa000-7f8af52ab000 rw-p 0019d000 08:02 12325622                   /lib/x86_64-linux-gnu/libm-2.27.so
7f8af52ab000-7f8af5424000 r-xp 00000000 08:02 393288                     /usr/lib/x86_64-linux-gnu/libstdc++.so.6.0.25
7f8af5424000-7f8af5624000 ---p 00179000 08:02 393288                     /usr/lib/x86_64-linux-gnu/libstdc++.so.6.0.25
7f8af5624000-7f8af562e000 r--p 00179000 08:02 393288                     /usr/lib/x86_64-linux-gnu/libstdc++.so.6.0.25
7f8af562e000-7f8af5630000 rw-p 00183000 08:02 393288                     /usr/lib/x86_64-linux-gnu/libstdc++.so.6.0.25
7f8af5630000-7f8af5634000 rw-p 00000000 00:00 0 
7f8af5634000-7f8af62d7000 r-xp 00000000 08:02 1970868                    /usr/lib/jvm/java-8-openjdk-amd64/jre/lib/amd64/server/libjvm.so
7f8af62d7000-7f8af64d7000 ---p 00ca3000 08:02 1970868                    /usr/lib/jvm/java-8-openjdk-amd64/jre/lib/amd64/server/libjvm.so
7f8af64d7000-7f8af656b000 r--p 00ca3000 08:02 1970868                    /usr/lib/jvm/java-8-openjdk-amd64/jre/lib/amd64/server/libjvm.so
7f8af656b000-7f8af6594000 rw-p 00d37000 08:02 1970868                    /usr/lib/jvm/java-8-openjdk-amd64/jre/lib/amd64/server/libjvm.so
7f8af6594000-7f8af65c4000 rw-p 00000000 00:00 0 
7f8af65c4000-7f8af65de000 r-xp 00000000 08:02 12325692                   /lib/x86_64-linux-gnu/libpthread-2.27.so
7f8af65de000-7f8af67dd000 ---p 0001a000 08:02 12325692                   /lib/x86_64-linux-gnu/libpthread-2.27.so
7f8af67dd000-7f8af67de000 r--p 00019000 08:02 12325692                   /lib/x86_64-linux-gnu/libpthread-2.27.so
7f8af67de000-7f8af67df000 rw-p 0001a000 08:02 12325692                   /lib/x86_64-linux-gnu/libpthread-2.27.so
7f8af67df000-7f8af67e3000 rw-p 00000000 00:00 0 
7f8af67e3000-7f8af67e6000 r-xp 00000000 08:02 12325582                   /lib/x86_64-linux-gnu/libdl-2.27.so
7f8af67e6000-7f8af69e5000 ---p 00003000 08:02 12325582                   /lib/x86_64-linux-gnu/libdl-2.27.so
7f8af69e5000-7f8af69e6000 r--p 00002000 08:02 12325582                   /lib/x86_64-linux-gnu/libdl-2.27.so
7f8af69e6000-7f8af69e7000 rw-p 00003000 08:02 12325582                   /lib/x86_64-linux-gnu/libdl-2.27.so
7f8af69e7000-7f8af6a03000 r-xp 00000000 08:02 12325731                   /lib/x86_64-linux-gnu/libz.so.1.2.11
7f8af6a03000-7f8af6c02000 ---p 0001c000 08:02 12325731                   /lib/x86_64-linux-gnu/libz.so.1.2.11
7f8af6c02000-7f8af6c03000 r--p 0001b000 08:02 12325731                   /lib/x86_64-linux-gnu/libz.so.1.2.11
7f8af6c03000-7f8af6c04000 rw-p 0001c000 08:02 12325731                   /lib/x86_64-linux-gnu/libz.so.1.2.11
7f8af6c04000-7f8af6deb000 r-xp 00000000 08:02 12325559                   /lib/x86_64-linux-gnu/libc-2.27.so
7f8af6deb000-7f8af6feb000 ---p 001e7000 08:02 12325559                   /lib/x86_64-linux-gnu/libc-2.27.so
7f8af6feb000-7f8af6fef000 r--p 001e7000 08:02 12325559                   /lib/x86_64-linux-gnu/libc-2.27.so
7f8af6fef000-7f8af6ff1000 rw-p 001eb000 08:02 12325559                   /lib/x86_64-linux-gnu/libc-2.27.so
7f8af6ff1000-7f8af6ff5000 rw-p 00000000 00:00 0 
7f8af6ff5000-7f8af7003000 r-xp 00000000 08:02 1967616                    /usr/lib/jvm/java-8-openjdk-amd64/jre/lib/amd64/jli/libjli.so
7f8af7003000-7f8af7202000 ---p 0000e000 08:02 1967616                    /usr/lib/jvm/java-8-openjdk-amd64/jre/lib/amd64/jli/libjli.so
7f8af7202000-7f8af7203000 r--p 0000d000 08:02 1967616                    /usr/lib/jvm/java-8-openjdk-amd64/jre/lib/amd64/jli/libjli.so
7f8af7203000-7f8af7204000 rw-p 0000e000 08:02 1967616                    /usr/lib/jvm/java-8-openjdk-amd64/jre/lib/amd64/jli/libjli.so
7f8af7204000-7f8af722b000 r-xp 00000000 08:02 12325531                   /lib/x86_64-linux-gnu/ld-2.27.so
7f8af722b000-7f8af722c000 r--s 0000d000 08:02 1970885                    /usr/lib/jvm/java-8-openjdk-amd64/jre/lib/ext/sunec.jar
7f8af722c000-7f8af7247000 r--s 001d6000 08:02 1970884                    /usr/lib/jvm/java-8-openjdk-amd64/jre/lib/ext/nashorn.jar
7f8af7247000-7f8af7305000 rw-p 00000000 00:00 0 
7f8af7305000-7f8af7306000 ---p 00000000 00:00 0 
7f8af7306000-7f8af7309000 ---p 00000000 00:00 0 
7f8af7309000-7f8af7408000 rw-p 00000000 00:00 0 
7f8af7408000-7f8af740d000 r--s 0003d000 08:02 1970886                    /usr/lib/jvm/java-8-openjdk-amd64/jre/lib/ext/sunjce_provider.jar
7f8af740d000-7f8af740f000 r--s 00007000 08:02 788204                     /usr/share/java/java-atk-wrapper.jar
7f8af740f000-7f8af7410000 r--s 00010000 08:02 1970888                    /usr/lib/jvm/java-8-openjdk-amd64/jre/lib/ext/zipfs.jar
7f8af7410000-7f8af7414000 r--s 0003a000 08:02 1970887                    /usr/lib/jvm/java-8-openjdk-amd64/jre/lib/ext/sunpkcs11.jar
7f8af7414000-7f8af7415000 r--s 0000a000 08:02 1970882                    /usr/lib/jvm/java-8-openjdk-amd64/jre/lib/ext/jaccess.jar
7f8af7415000-7f8af741f000 r--s 00116000 08:02 1970883                    /usr/lib/jvm/java-8-openjdk-amd64/jre/lib/ext/localedata.jar
7f8af741f000-7f8af7427000 rw-s 00000000 08:02 9177776                    /tmp/hsperfdata_alb/4329
7f8af7427000-7f8af7428000 rw-p 00000000 00:00 0 
7f8af7428000-7f8af7429000 ---p 00000000 00:00 0 
7f8af7429000-7f8af742b000 rw-p 00000000 00:00 0 
7f8af742b000-7f8af742c000 r--p 00027000 08:02 12325531                   /lib/x86_64-linux-gnu/ld-2.27.so
7f8af742c000-7f8af742d000 rw-p 00028000 08:02 12325531                   /lib/x86_64-linux-gnu/ld-2.27.so
7f8af742d000-7f8af742e000 rw-p 00000000 00:00 0 
7ffeaa432000-7ffeaa453000 rw-p 00000000 00:00 0                          [stack]
7ffeaa5ba000-7ffeaa5bd000 r--p 00000000 00:00 0                          [vvar]
7ffeaa5bd000-7ffeaa5bf000 r-xp 00000000 00:00 0                          [vdso]
ffffffffff600000-ffffffffff601000 r-xp 00000000 00:00 0                  [vsyscall]

VM Arguments:
jvm_args: -Dclassworlds.conf=/home/alb/netbeans-8.2/java/maven/bin/m2.conf -Dmaven.home=/home/alb/netbeans-8.2/java/maven 
java_command: org.codehaus.plexus.classworlds.launcher.Launcher -Dmaven.ext.class.path=/home/alb/netbeans-8.2/java/maven-nblib/netbeans-eventspy.jar:/home/alb/netbeans-8.2/java/maven-nblib/netbeans-cos.jar spring-boot:run
java_class_path (initial): /home/alb/netbeans-8.2/java/maven/boot/plexus-classworlds-2.4.jar
Launcher Type: SUN_STANDARD

Environment Variables:
JAVA_HOME=/usr/lib/jvm/java-8-openjdk-amd64
PATH=/usr/local/sbin:/usr/local/bin:/usr/sbin:/usr/bin:/sbin:/bin:/usr/games:/usr/local/games:/snap/bin
USERNAME=alb
LD_LIBRARY_PATH=/usr/lib/jvm/java-8-openjdk-amd64/jre/lib/amd64:/usr/lib/jvm/java-8-openjdk-amd64/jre/lib/i386:
SHELL=/bin/bash
DISPLAY=:0

Signal Handlers:
SIGSEGV: [libjvm.so+0xabc3b0], sa_mask[0]=11111111011111111101111111111110, sa_flags=SA_RESTART|SA_SIGINFO
SIGBUS: [libjvm.so+0xabc3b0], sa_mask[0]=11111111011111111101111111111110, sa_flags=SA_RESTART|SA_SIGINFO
SIGFPE: [libjvm.so+0x8f0bb0], sa_mask[0]=11111111011111111101111111111110, sa_flags=SA_RESTART|SA_SIGINFO
SIGPIPE: [libjvm.so+0x8f0bb0], sa_mask[0]=11111111011111111101111111111110, sa_flags=SA_RESTART|SA_SIGINFO
SIGXFSZ: [libjvm.so+0x8f0bb0], sa_mask[0]=11111111011111111101111111111110, sa_flags=SA_RESTART|SA_SIGINFO
SIGILL: [libjvm.so+0x8f0bb0], sa_mask[0]=11111111011111111101111111111110, sa_flags=SA_RESTART|SA_SIGINFO
SIGUSR1: SIG_DFL, sa_mask[0]=00000000000000000000000000000000, sa_flags=none
SIGUSR2: [libjvm.so+0x8f0a60], sa_mask[0]=00100000000000000000000000000000, sa_flags=SA_RESTART|SA_SIGINFO
SIGHUP: [libjvm.so+0x8f10d0], sa_mask[0]=11111111011111111101111111111110, sa_flags=SA_RESTART|SA_SIGINFO
SIGINT: SIG_IGN, sa_mask[0]=00000000000000000000000000000000, sa_flags=none
SIGTERM: [libjvm.so+0x8f10d0], sa_mask[0]=11111111011111111101111111111110, sa_flags=SA_RESTART|SA_SIGINFO
SIGQUIT: [libjvm.so+0x8f10d0], sa_mask[0]=11111111011111111101111111111110, sa_flags=SA_RESTART|SA_SIGINFO


---------------  S Y S T E M  ---------------

OS:DISTRIB_ID=Ubuntu
DISTRIB_RELEASE=18.04
DISTRIB_CODENAME=bionic
DISTRIB_DESCRIPTION="Ubuntu 18.04.3 LTS"

uname:Linux 4.15.0-88-generic #88-Ubuntu SMP Tue Feb 11 20:11:34 UTC 2020 x86_64
libc:glibc 2.27 NPTL 2.27 
rlimit: STACK 8192k, CORE 0k, NPROC 47153, NOFILE 1048576, AS infinity
load average:4,29 1,80 1,40

/proc/meminfo:
MemTotal:       12177232 kB
MemFree:          148060 kB
MemAvailable:      67072 kB
Buffers:            1296 kB
Cached:           731684 kB
SwapCached:         1576 kB
Active:         10488728 kB
Inactive:        1067404 kB
Active(anon):   10472040 kB
Inactive(anon):  1039276 kB
Active(file):      16688 kB
Inactive(file):    28128 kB
Unevictable:          64 kB
Mlocked:              64 kB
SwapTotal:       2097148 kB
SwapFree:              4 kB
Dirty:               704 kB
Writeback:             0 kB
AnonPages:      10822156 kB
Mapped:           379312 kB
Shmem:            687904 kB
Slab:             200952 kB
SReclaimable:     105296 kB
SUnreclaim:        95656 kB
KernelStack:       24608 kB
PageTables:       119212 kB
NFS_Unstable:          0 kB
Bounce:                0 kB
WritebackTmp:          0 kB
CommitLimit:     8185764 kB
Committed_AS:   24370340 kB
VmallocTotal:   34359738367 kB
VmallocUsed:           0 kB
VmallocChunk:          0 kB
HardwareCorrupted:     0 kB
AnonHugePages:      4096 kB
ShmemHugePages:        0 kB
ShmemPmdMapped:        0 kB
CmaTotal:              0 kB
CmaFree:               0 kB
HugePages_Total:       0
HugePages_Free:        0
HugePages_Rsvd:        0
HugePages_Surp:        0
Hugepagesize:       2048 kB
DirectMap4k:      527776 kB
DirectMap2M:    11935744 kB
DirectMap1G:           0 kB

container (cgroup) information:
container_type: cgroupv1
cpu_cpuset_cpus: 0-3
cpu_memory_nodes: 0
active_processor_count: 4
cpu_quota: -1
cpu_period: 100000
cpu_shares: -1
memory_limit_in_bytes: -1
memory_and_swap_limit_in_bytes: -2
memory_soft_limit_in_bytes: -1
memory_usage_in_bytes: 11835047936
memory_max_usage_in_bytes: 31584256


CPU:total 4 (initial active 4) (2 cores per cpu, 2 threads per core) family 6 model 142 stepping 9, cmov, cx8, fxsr, mmx, sse, sse2, sse3, ssse3, sse4.1, sse4.2, popcnt, avx, avx2, aes, clmul, erms, 3dnowpref, lzcnt, ht, tsc, tscinvbit, bmi1, bmi2, adx

/proc/cpuinfo:
processor	: 0
vendor_id	: GenuineIntel
cpu family	: 6
model		: 142
model name	: Intel(R) Core(TM) i7-7500U CPU @ 2.70GHz
stepping	: 9
microcode	: 0xca
cpu MHz		: 817.206
cache size	: 4096 KB
physical id	: 0
siblings	: 4
core id		: 0
cpu cores	: 2
apicid		: 0
initial apicid	: 0
fpu		: yes
fpu_exception	: yes
cpuid level	: 22
wp		: yes
flags		: fpu vme de pse tsc msr pae mce cx8 apic sep mtrr pge mca cmov pat pse36 clflush dts acpi mmx fxsr sse sse2 ss ht tm pbe syscall nx pdpe1gb rdtscp lm constant_tsc art arch_perfmon pebs bts rep_good nopl xtopology nonstop_tsc cpuid aperfmperf tsc_known_freq pni pclmulqdq dtes64 monitor ds_cpl vmx est tm2 ssse3 sdbg fma cx16 xtpr pdcm pcid sse4_1 sse4_2 x2apic movbe popcnt tsc_deadline_timer aes xsave avx f16c rdrand lahf_lm abm 3dnowprefetch cpuid_fault epb invpcid_single pti ssbd ibrs ibpb stibp tpr_shadow vnmi flexpriority ept vpid fsgsbase tsc_adjust bmi1 avx2 smep bmi2 erms invpcid mpx rdseed adx smap clflushopt intel_pt xsaveopt xsavec xgetbv1 xsaves dtherm ida arat pln pts hwp hwp_notify hwp_act_window hwp_epp md_clear flush_l1d
bugs		: cpu_meltdown spectre_v1 spectre_v2 spec_store_bypass l1tf mds swapgs itlb_multihit
bogomips	: 5808.00
clflush size	: 64
cache_alignment	: 64
address sizes	: 39 bits physical, 48 bits virtual
power management:

processor	: 1
vendor_id	: GenuineIntel
cpu family	: 6
model		: 142
model name	: Intel(R) Core(TM) i7-7500U CPU @ 2.70GHz
stepping	: 9
microcode	: 0xca
cpu MHz		: 832.753
cache size	: 4096 KB
physical id	: 0
siblings	: 4
core id		: 1
cpu cores	: 2
apicid		: 2
initial apicid	: 2
fpu		: yes
fpu_exception	: yes
cpuid level	: 22
wp		: yes
flags		: fpu vme de pse tsc msr pae mce cx8 apic sep mtrr pge mca cmov pat pse36 clflush dts acpi mmx fxsr sse sse2 ss ht tm pbe syscall nx pdpe1gb rdtscp lm constant_tsc art arch_perfmon pebs bts rep_good nopl xtopology nonstop_tsc cpuid aperfmperf tsc_known_freq pni pclmulqdq dtes64 monitor ds_cpl vmx est tm2 ssse3 sdbg fma cx16 xtpr pdcm pcid sse4_1 sse4_2 x2apic movbe popcnt tsc_deadline_timer aes xsave avx f16c rdrand lahf_lm abm 3dnowprefetch cpuid_fault epb invpcid_single pti tpr_shadow vnmi flexpriority ept vpid fsgsbase tsc_adjust bmi1 avx2 smep bmi2 erms invpcid mpx rdseed adx smap clflushopt intel_pt xsaveopt xsavec xgetbv1 xsaves dtherm ida arat pln pts hwp hwp_notify hwp_act_window hwp_epp
bugs		: cpu_meltdown spectre_v1 spectre_v2 spec_store_bypass l1tf mds swapgs itlb_multihit
bogomips	: 5808.00
clflush size	: 64
cache_alignment	: 64
address sizes	: 39 bits physical, 48 bits virtual
power management:

processor	: 2
vendor_id	: GenuineIntel
cpu family	: 6
model		: 142
model name	: Intel(R) Core(TM) i7-7500U CPU @ 2.70GHz
stepping	: 9
microcode	: 0xca
cpu MHz		: 825.629
cache size	: 4096 KB
physical id	: 0
siblings	: 4
core id		: 0
cpu cores	: 2
apicid		: 1
initial apicid	: 1
fpu		: yes
fpu_exception	: yes
cpuid level	: 22
wp		: yes
flags		: fpu vme de pse tsc msr pae mce cx8 apic sep mtrr pge mca cmov pat pse36 clflush dts acpi mmx fxsr sse sse2 ss ht tm pbe syscall nx pdpe1gb rdtscp lm constant_tsc art arch_perfmon pebs bts rep_good nopl xtopology nonstop_tsc cpuid aperfmperf tsc_known_freq pni pclmulqdq dtes64 monitor ds_cpl vmx est tm2 ssse3 sdbg fma cx16 xtpr pdcm pcid sse4_1 sse4_2 x2apic movbe popcnt tsc_deadline_timer aes xsave avx f16c rdrand lahf_lm abm 3dnowprefetch cpuid_fault epb invpcid_single pti ssbd ibrs ibpb stibp tpr_shadow vnmi flexpriority ept vpid fsgsbase tsc_adjust bmi1 avx2 smep bmi2 erms invpcid mpx rdseed adx smap clflushopt intel_pt xsaveopt xsavec xgetbv1 xsaves dtherm ida arat pln pts hwp hwp_notify hwp_act_window hwp_epp md_clear flush_l1d
bugs		: cpu_meltdown spectre_v1 spectre_v2 spec_store_bypass l1tf mds swapgs itlb_multihit
bogomips	: 5808.00
clflush size	: 64
cache_alignment	: 64
address sizes	: 39 bits physical, 48 bits virtual
power management:

processor	: 3
vendor_id	: GenuineIntel
cpu family	: 6
model		: 142
model name	: Intel(R) Core(TM) i7-7500U CPU @ 2.70GHz
stepping	: 9
microcode	: 0xca
cpu MHz		: 813.177
cache size	: 4096 KB
physical id	: 0
siblings	: 4
core id		: 1
cpu cores	: 2
apicid		: 3
initial apicid	: 3
fpu		: yes
fpu_exception	: yes
cpuid level	: 22
wp		: yes
flags		: fpu vme de pse tsc msr pae mce cx8 apic sep mtrr pge mca cmov pat pse36 clflush dts acpi mmx fxsr sse sse2 ss ht tm pbe syscall nx pdpe1gb rdtscp lm constant_tsc art arch_perfmon pebs bts rep_good nopl xtopology nonstop_tsc cpuid aperfmperf tsc_known_freq pni pclmulqdq dtes64 monitor ds_cpl vmx est tm2 ssse3 sdbg fma cx16 xtpr pdcm pcid sse4_1 sse4_2 x2apic movbe popcnt tsc_deadline_timer aes xsave avx f16c rdrand lahf_lm abm 3dnowprefetch cpuid_fault epb invpcid_single pti ssbd ibrs ibpb stibp tpr_shadow vnmi flexpriority ept vpid fsgsbase tsc_adjust bmi1 avx2 smep bmi2 erms invpcid mpx rdseed adx smap clflushopt intel_pt xsaveopt xsavec xgetbv1 xsaves dtherm ida arat pln pts hwp hwp_notify hwp_act_window hwp_epp md_clear flush_l1d
bugs		: cpu_meltdown spectre_v1 spectre_v2 spec_store_bypass l1tf mds swapgs itlb_multihit
bogomips	: 5808.00
clflush size	: 64
cache_alignment	: 64
address sizes	: 39 bits physical, 48 bits virtual
power management:



Memory: 4k page, physical 12177232k(143472k free), swap 2097148k(4k free)

vm_info: OpenJDK 64-Bit Server VM (25.242-b08) for linux-amd64 JRE (1.8.0_242-8u242-b08-0ubuntu3~18.04-b08), built on Jan 17 2020 23:41:21 by "buildd" with gcc 7.4.0

time: Wed Feb 26 10:06:05 2020
timezone: -05
elapsed time: 37 seconds (0d 0h 0m 37s)

